   1               		.file	"ym68.c"
   2               	__SP_H__ = 0x3e
   3               	__SP_L__ = 0x3d
   4               	__SREG__ = 0x3f
   5               	__tmp_reg__ = 0
   6               	__zero_reg__ = 1
   7               		.text
   8               	.Ltext0:
   9               		.cfi_sections	.debug_frame
  10               	.Letext0:
  11               		.file 1 "e:\\game\\msys2\\mingw64\\avr\\include\\stdint.h"
  12               		.file 2 "e:\\game\\msys2\\mingw64\\lib\\gcc\\avr\\8.4.0\\include\\stddef.h"
  13               		.file 3 "tmk_core/common/report.h"
  14               		.file 4 "tmk_core/common/action.h"
  15               		.file 5 "tmk_core/common/host.h"
  16               		.file 6 "tmk_core/common/debug.h"
  17               		.file 7 "quantum/keycode_config.h"
  18               		.file 8 "tmk_core/common/timer.h"
  19               		.file 9 "quantum/sequencer/sequencer.h"
  20               		.file 10 "quantum/keymap.h"
  21               		.file 11 "./quantum/color.h"
  22               		.file 12 "quantum/rgblight.h"
  23               		.file 13 "tmk_core/common/action_layer.h"
  24               		.file 14 "tmk_core/common/action_util.h"
  25               		.file 15 "quantum/send_string.h"
  26               		.file 16 "e:\\game\\msys2\\mingw64\\avr\\include\\stdlib.h"
DEFINED SYMBOLS
                            *ABS*:0000000000000000 ym68.c
C:\Users\Roningo\AppData\Local\Temp\ccchdBEm.s:2      *ABS*:000000000000003e __SP_H__
C:\Users\Roningo\AppData\Local\Temp\ccchdBEm.s:3      *ABS*:000000000000003d __SP_L__
C:\Users\Roningo\AppData\Local\Temp\ccchdBEm.s:4      *ABS*:000000000000003f __SREG__
C:\Users\Roningo\AppData\Local\Temp\ccchdBEm.s:5      *ABS*:0000000000000000 __tmp_reg__
C:\Users\Roningo\AppData\Local\Temp\ccchdBEm.s:6      *ABS*:0000000000000001 __zero_reg__

NO UNDEFINED SYMBOLS
