Archive member included to satisfy reference by file (symbol)

e:/game/msys2/mingw64/bin/../lib/gcc/avr/8.4.0/avr5\libgcc.a(_udivmodqi4.o)
                              .build/obj_5x12_via/lufa.o (__udivmodqi4)
e:/game/msys2/mingw64/bin/../lib/gcc/avr/8.4.0/avr5\libgcc.a(_divmodhi4.o)
                              .build/obj_5x12_via/quantum/mousekey.o (__divmodhi4)
e:/game/msys2/mingw64/bin/../lib/gcc/avr/8.4.0/avr5\libgcc.a(_exit.o)
                              e:/game/msys2/mingw64/bin/../lib/gcc/avr/8.4.0/../../../../avr/lib/avr5/crtatmega32u4.o (exit)
e:/game/msys2/mingw64/bin/../lib/gcc/avr/8.4.0/avr5\libgcc.a(_tablejump2.o)
                              .build/obj_5x12_via/quantum/via.o (__tablejump2__)
e:/game/msys2/mingw64/bin/../lib/gcc/avr/8.4.0/avr5\libgcc.a(_copy_data.o)
                              .build/obj_5x12_via/quantum/keymap_common.o (__do_copy_data)
e:/game/msys2/mingw64/bin/../lib/gcc/avr/8.4.0/avr5\libgcc.a(_clear_bss.o)
                              .build/obj_5x12_via/quantum/bootmagic/magic.o (__do_clear_bss)
e:/game/msys2/mingw64/bin/../lib/gcc/avr/8.4.0/avr5\libgcc.a(_bswapsi2.o)
                              .build/obj_5x12_via/quantum/via.o (__bswapsi2)
e:/game/msys2/mingw64/bin/../lib/gcc/avr/8.4.0/avr5\libgcc.a(_udivmodhi4.o)
                              e:/game/msys2/mingw64/bin/../lib/gcc/avr/8.4.0/avr5\libgcc.a(_divmodhi4.o) (__udivmodhi4)
e:/game/msys2/mingw64/bin/../lib/gcc/avr/8.4.0/../../../../avr/lib/avr5\libatmega32u4.a(eerd_byte.o)
                              .build/obj_5x12_via/quantum/via.o (eeprom_read_byte)
e:/game/msys2/mingw64/bin/../lib/gcc/avr/8.4.0/../../../../avr/lib/avr5\libatmega32u4.a(eerd_dword.o)
                              .build/obj_5x12_via/common/eeconfig.o (eeprom_read_dword)
e:/game/msys2/mingw64/bin/../lib/gcc/avr/8.4.0/../../../../avr/lib/avr5\libatmega32u4.a(eerd_word.o)
                              .build/obj_5x12_via/common/eeconfig.o (eeprom_read_word)
e:/game/msys2/mingw64/bin/../lib/gcc/avr/8.4.0/../../../../avr/lib/avr5\libatmega32u4.a(eeupd_byte.o)
                              .build/obj_5x12_via/quantum/via.o (eeprom_update_byte)
e:/game/msys2/mingw64/bin/../lib/gcc/avr/8.4.0/../../../../avr/lib/avr5\libatmega32u4.a(eeupd_dword.o)
                              .build/obj_5x12_via/common/eeconfig.o (eeprom_update_dword)
e:/game/msys2/mingw64/bin/../lib/gcc/avr/8.4.0/../../../../avr/lib/avr5\libatmega32u4.a(eeupd_word.o)
                              .build/obj_5x12_via/common/eeconfig.o (eeprom_update_word)
e:/game/msys2/mingw64/bin/../lib/gcc/avr/8.4.0/../../../../avr/lib/avr5\libatmega32u4.a(eerd_block.o)
                              e:/game/msys2/mingw64/bin/../lib/gcc/avr/8.4.0/../../../../avr/lib/avr5\libatmega32u4.a(eerd_dword.o) (eeprom_read_blraw)

Allocating common symbols
Common symbol       size              file

USB_IsInitialized   0x1               .build/obj_5x12_via/lib/lufa/LUFA/Drivers/USB/Core/USBTask.o
keymap_config       0x2               .build/obj_5x12_via/quantum/bootmagic/magic.o
USB_DeviceState     0x1               .build/obj_5x12_via/lib/lufa/LUFA/Drivers/USB/Core/USBTask.o
USB_Device_ConfigurationNumber
                    0x1               .build/obj_5x12_via/lib/lufa/LUFA/Drivers/USB/Core/DeviceStandardReq.o
raw_matrix          0xa               .build/obj_5x12_via/quantum/matrix_common.o
USB_Device_CurrentlySelfPowered
                    0x1               .build/obj_5x12_via/lib/lufa/LUFA/Drivers/USB/Core/DeviceStandardReq.o
matrix              0xa               .build/obj_5x12_via/quantum/matrix_common.o
USB_ControlRequest  0x8               .build/obj_5x12_via/lib/lufa/LUFA/Drivers/USB/Core/USBTask.o
tp_buttons          0x2               .build/obj_5x12_via/common/action.o
USB_Device_RemoteWakeupEnabled
                    0x1               .build/obj_5x12_via/lib/lufa/LUFA/Drivers/USB/Core/DeviceStandardReq.o
timer_count         0x4               .build/obj_5x12_via/common/avr/timer.o

Discarded input sections

 .data          0x0000000000000000        0x0 e:/game/msys2/mingw64/bin/../lib/gcc/avr/8.4.0/../../../../avr/lib/avr5/crtatmega32u4.o
 .bss           0x0000000000000000        0x0 e:/game/msys2/mingw64/bin/../lib/gcc/avr/8.4.0/../../../../avr/lib/avr5/crtatmega32u4.o
 .text          0x0000000000000000        0x0 .build/obj_5x12_via/keyboards/5x12/5x12.o
 .data          0x0000000000000000        0x0 .build/obj_5x12_via/keyboards/5x12/5x12.o
 .bss           0x0000000000000000        0x0 .build/obj_5x12_via/keyboards/5x12/5x12.o
 .debug_info    0x0000000000000000      0x5b6 .build/obj_5x12_via/keyboards/5x12/5x12.o
 .debug_abbrev  0x0000000000000000      0x126 .build/obj_5x12_via/keyboards/5x12/5x12.o
 .debug_aranges
                0x0000000000000000       0x18 .build/obj_5x12_via/keyboards/5x12/5x12.o
 .debug_line    0x0000000000000000      0x179 .build/obj_5x12_via/keyboards/5x12/5x12.o
 .debug_str     0x0000000000000000      0x579 .build/obj_5x12_via/keyboards/5x12/5x12.o
[...]
Memory Configuration

Name             Origin             Length             Attributes
text             0x0000000000000000 0x0000000000020000 xr
data             0x0000000000800060 0x000000000000ffa0 rw !x
eeprom           0x0000000000810000 0x0000000000010000 rw !x
fuse             0x0000000000820000 0x0000000000000400 rw !x
lock             0x0000000000830000 0x0000000000000400 rw !x
signature        0x0000000000840000 0x0000000000000400 rw !x
user_signatures  0x0000000000850000 0x0000000000000400 rw !x
*default*        0x0000000000000000 0xffffffffffffffff

Linker script and memory map

Address of section .data set to 0x800100
LOAD e:/game/msys2/mingw64/bin/../lib/gcc/avr/8.4.0/../../../../avr/lib/avr5/crtatmega32u4.o
LOAD .build/obj_5x12_via/keyboards/5x12/5x12.o
LOAD .build/obj_5x12_via/keyboards/5x12/keymaps/via/keymap.o
LOAD .build/obj_5x12_via/quantum/quantum.o
LOAD .build/obj_5x12_via/quantum/send_string.o
LOAD .build/obj_5x12_via/quantum/bitwise.o
LOAD .build/obj_5x12_via/quantum/led.o
LOAD .build/obj_5x12_via/quantum/keymap_common.o
LOAD .build/obj_5x12_via/quantum/keycode_config.o
LOAD .build/obj_5x12_via/quantum/bootmagic/bootmagic_lite.o
LOAD .build/obj_5x12_via/quantum/bootmagic/magic.o
LOAD .build/obj_5x12_via/quantum/matrix_common.o
LOAD .build/obj_5x12_via/quantum/matrix.o
LOAD .build/obj_5x12_via/quantum/debounce/sym_defer_g.o
LOAD .build/obj_5x12_via/quantum/command.o
LOAD .build/obj_5x12_via/quantum/mousekey.o
LOAD .build/obj_5x12_via/quantum/via.o
LOAD .build/obj_5x12_via/quantum/dynamic_keymap.o
LOAD .build/obj_5x12_via/quantum/process_keycode/process_space_cadet.o
LOAD .build/obj_5x12_via/quantum/process_keycode/process_magic.o
LOAD .build/obj_5x12_via/quantum/process_keycode/process_grave_esc.o
LOAD .build/obj_5x12_via/common/host.o
LOAD .build/obj_5x12_via/common/keyboard.o
LOAD .build/obj_5x12_via/common/action.o
LOAD .build/obj_5x12_via/common/action_tapping.o
LOAD .build/obj_5x12_via/common/action_macro.o
LOAD .build/obj_5x12_via/common/action_layer.o
LOAD .build/obj_5x12_via/common/action_util.o
LOAD .build/obj_5x12_via/common/debug.o
LOAD .build/obj_5x12_via/common/sendchar_null.o
LOAD .build/obj_5x12_via/common/eeconfig.o
LOAD .build/obj_5x12_via/common/report.o
LOAD .build/obj_5x12_via/common/usb_util.o
LOAD .build/obj_5x12_via/common/avr/suspend.o
LOAD .build/obj_5x12_via/common/avr/timer.o
LOAD .build/obj_5x12_via/common/sync_timer.o
LOAD .build/obj_5x12_via/common/avr/bootloader.o
LOAD .build/obj_5x12_via/common/avr/xprintf.o
LOAD .build/obj_5x12_via/common/avr/printf.o
LOAD .build/obj_5x12_via/lufa.o
LOAD .build/obj_5x12_via/usb_descriptor.o
LOAD .build/obj_5x12_via/lib/lufa/LUFA/Drivers/USB/Class/Common/HIDParser.o
LOAD .build/obj_5x12_via/lib/lufa/LUFA/Drivers/USB/Core/AVR8/Device_AVR8.o
LOAD .build/obj_5x12_via/lib/lufa/LUFA/Drivers/USB/Core/AVR8/EndpointStream_AVR8.o
LOAD .build/obj_5x12_via/lib/lufa/LUFA/Drivers/USB/Core/AVR8/Endpoint_AVR8.o
LOAD .build/obj_5x12_via/lib/lufa/LUFA/Drivers/USB/Core/AVR8/Host_AVR8.o
LOAD .build/obj_5x12_via/lib/lufa/LUFA/Drivers/USB/Core/AVR8/PipeStream_AVR8.o
LOAD .build/obj_5x12_via/lib/lufa/LUFA/Drivers/USB/Core/AVR8/Pipe_AVR8.o
LOAD .build/obj_5x12_via/lib/lufa/LUFA/Drivers/USB/Core/AVR8/USBController_AVR8.o
LOAD .build/obj_5x12_via/lib/lufa/LUFA/Drivers/USB/Core/AVR8/USBInterrupt_AVR8.o
LOAD .build/obj_5x12_via/lib/lufa/LUFA/Drivers/USB/Core/ConfigDescriptors.o
LOAD .build/obj_5x12_via/lib/lufa/LUFA/Drivers/USB/Core/DeviceStandardReq.o
LOAD .build/obj_5x12_via/lib/lufa/LUFA/Drivers/USB/Core/Events.o
LOAD .build/obj_5x12_via/lib/lufa/LUFA/Drivers/USB/Core/HostStandardReq.o
LOAD .build/obj_5x12_via/lib/lufa/LUFA/Drivers/USB/Core/USBTask.o
LOAD .build/obj_5x12_via/protocol/lufa/usb_util.o
LOAD e:/game/msys2/mingw64/bin/../lib/gcc/avr/8.4.0/../../../../avr/lib/avr5\libm.a
START GROUP
LOAD e:/game/msys2/mingw64/bin/../lib/gcc/avr/8.4.0/avr5\libgcc.a
LOAD e:/game/msys2/mingw64/bin/../lib/gcc/avr/8.4.0/../../../../avr/lib/avr5\libm.a
LOAD e:/game/msys2/mingw64/bin/../lib/gcc/avr/8.4.0/../../../../avr/lib/avr5\libc.a
LOAD e:/game/msys2/mingw64/bin/../lib/gcc/avr/8.4.0/../../../../avr/lib/avr5\libatmega32u4.a
END GROUP
                0x0000000000020000                __TEXT_REGION_LENGTH__ = DEFINED (__TEXT_REGION_LENGTH__)?__TEXT_REGION_LENGTH__:0x20000
                0x000000000000ffa0                __DATA_REGION_LENGTH__ = DEFINED (__DATA_REGION_LENGTH__)?__DATA_REGION_LENGTH__:0xffa0
                0x0000000000010000                __EEPROM_REGION_LENGTH__ = DEFINED (__EEPROM_REGION_LENGTH__)?__EEPROM_REGION_LENGTH__:0x10000
                0x0000000000000400                __FUSE_REGION_LENGTH__ = DEFINED (__FUSE_REGION_LENGTH__)?__FUSE_REGION_LENGTH__:0x400
                0x0000000000000400                __LOCK_REGION_LENGTH__ = DEFINED (__LOCK_REGION_LENGTH__)?__LOCK_REGION_LENGTH__:0x400
                0x0000000000000400                __SIGNATURE_REGION_LENGTH__ = DEFINED (__SIGNATURE_REGION_LENGTH__)?__SIGNATURE_REGION_LENGTH__:0x400
                0x0000000000000400                __USER_SIGNATURE_REGION_LENGTH__ = DEFINED (__USER_SIGNATURE_REGION_LENGTH__)?__USER_SIGNATURE_REGION_LENGTH__:0x400

.hash
 *(.hash)

.dynsym
 *(.dynsym)

.dynstr
 *(.dynstr)

.gnu.version
 *(.gnu.version)

.gnu.version_d
 *(.gnu.version_d)

.gnu.version_r
 *(.gnu.version_r)

.rel.init
 *(.rel.init)

.rela.init
 *(.rela.init)

.rel.text
 *(.rel.text)
 *(.rel.text.*)
 *(.rel.gnu.linkonce.t*)

.rela.text
 *(.rela.text)
 *(.rela.text.*)
 *(.rela.gnu.linkonce.t*)

.rel.fini
 *(.rel.fini)

.rela.fini
 *(.rela.fini)

.rel.rodata
 *(.rel.rodata)
 *(.rel.rodata.*)
 *(.rel.gnu.linkonce.r*)

.rela.rodata
 *(.rela.rodata)
 *(.rela.rodata.*)
 *(.rela.gnu.linkonce.r*)

.rel.data
 *(.rel.data)
 *(.rel.data.*)
 *(.rel.gnu.linkonce.d*)

.rela.data
 *(.rela.data)
 *(.rela.data.*)
 *(.rela.gnu.linkonce.d*)

.rel.ctors
 *(.rel.ctors)

.rela.ctors
 *(.rela.ctors)

.rel.dtors
 *(.rel.dtors)

.rela.dtors
 *(.rela.dtors)

.rel.got
 *(.rel.got)

.rela.got
 *(.rela.got)

.rel.bss
 *(.rel.bss)

.rela.bss
 *(.rela.bss)

.rel.plt
 *(.rel.plt)

.rela.plt
 *(.rela.plt)

.text           0x0000000000000000     0x631c
 *(.vectors)
 .vectors       0x0000000000000000       0xac e:/game/msys2/mingw64/bin/../lib/gcc/avr/8.4.0/../../../../avr/lib/avr5/crtatmega32u4.o
                0x0000000000000000                __vector_default
                0x0000000000000000                __vectors
 *(.vectors)
 *(.progmem.gcc*)
                0x00000000000000ac                . = ALIGN (0x2)
                0x00000000000000ac                __trampolines_start = .
 *(.trampolines)
 .trampolines   0x00000000000000ac        0x0 linker stubs
 *(.trampolines*)
                0x00000000000000ac                __trampolines_end = .
 *libprintf_flt.a:*(.progmem.data)
 *libc.a:*(.progmem.data)
 *(.progmem.*)
 .progmem.data.keymaps
                0x00000000000000ac      0x1e0 .build/obj_5x12_via/keyboards/5x12/keymaps/via/keymap.o
                0x00000000000000ac                keymaps
 .progmem.data.__c.3876
                0x000000000000028c       0x12 .build/obj_5x12_via/quantum/quantum.o
 .progmem.data.__c.3874
                0x000000000000029e       0x11 .build/obj_5x12_via/quantum/quantum.o
 .progmem.data.ascii_to_keycode_lut
                0x00000000000002af       0x80 .build/obj_5x12_via/quantum/send_string.o
                0x00000000000002af                ascii_to_keycode_lut
 .progmem.data.ascii_to_dead_lut
                0x000000000000032f       0x10 .build/obj_5x12_via/quantum/send_string.o
                0x000000000000032f                ascii_to_dead_lut
 .progmem.data.ascii_to_altgr_lut
                0x000000000000033f       0x10 .build/obj_5x12_via/quantum/send_string.o
                0x000000000000033f                ascii_to_altgr_lut
 .progmem.data.ascii_to_shift_lut
                0x000000000000034f       0x10 .build/obj_5x12_via/quantum/send_string.o
                0x000000000000034f                ascii_to_shift_lut
 .progmem.data.fn_actions
                0x000000000000035f        0x0 .build/obj_5x12_via/quantum/keymap_common.o
                0x000000000000035f                fn_actions
 .progmem.data.__c.3864
                0x000000000000035f        0x2 .build/obj_5x12_via/quantum/matrix_common.o
 .progmem.data.__c.3862
                0x0000000000000361        0x6 .build/obj_5x12_via/quantum/matrix_common.o
 .progmem.data.__c.3860
                0x0000000000000367        0x3 .build/obj_5x12_via/quantum/matrix_common.o
 .progmem.data.__c.3858
                0x000000000000036a        0x5 .build/obj_5x12_via/quantum/matrix_common.o
 .progmem.data.__c.3855
                0x000000000000036f       0x17 .build/obj_5x12_via/quantum/matrix_common.o
 .progmem.data.__c.4176
                0x0000000000000386       0x1b .build/obj_5x12_via/quantum/command.o
 .progmem.data.__c.4173
                0x00000000000003a1       0x19 .build/obj_5x12_via/quantum/command.o
 .progmem.data.__c.4170
                0x00000000000003ba       0x15 .build/obj_5x12_via/quantum/command.o
 .progmem.data.__c.4167
                0x00000000000003cf       0x13 .build/obj_5x12_via/quantum/command.o
 .progmem.data.__c.4164
                0x00000000000003e2       0x12 .build/obj_5x12_via/quantum/command.o
 .progmem.data.__c.4160
                0x00000000000003f4        0xf .build/obj_5x12_via/quantum/command.o
 .progmem.data.__c.4153
                0x0000000000000403       0x1b .build/obj_5x12_via/quantum/command.o
 .progmem.data.__c.4150
                0x000000000000041e       0x19 .build/obj_5x12_via/quantum/command.o
 .progmem.data.__c.4147
                0x0000000000000437       0x15 .build/obj_5x12_via/quantum/command.o
 .progmem.data.__c.4144
                0x000000000000044c       0x13 .build/obj_5x12_via/quantum/command.o
 .progmem.data.__c.4141
                0x000000000000045f       0x12 .build/obj_5x12_via/quantum/command.o
 .progmem.data.__c.4137
                0x0000000000000471        0xf .build/obj_5x12_via/quantum/command.o
 .progmem.data.__c.4130
                0x0000000000000480        0x2 .build/obj_5x12_via/quantum/command.o
 .progmem.data.__c.4128
                0x0000000000000482        0x3 .build/obj_5x12_via/quantum/command.o
 .progmem.data.__c.4126
                0x0000000000000485       0x17 .build/obj_5x12_via/quantum/command.o
 .progmem.data.__c.4124
                0x000000000000049c        0x2 .build/obj_5x12_via/quantum/command.o
 .progmem.data.__c.4122
                0x000000000000049e        0x3 .build/obj_5x12_via/quantum/command.o
 .progmem.data.__c.4120
                0x00000000000004a1       0x15 .build/obj_5x12_via/quantum/command.o
 .progmem.data.__c.4118
                0x00000000000004b6        0x2 .build/obj_5x12_via/quantum/command.o
 .progmem.data.__c.4116
                0x00000000000004b8        0x3 .build/obj_5x12_via/quantum/command.o
 .progmem.data.__c.4114
                0x00000000000004bb       0x11 .build/obj_5x12_via/quantum/command.o
 .progmem.data.__c.4112
                0x00000000000004cc        0x2 .build/obj_5x12_via/quantum/command.o
 .progmem.data.__c.4110
                0x00000000000004ce        0x3 .build/obj_5x12_via/quantum/command.o
 .progmem.data.__c.4108
                0x00000000000004d1        0xf .build/obj_5x12_via/quantum/command.o
 .progmem.data.__c.4106
                0x00000000000004e0        0x2 .build/obj_5x12_via/quantum/command.o
 .progmem.data.__c.4104
                0x00000000000004e2        0x3 .build/obj_5x12_via/quantum/command.o
 .progmem.data.__c.4102
                0x00000000000004e5       0x12 .build/obj_5x12_via/quantum/command.o
 .progmem.data.__c.4100
                0x00000000000004f7        0x2 .build/obj_5x12_via/quantum/command.o
 .progmem.data.__c.4098
                0x00000000000004f9        0x3 .build/obj_5x12_via/quantum/command.o
 .progmem.data.__c.4096
                0x00000000000004fc       0x12 .build/obj_5x12_via/quantum/command.o
 .progmem.data.__c.4094
                0x000000000000050e        0xe .build/obj_5x12_via/quantum/command.o
 .progmem.data.__c.4214
                0x000000000000051c        0x3 .build/obj_5x12_via/quantum/command.o
 .progmem.data.__c.4212
                0x000000000000051f        0x6 .build/obj_5x12_via/quantum/command.o
 .progmem.data.__c.4210
                0x0000000000000525        0x2 .build/obj_5x12_via/quantum/command.o
 .progmem.data.__c.4207
                0x0000000000000527        0xd .build/obj_5x12_via/quantum/command.o
 .progmem.data.__c.4193
                0x0000000000000534        0x4 .build/obj_5x12_via/quantum/command.o
 .progmem.data.__c.4183
                0x0000000000000538       0x4e .build/obj_5x12_via/quantum/command.o
 .progmem.data.__c.4181
                0x0000000000000586       0xfb .build/obj_5x12_via/quantum/command.o
 .progmem.data.__c.4086
                0x0000000000000681        0x2 .build/obj_5x12_via/quantum/command.o
 .progmem.data.__c.4083
                0x0000000000000683        0x4 .build/obj_5x12_via/quantum/command.o
 .progmem.data.__c.4088
                0x0000000000000687        0x4 .build/obj_5x12_via/quantum/command.o
 .progmem.data.__c.4232
                0x000000000000068b        0x5 .build/obj_5x12_via/quantum/command.o
 .progmem.data.__c.3911
                0x0000000000000690       0x17 .build/obj_5x12_via/quantum/command.o
 .progmem.data.__c.3909
                0x00000000000006a7       0x13 .build/obj_5x12_via/quantum/command.o
 .progmem.data.__c.3907
                0x00000000000006ba       0x17 .build/obj_5x12_via/quantum/command.o
 .progmem.data.__c.3905
                0x00000000000006d1       0x1a .build/obj_5x12_via/quantum/command.o
 .progmem.data.__c.3903
                0x00000000000006eb        0xe .build/obj_5x12_via/quantum/command.o
 .progmem.data.__c.3898
                0x00000000000006f9       0x2b .build/obj_5x12_via/quantum/command.o
 .progmem.data.__c.3896
                0x0000000000000724       0x36 .build/obj_5x12_via/quantum/command.o
 .progmem.data.__c.3894
                0x000000000000075a       0x17 .build/obj_5x12_via/quantum/command.o
 .progmem.data.__c.3892
                0x0000000000000771       0x38 .build/obj_5x12_via/quantum/command.o
 .progmem.data.__c.3890
                0x00000000000007a9        0xf .build/obj_5x12_via/quantum/command.o
 .progmem.data.__c.4072
                0x00000000000007b8       0x27 .build/obj_5x12_via/quantum/command.o
 .progmem.data.__c.3885
                0x00000000000007df      0x1a3 .build/obj_5x12_via/quantum/command.o
 .progmem.data.__c.4018
                0x0000000000000982        0x2 .build/obj_5x12_via/quantum/command.o
 .progmem.data.__c.4016
                0x0000000000000984        0x3 .build/obj_5x12_via/quantum/command.o
 .progmem.data.__c.4014
                0x0000000000000987        0x8 .build/obj_5x12_via/quantum/command.o
 .progmem.data.__c.4012
                0x000000000000098f        0x2 .build/obj_5x12_via/quantum/command.o
 .progmem.data.__c.4010
                0x0000000000000991        0x3 .build/obj_5x12_via/quantum/command.o
 .progmem.data.__c.4008
                0x0000000000000994       0x1c .build/obj_5x12_via/quantum/command.o
 .progmem.data.__c.4006
                0x00000000000009b0        0x2 .build/obj_5x12_via/quantum/command.o
 .progmem.data.__c.4004
                0x00000000000009b2        0x3 .build/obj_5x12_via/quantum/command.o
 .progmem.data.__c.4002
                0x00000000000009b5       0x12 .build/obj_5x12_via/quantum/command.o
 .progmem.data.__c.4000
                0x00000000000009c7        0x2 .build/obj_5x12_via/quantum/command.o
 .progmem.data.__c.3998
                0x00000000000009c9        0x3 .build/obj_5x12_via/quantum/command.o
 .progmem.data.__c.3996
                0x00000000000009cc        0xa .build/obj_5x12_via/quantum/command.o
 .progmem.data.__c.3994
                0x00000000000009d6        0x2 .build/obj_5x12_via/quantum/command.o
 .progmem.data.__c.3992
                0x00000000000009d8        0x3 .build/obj_5x12_via/quantum/command.o
 .progmem.data.__c.3990
                0x00000000000009db       0x12 .build/obj_5x12_via/quantum/command.o
 .progmem.data.__c.3988
                0x00000000000009ed        0x2 .build/obj_5x12_via/quantum/command.o
 .progmem.data.__c.3986
                0x00000000000009ef        0x3 .build/obj_5x12_via/quantum/command.o
 .progmem.data.__c.3984
                0x00000000000009f2       0x12 .build/obj_5x12_via/quantum/command.o
 .progmem.data.__c.3982
                0x0000000000000a04        0x2 .build/obj_5x12_via/quantum/command.o
 .progmem.data.__c.3980
                0x0000000000000a06        0x3 .build/obj_5x12_via/quantum/command.o
 .progmem.data.__c.3978
                0x0000000000000a09       0x12 .build/obj_5x12_via/quantum/command.o
 .progmem.data.__c.3976
                0x0000000000000a1b        0x2 .build/obj_5x12_via/quantum/command.o
 .progmem.data.__c.3974
                0x0000000000000a1d        0x3 .build/obj_5x12_via/quantum/command.o
 .progmem.data.__c.3972
                0x0000000000000a20       0x12 .build/obj_5x12_via/quantum/command.o
 .progmem.data.__c.3970
                0x0000000000000a32        0x2 .build/obj_5x12_via/quantum/command.o
 .progmem.data.__c.3968
                0x0000000000000a34        0x3 .build/obj_5x12_via/quantum/command.o
 .progmem.data.__c.3966
                0x0000000000000a37       0x17 .build/obj_5x12_via/quantum/command.o
 .progmem.data.__c.3964
                0x0000000000000a4e        0x2 .build/obj_5x12_via/quantum/command.o
 .progmem.data.__c.3962
                0x0000000000000a50        0x3 .build/obj_5x12_via/quantum/command.o
 .progmem.data.__c.3960
                0x0000000000000a53       0x19 .build/obj_5x12_via/quantum/command.o
 .progmem.data.__c.3958
                0x0000000000000a6c        0x2 .build/obj_5x12_via/quantum/command.o
 .progmem.data.__c.3956
                0x0000000000000a6e        0x5 .build/obj_5x12_via/quantum/command.o
 .progmem.data.__c.3954
                0x0000000000000a73       0x14 .build/obj_5x12_via/quantum/command.o
 .progmem.data.__c.3951
                0x0000000000000a87        0x2 .build/obj_5x12_via/quantum/command.o
 .progmem.data.__c.3949
                0x0000000000000a89        0x3 .build/obj_5x12_via/quantum/command.o
 .progmem.data.__c.3947
                0x0000000000000a8c        0x9 .build/obj_5x12_via/quantum/command.o
 .progmem.data.__c.3945
                0x0000000000000a95        0x2 .build/obj_5x12_via/quantum/command.o
 .progmem.data.__c.3943
                0x0000000000000a97        0x3 .build/obj_5x12_via/quantum/command.o
 .progmem.data.__c.3941
                0x0000000000000a9a        0xc .build/obj_5x12_via/quantum/command.o
 .progmem.data.__c.3939
                0x0000000000000aa6        0x2 .build/obj_5x12_via/quantum/command.o
 .progmem.data.__c.3937
                0x0000000000000aa8        0x3 .build/obj_5x12_via/quantum/command.o
 .progmem.data.__c.3935
                0x0000000000000aab        0xa .build/obj_5x12_via/quantum/command.o
 .progmem.data.__c.3933
                0x0000000000000ab5        0x2 .build/obj_5x12_via/quantum/command.o
 .progmem.data.__c.3931
                0x0000000000000ab7        0x3 .build/obj_5x12_via/quantum/command.o
 .progmem.data.__c.3929
                0x0000000000000aba        0xa .build/obj_5x12_via/quantum/command.o
 .progmem.data.__c.3927
                0x0000000000000ac4        0x2 .build/obj_5x12_via/quantum/command.o
 .progmem.data.__c.3925
                0x0000000000000ac6        0x5 .build/obj_5x12_via/quantum/command.o
 .progmem.data.__c.3923
                0x0000000000000acb       0x13 .build/obj_5x12_via/quantum/command.o
 .progmem.data.__c.3920
                0x0000000000000ade        0x2 .build/obj_5x12_via/quantum/command.o
 .progmem.data.__c.3918
                0x0000000000000ae0        0x3 .build/obj_5x12_via/quantum/command.o
 .progmem.data.__c.3916
                0x0000000000000ae3       0x10 .build/obj_5x12_via/quantum/command.o
 .progmem.data.__c.4067
                0x0000000000000af3        0x2 .build/obj_5x12_via/quantum/command.o
 .progmem.data.__c.4057
                0x0000000000000af5        0xd .build/obj_5x12_via/quantum/command.o
 .progmem.data.__c.4055
                0x0000000000000b02        0xc .build/obj_5x12_via/quantum/command.o
 .progmem.data.__c.4052
                0x0000000000000b0e       0x10 .build/obj_5x12_via/quantum/command.o
 .progmem.data.__c.4050
                0x0000000000000b1e        0xf .build/obj_5x12_via/quantum/command.o
 .progmem.data.__c.4047
                0x0000000000000b2d        0xe .build/obj_5x12_via/quantum/command.o
 .progmem.data.__c.4045
                0x0000000000000b3b        0xd .build/obj_5x12_via/quantum/command.o
 .progmem.data.__c.4042
                0x0000000000000b48        0xd .build/obj_5x12_via/quantum/command.o
 .progmem.data.__c.4040
                0x0000000000000b55        0xc .build/obj_5x12_via/quantum/command.o
 .progmem.data.__c.4037
                0x0000000000000b61       0x1c .build/obj_5x12_via/quantum/command.o
 .progmem.data.__c.4033
                0x0000000000000b7d        0x4 .build/obj_5x12_via/quantum/command.o
 .progmem.data.__c.4028
                0x0000000000000b81       0x11 .build/obj_5x12_via/quantum/command.o
 .progmem.data.__c.4024
                0x0000000000000b92        0xb .build/obj_5x12_via/quantum/command.o
 .progmem.data.__c.2307
                0x0000000000000b9d        0x3 .build/obj_5x12_via/quantum/mousekey.o
 .progmem.data.__c.2305
                0x0000000000000ba0        0x3 .build/obj_5x12_via/quantum/mousekey.o
 .progmem.data.__c.2303
                0x0000000000000ba3        0x2 .build/obj_5x12_via/quantum/mousekey.o
 .progmem.data.__c.2301
                0x0000000000000ba5        0x3 .build/obj_5x12_via/quantum/mousekey.o
 .progmem.data.__c.2299
                0x0000000000000ba8        0x3 .build/obj_5x12_via/quantum/mousekey.o
 .progmem.data.__c.2297
                0x0000000000000bab        0x3 .build/obj_5x12_via/quantum/mousekey.o
 .progmem.data.__c.2295
                0x0000000000000bae        0x2 .build/obj_5x12_via/quantum/mousekey.o
 .progmem.data.__c.2293
                0x0000000000000bb0        0x3 .build/obj_5x12_via/quantum/mousekey.o
 .progmem.data.__c.2291
                0x0000000000000bb3        0x2 .build/obj_5x12_via/quantum/mousekey.o
 .progmem.data.__c.2289
                0x0000000000000bb5        0x3 .build/obj_5x12_via/quantum/mousekey.o
 .progmem.data.__c.2287
                0x0000000000000bb8        0x2 .build/obj_5x12_via/quantum/mousekey.o
 .progmem.data.__c.2285
                0x0000000000000bba        0x3 .build/obj_5x12_via/quantum/mousekey.o
 .progmem.data.__c.2283
                0x0000000000000bbd        0x2 .build/obj_5x12_via/quantum/mousekey.o
 .progmem.data.__c.2281
                0x0000000000000bbf        0x5 .build/obj_5x12_via/quantum/mousekey.o
 .progmem.data.__c.2279
                0x0000000000000bc4       0x23 .build/obj_5x12_via/quantum/mousekey.o
 .progmem.data.__c.2229
                0x0000000000000be7        0x2 .build/obj_5x12_via/common/host.o
 .progmem.data.__c.2224
                0x0000000000000be9        0x6 .build/obj_5x12_via/common/host.o
 .progmem.data.__c.2221
                0x0000000000000bef       0x12 .build/obj_5x12_via/common/host.o
 .progmem.data.__c.3348
                0x0000000000000c01        0x2 .build/obj_5x12_via/common/keyboard.o
 .progmem.data.__c.3346
                0x0000000000000c03        0x5 .build/obj_5x12_via/common/keyboard.o
 .progmem.data.__c.3344
                0x0000000000000c08       0x13 .build/obj_5x12_via/common/keyboard.o
 .progmem.data.__c.2744
                0x0000000000000c1b       0x15 .build/obj_5x12_via/common/action_util.o
 .progmem.data.__c.6562
                0x0000000000000c30        0x4 .build/obj_5x12_via/lufa.o
 .progmem.data.__c.6560
                0x0000000000000c34       0x11 .build/obj_5x12_via/lufa.o
 .progmem.data.__c.6454
                0x0000000000000c45        0x4 .build/obj_5x12_via/lufa.o
 .progmem.data.__c.6450
                0x0000000000000c49        0x4 .build/obj_5x12_via/lufa.o
 .progmem.data.__c.6446
                0x0000000000000c4d        0x4 .build/obj_5x12_via/lufa.o
 .progmem.data.__c.6441
                0x0000000000000c51        0x4 .build/obj_5x12_via/lufa.o
 .progmem.data.__c.6436
                0x0000000000000c55        0x4 .build/obj_5x12_via/lufa.o
 .progmem.data.ProductString
                0x0000000000000c59        0xc .build/obj_5x12_via/usb_descriptor.o
                0x0000000000000c59                ProductString
 .progmem.data.ManufacturerString
                0x0000000000000c65       0x1a .build/obj_5x12_via/usb_descriptor.o
                0x0000000000000c65                ManufacturerString
 .progmem.data.LanguageString
                0x0000000000000c7f        0x4 .build/obj_5x12_via/usb_descriptor.o
                0x0000000000000c7f                LanguageString
 .progmem.data.ConfigurationDescriptor
                0x0000000000000c83       0x7b .build/obj_5x12_via/usb_descriptor.o
                0x0000000000000c83                ConfigurationDescriptor
 .progmem.data.DeviceDescriptor
                0x0000000000000cfe       0x12 .build/obj_5x12_via/usb_descriptor.o
                0x0000000000000cfe                DeviceDescriptor
 .progmem.data.ConsoleReport
                0x0000000000000d10       0x22 .build/obj_5x12_via/usb_descriptor.o
                0x0000000000000d10                ConsoleReport
 .progmem.data.RawReport
                0x0000000000000d32       0x22 .build/obj_5x12_via/usb_descriptor.o
                0x0000000000000d32                RawReport
 .progmem.data.SharedReport
                0x0000000000000d54       0x7b .build/obj_5x12_via/usb_descriptor.o
                0x0000000000000d54                SharedReport
 .progmem.data.KeyboardReport
                0x0000000000000dcf       0x40 .build/obj_5x12_via/usb_descriptor.o
                0x0000000000000dcf                KeyboardReport
                0x0000000000000e10                . = ALIGN (0x2)
 *fill*         0x0000000000000e0f        0x1 
 *(.lowtext)
 *(.lowtext*)
                0x0000000000000e10                __ctors_start = .
 *(.ctors)
                0x0000000000000e10                __ctors_end = .
                0x0000000000000e10                __dtors_start = .
 *(.dtors)
                0x0000000000000e10                __dtors_end = .
 SORT_BY_NAME(*)(.ctors)
 SORT_BY_NAME(*)(.dtors)
 *(.init0)
 .init0         0x0000000000000e10        0x0 e:/game/msys2/mingw64/bin/../lib/gcc/avr/8.4.0/../../../../avr/lib/avr5/crtatmega32u4.o
                0x0000000000000e10                __init
 *(.init0)
 *(.init1)
 *(.init1)
 *(.init2)
 .init2         0x0000000000000e10        0xc e:/game/msys2/mingw64/bin/../lib/gcc/avr/8.4.0/../../../../avr/lib/avr5/crtatmega32u4.o
 *(.init2)
 *(.init3)
 .init3         0x0000000000000e1c       0x54 .build/obj_5x12_via/common/avr/bootloader.o
                0x0000000000000e1c                bootloader_jump_after_watchdog_reset
 *(.init3)
 *(.init4)
 .init4         0x0000000000000e70       0x16 e:/game/msys2/mingw64/bin/../lib/gcc/avr/8.4.0/avr5\libgcc.a(_copy_data.o)
                0x0000000000000e70                __do_copy_data
 .init4         0x0000000000000e86       0x10 e:/game/msys2/mingw64/bin/../lib/gcc/avr/8.4.0/avr5\libgcc.a(_clear_bss.o)
                0x0000000000000e86                __do_clear_bss
 *(.init4)
 *(.init5)
 *(.init5)
 *(.init6)
 *(.init6)
 *(.init7)
 *(.init7)
 *(.init8)
 *(.init8)
 *(.init9)
 .init9         0x0000000000000e96        0x8 e:/game/msys2/mingw64/bin/../lib/gcc/avr/8.4.0/../../../../avr/lib/avr5/crtatmega32u4.o
 *(.init9)
 *(.text)
 .text          0x0000000000000e9e        0x4 e:/game/msys2/mingw64/bin/../lib/gcc/avr/8.4.0/../../../../avr/lib/avr5/crtatmega32u4.o
                0x0000000000000e9e                __vector_38
                0x0000000000000e9e                __vector_22
                0x0000000000000e9e                __vector_28
                0x0000000000000e9e                __vector_1
                0x0000000000000e9e                __vector_32
                0x0000000000000e9e                __vector_34
                0x0000000000000e9e                __vector_24
                0x0000000000000e9e                __bad_interrupt
                0x0000000000000e9e                __vector_6
                0x0000000000000e9e                __vector_31
                0x0000000000000e9e                __vector_35
                0x0000000000000e9e                __vector_39
                0x0000000000000e9e                __vector_3
                0x0000000000000e9e                __vector_23
                0x0000000000000e9e                __vector_30
                0x0000000000000e9e                __vector_25
                0x0000000000000e9e                __vector_13
                0x0000000000000e9e                __vector_17
                0x0000000000000e9e                __vector_19
                0x0000000000000e9e                __vector_7
                0x0000000000000e9e                __vector_41
                0x0000000000000e9e                __vector_27
                0x0000000000000e9e                __vector_5
                0x0000000000000e9e                __vector_33
                0x0000000000000e9e                __vector_37
                0x0000000000000e9e                __vector_4
                0x0000000000000e9e                __vector_9
                0x0000000000000e9e                __vector_2
                0x0000000000000e9e                __vector_15
                0x0000000000000e9e                __vector_36
                0x0000000000000e9e                __vector_29
                0x0000000000000e9e                __vector_40
                0x0000000000000e9e                __vector_8
                0x0000000000000e9e                __vector_26
                0x0000000000000e9e                __vector_14
                0x0000000000000e9e                __vector_16
                0x0000000000000e9e                __vector_18
                0x0000000000000e9e                __vector_20
                0x0000000000000e9e                __vector_42
 .text          0x0000000000000ea2      0x15c .build/obj_5x12_via/common/avr/xprintf.o
                0x0000000000000ea2                xputc
                0x0000000000000eba                xputs
                0x0000000000000ec8                xitoa
                0x0000000000000fec                __xprintf
                0x0000000000000ffe                . = ALIGN (0x2)
 *(.text.*)
 .text.process_action_kb
                0x0000000000000ffe        0x4 .build/obj_5x12_via/quantum/quantum.o
                0x0000000000000ffe                process_action_kb
 .text.process_record_user
                0x0000000000001002        0x4 .build/obj_5x12_via/quantum/quantum.o
                0x0000000000001002                process_record_user
 .text.process_record_kb
                0x0000000000001006        0x4 .build/obj_5x12_via/quantum/quantum.o
                0x0000000000001006                process_record_kb
 .text.post_process_record_user
                0x000000000000100a        0x2 .build/obj_5x12_via/quantum/quantum.o
                0x000000000000100a                post_process_record_user
 .text.post_process_record_kb
                0x000000000000100c        0x4 .build/obj_5x12_via/quantum/quantum.o
                0x000000000000100c                post_process_record_kb
 .text.get_event_keycode
                0x0000000000001010       0x66 .build/obj_5x12_via/quantum/quantum.o
                0x0000000000001010                get_event_keycode
 .text.get_record_keycode
                0x0000000000001076       0x12 .build/obj_5x12_via/quantum/quantum.o
                0x0000000000001076                get_record_keycode
 .text.post_process_record_quantum
                0x0000000000001088       0x16 .build/obj_5x12_via/quantum/quantum.o
                0x0000000000001088                post_process_record_quantum
 .text.update_tri_layer_state
                0x000000000000109e       0xa8 .build/obj_5x12_via/quantum/quantum.o
                0x000000000000109e                update_tri_layer_state
 .text.update_tri_layer
                0x0000000000001146       0x24 .build/obj_5x12_via/quantum/quantum.o
                0x0000000000001146                update_tri_layer
 .text.matrix_init_quantum
                0x000000000000116a        0x8 .build/obj_5x12_via/quantum/quantum.o
                0x000000000000116a                matrix_init_quantum
 .text.matrix_scan_quantum
                0x0000000000001172        0x4 .build/obj_5x12_via/quantum/quantum.o
                0x0000000000001172                matrix_scan_quantum
 .text.shutdown_user
                0x0000000000001176        0x2 .build/obj_5x12_via/quantum/quantum.o
                0x0000000000001176                shutdown_user
 .text.reset_keyboard
                0x0000000000001178       0x1e .build/obj_5x12_via/quantum/quantum.o
                0x0000000000001178                reset_keyboard
 .text.process_record_quantum
                0x0000000000001196       0xde .build/obj_5x12_via/quantum/quantum.o
                0x0000000000001196                process_record_quantum
 .text.send_char
                0x0000000000001274       0xcc .build/obj_5x12_via/quantum/send_string.o
                0x0000000000001274                send_char
 .text.send_string_with_delay
                0x0000000000001340       0xd0 .build/obj_5x12_via/quantum/send_string.o
                0x0000000000001340                send_string_with_delay
 .text.send_string
                0x0000000000001410        0x6 .build/obj_5x12_via/quantum/send_string.o
                0x0000000000001410                send_string
 .text.bitrev   0x0000000000001416       0x30 .build/obj_5x12_via/quantum/bitwise.o
                0x0000000000001416                bitrev
 .text.bitrev16
                0x0000000000001446       0x1a .build/obj_5x12_via/quantum/bitwise.o
                0x0000000000001446                bitrev16
 .text.led_set_user
                0x0000000000001460        0x2 .build/obj_5x12_via/quantum/led.o
                0x0000000000001460                led_set_user
 .text.led_set_kb
                0x0000000000001462        0x4 .build/obj_5x12_via/quantum/led.o
                0x0000000000001462                led_set_kb
 .text.led_update_user
                0x0000000000001466        0x4 .build/obj_5x12_via/quantum/led.o
                0x0000000000001466                led_update_user
 .text.led_update_kb
                0x000000000000146a        0x4 .build/obj_5x12_via/quantum/led.o
                0x000000000000146a                led_update_kb
 .text.led_set  0x000000000000146e       0x10 .build/obj_5x12_via/quantum/led.o
                0x000000000000146e                led_set
 .text.action_get_macro
                0x000000000000147e        0x6 .build/obj_5x12_via/quantum/keymap_common.o
                0x000000000000147e                action_get_macro
 .text.action_function
                0x0000000000001484        0x2 .build/obj_5x12_via/quantum/keymap_common.o
                0x0000000000001484                action_function
 .text.keymap_function_id_to_action
                0x0000000000001486       0x10 .build/obj_5x12_via/quantum/keymap_common.o
                0x0000000000001486                keymap_function_id_to_action
 .text.action_for_key
                0x0000000000001496      0x22a .build/obj_5x12_via/quantum/keymap_common.o
                0x0000000000001496                action_for_key
 .text.keycode_config
                0x00000000000016c0      0x12e .build/obj_5x12_via/quantum/keycode_config.o
                0x00000000000016c0                keycode_config
 .text.mod_config
                0x00000000000017ee       0x86 .build/obj_5x12_via/quantum/keycode_config.o
                0x00000000000017ee                mod_config
 .text.bootmagic_lite_reset_eeprom
                0x0000000000001874        0x4 .build/obj_5x12_via/quantum/bootmagic/bootmagic_lite.o
                0x0000000000001874                bootmagic_lite_reset_eeprom
 .text.bootmagic_lite
                0x0000000000001878       0x28 .build/obj_5x12_via/quantum/bootmagic/bootmagic_lite.o
                0x0000000000001878                bootmagic_lite
 .text.bootmagic
                0x00000000000018a0        0x4 .build/obj_5x12_via/quantum/bootmagic/bootmagic_lite.o
                0x00000000000018a0                bootmagic
 .text.magic    0x00000000000018a4       0x48 .build/obj_5x12_via/quantum/bootmagic/magic.o
                0x00000000000018a4                magic
 .text.matrix_init_user
                0x00000000000018ec        0x2 .build/obj_5x12_via/quantum/matrix_common.o
                0x00000000000018ec                matrix_init_user
 .text.matrix_init_kb
                0x00000000000018ee        0x4 .build/obj_5x12_via/quantum/matrix_common.o
                0x00000000000018ee                matrix_init_kb
 .text.matrix_scan_user
                0x00000000000018f2        0x2 .build/obj_5x12_via/quantum/matrix_common.o
                0x00000000000018f2                matrix_scan_user
 .text.matrix_scan_kb
                0x00000000000018f4        0x4 .build/obj_5x12_via/quantum/matrix_common.o
                0x00000000000018f4                matrix_scan_kb
 .text.matrix_get_row
                0x00000000000018f8       0x12 .build/obj_5x12_via/quantum/matrix_common.o
                0x00000000000018f8                matrix_get_row
 .text.matrix_print
                0x000000000000190a       0x8e .build/obj_5x12_via/quantum/matrix_common.o
                0x000000000000190a                matrix_print
 .text.matrix_io_delay
                0x0000000000001998        0x8 .build/obj_5x12_via/quantum/matrix_common.o
                0x0000000000001998                matrix_io_delay
 .text.matrix_output_select_delay
                0x00000000000019a0        0x4 .build/obj_5x12_via/quantum/matrix_common.o
                0x00000000000019a0                matrix_output_select_delay
 .text.matrix_output_unselect_delay
                0x00000000000019a4        0x4 .build/obj_5x12_via/quantum/matrix_common.o
                0x00000000000019a4                matrix_output_unselect_delay
 .text.setPinInputHigh_atomic
                0x00000000000019a8       0x2e .build/obj_5x12_via/quantum/matrix.o
 .text.matrix_init
                0x00000000000019d6       0x9c .build/obj_5x12_via/quantum/matrix.o
                0x00000000000019d6                matrix_init
 .text.matrix_scan
                0x0000000000001a72      0x100 .build/obj_5x12_via/quantum/matrix.o
                0x0000000000001a72                matrix_scan
 .text.debounce_init
                0x0000000000001b72        0x2 .build/obj_5x12_via/quantum/debounce/sym_defer_g.o
                0x0000000000001b72                debounce_init
 .text.debounce
                0x0000000000001b74       0x72 .build/obj_5x12_via/quantum/debounce/sym_defer_g.o
                0x0000000000001b74                debounce
 .text.mousekey_console_help
                0x0000000000001be6       0x2e .build/obj_5x12_via/quantum/command.o
 .text.mousekey_param_inc
                0x0000000000001c14      0x148 .build/obj_5x12_via/quantum/command.o
 .text.mousekey_param_dec
                0x0000000000001d5c       0xfe .build/obj_5x12_via/quantum/command.o
 .text.switch_default_layer
                0x0000000000001e5a       0x3c .build/obj_5x12_via/quantum/command.o
 .text.command_common
                0x0000000000001e96      0x4c0 .build/obj_5x12_via/quantum/command.o
 .text.command_extra
                0x0000000000002356        0x4 .build/obj_5x12_via/quantum/command.o
                0x0000000000002356                command_extra
 .text.command_console_extra
                0x000000000000235a        0x4 .build/obj_5x12_via/quantum/command.o
                0x000000000000235a                command_console_extra
 .text.numkey2num
                0x000000000000235e       0x16 .build/obj_5x12_via/quantum/command.o
                0x000000000000235e                numkey2num
 .text.command_proc
                0x0000000000002374      0x286 .build/obj_5x12_via/quantum/command.o
                0x0000000000002374                command_proc
 .text.move_unit
                0x00000000000025fa       0x94 .build/obj_5x12_via/quantum/mousekey.o
 .text.wheel_unit
                0x000000000000268e       0x72 .build/obj_5x12_via/quantum/mousekey.o
 .text.mousekey_on
                0x0000000000002700       0xb4 .build/obj_5x12_via/quantum/mousekey.o
                0x0000000000002700                mousekey_on
 .text.mousekey_off
                0x00000000000027b4       0xf2 .build/obj_5x12_via/quantum/mousekey.o
                0x00000000000027b4                mousekey_off
 .text.mousekey_send
                0x00000000000028a6      0x13a .build/obj_5x12_via/quantum/mousekey.o
                0x00000000000028a6                mousekey_send
 .text.mousekey_task
                0x00000000000029e0      0x218 .build/obj_5x12_via/quantum/mousekey.o
                0x00000000000029e0                mousekey_task
 .text.mousekey_clear
                0x0000000000002bf8       0x1c .build/obj_5x12_via/quantum/mousekey.o
                0x0000000000002bf8                mousekey_clear
 .text.via_eeprom_is_valid
                0x0000000000002c14       0x32 .build/obj_5x12_via/quantum/via.o
                0x0000000000002c14                via_eeprom_is_valid
 .text.via_eeprom_set_valid
                0x0000000000002c46       0x30 .build/obj_5x12_via/quantum/via.o
                0x0000000000002c46                via_eeprom_set_valid
 .text.via_eeprom_reset
                0x0000000000002c76        0xa .build/obj_5x12_via/quantum/via.o
                0x0000000000002c76                via_eeprom_reset
 .text.via_init_kb
                0x0000000000002c80        0x2 .build/obj_5x12_via/quantum/via.o
                0x0000000000002c80                via_init_kb
 .text.via_get_layout_options
                0x0000000000002c82       0x12 .build/obj_5x12_via/quantum/via.o
                0x0000000000002c82                via_get_layout_options
 .text.via_set_layout_options
                0x0000000000002c94        0x8 .build/obj_5x12_via/quantum/via.o
                0x0000000000002c94                via_set_layout_options
 .text.via_init
                0x0000000000002c9c       0x26 .build/obj_5x12_via/quantum/via.o
                0x0000000000002c9c                via_init
 .text.process_record_via
                0x0000000000002cc2       0x70 .build/obj_5x12_via/quantum/via.o
                0x0000000000002cc2                process_record_via
 .text.raw_hid_receive_kb
                0x0000000000002d32        0x8 .build/obj_5x12_via/quantum/via.o
                0x0000000000002d32                raw_hid_receive_kb
 .text.raw_hid_receive
                0x0000000000002d3a      0x168 .build/obj_5x12_via/quantum/via.o
                0x0000000000002d3a                raw_hid_receive
 .text.dynamic_keymap_get_layer_count
                0x0000000000002ea2        0x4 .build/obj_5x12_via/quantum/dynamic_keymap.o
                0x0000000000002ea2                dynamic_keymap_get_layer_count
 .text.dynamic_keymap_key_to_eeprom_address
                0x0000000000002ea6       0x20 .build/obj_5x12_via/quantum/dynamic_keymap.o
                0x0000000000002ea6                dynamic_keymap_key_to_eeprom_address
 .text.dynamic_keymap_get_keycode
                0x0000000000002ec6       0x32 .build/obj_5x12_via/quantum/dynamic_keymap.o
                0x0000000000002ec6                dynamic_keymap_get_keycode
 .text.dynamic_keymap_set_keycode
                0x0000000000002ef8       0x2a .build/obj_5x12_via/quantum/dynamic_keymap.o
                0x0000000000002ef8                dynamic_keymap_set_keycode
 .text.dynamic_keymap_reset
                0x0000000000002f22       0x70 .build/obj_5x12_via/quantum/dynamic_keymap.o
                0x0000000000002f22                dynamic_keymap_reset
 .text.dynamic_keymap_get_buffer
                0x0000000000002f92       0x4c .build/obj_5x12_via/quantum/dynamic_keymap.o
                0x0000000000002f92                dynamic_keymap_get_buffer
 .text.dynamic_keymap_set_buffer
                0x0000000000002fde       0x54 .build/obj_5x12_via/quantum/dynamic_keymap.o
                0x0000000000002fde                dynamic_keymap_set_buffer
 .text.keymap_key_to_keycode
                0x0000000000003032       0x1a .build/obj_5x12_via/quantum/dynamic_keymap.o
                0x0000000000003032                keymap_key_to_keycode
 .text.dynamic_keymap_macro_get_count
                0x000000000000304c        0x4 .build/obj_5x12_via/quantum/dynamic_keymap.o
                0x000000000000304c                dynamic_keymap_macro_get_count
 .text.dynamic_keymap_macro_get_buffer_size
                0x0000000000003050        0x6 .build/obj_5x12_via/quantum/dynamic_keymap.o
                0x0000000000003050                dynamic_keymap_macro_get_buffer_size
 .text.dynamic_keymap_macro_get_buffer
                0x0000000000003056       0x4e .build/obj_5x12_via/quantum/dynamic_keymap.o
                0x0000000000003056                dynamic_keymap_macro_get_buffer
 .text.dynamic_keymap_macro_set_buffer
                0x00000000000030a4       0x56 .build/obj_5x12_via/quantum/dynamic_keymap.o
                0x00000000000030a4                dynamic_keymap_macro_set_buffer
 .text.dynamic_keymap_macro_reset
                0x00000000000030fa       0x20 .build/obj_5x12_via/quantum/dynamic_keymap.o
                0x00000000000030fa                dynamic_keymap_macro_reset
 .text.dynamic_keymap_macro_send
                0x000000000000311a       0xae .build/obj_5x12_via/quantum/dynamic_keymap.o
                0x000000000000311a                dynamic_keymap_macro_send
 .text.perform_space_cadet
                0x00000000000031c8       0xd8 .build/obj_5x12_via/quantum/process_keycode/process_space_cadet.o
                0x00000000000031c8                perform_space_cadet
 .text.process_space_cadet
                0x00000000000032a0       0xa4 .build/obj_5x12_via/quantum/process_keycode/process_space_cadet.o
                0x00000000000032a0                process_space_cadet
 .text.process_magic
                0x0000000000003344      0x246 .build/obj_5x12_via/quantum/process_keycode/process_magic.o
                0x0000000000003344                process_magic
 .text.process_grave_esc
                0x000000000000358a       0x54 .build/obj_5x12_via/quantum/process_keycode/process_grave_esc.o
                0x000000000000358a                process_grave_esc
 .text.host_set_driver
                0x00000000000035de        0xa .build/obj_5x12_via/common/host.o
                0x00000000000035de                host_set_driver
 .text.host_keyboard_leds
                0x00000000000035e8       0x18 .build/obj_5x12_via/common/host.o
                0x00000000000035e8                host_keyboard_leds
 .text.host_keyboard_send
                0x0000000000003600       0x98 .build/obj_5x12_via/common/host.o
                0x0000000000003600                host_keyboard_send
 .text.host_mouse_send
                0x0000000000003698       0x1c .build/obj_5x12_via/common/host.o
                0x0000000000003698                host_mouse_send
 .text.host_system_send
                0x00000000000036b4       0x2c .build/obj_5x12_via/common/host.o
                0x00000000000036b4                host_system_send
 .text.host_consumer_send
                0x00000000000036e0       0x2c .build/obj_5x12_via/common/host.o
                0x00000000000036e0                host_consumer_send
 .text.last_matrix_activity_trigger
                0x000000000000370c       0x26 .build/obj_5x12_via/common/keyboard.o
                0x000000000000370c                last_matrix_activity_trigger
 .text.disable_jtag
                0x0000000000003732        0xe .build/obj_5x12_via/common/keyboard.o
                0x0000000000003732                disable_jtag
 .text.keyboard_pre_init_user
                0x0000000000003740        0x2 .build/obj_5x12_via/common/keyboard.o
                0x0000000000003740                keyboard_pre_init_user
 .text.matrix_setup
                0x0000000000003742        0x2 .build/obj_5x12_via/common/keyboard.o
                0x0000000000003742                matrix_setup
 .text.keyboard_pre_init_kb
                0x0000000000003744        0x4 .build/obj_5x12_via/common/keyboard.o
                0x0000000000003744                keyboard_pre_init_kb
 .text.keyboard_post_init_user
                0x0000000000003748        0x2 .build/obj_5x12_via/common/keyboard.o
                0x0000000000003748                keyboard_post_init_user
 .text.keyboard_post_init_kb
                0x000000000000374a        0x4 .build/obj_5x12_via/common/keyboard.o
                0x000000000000374a                keyboard_post_init_kb
 .text.keyboard_setup
                0x000000000000374e       0x14 .build/obj_5x12_via/common/keyboard.o
                0x000000000000374e                keyboard_setup
 .text.is_keyboard_master
                0x0000000000003762        0x4 .build/obj_5x12_via/common/keyboard.o
                0x0000000000003762                is_keyboard_master
 .text.should_process_keypress
                0x0000000000003766        0x4 .build/obj_5x12_via/common/keyboard.o
                0x0000000000003766                should_process_keypress
 .text.housekeeping_task_kb
                0x000000000000376a        0x2 .build/obj_5x12_via/common/keyboard.o
                0x000000000000376a                housekeeping_task_kb
 .text.housekeeping_task_user
                0x000000000000376c        0x2 .build/obj_5x12_via/common/keyboard.o
                0x000000000000376c                housekeeping_task_user
 .text.housekeeping_task
                0x000000000000376e        0x8 .build/obj_5x12_via/common/keyboard.o
                0x000000000000376e                housekeeping_task
 .text.keyboard_init
                0x0000000000003776       0x10 .build/obj_5x12_via/common/keyboard.o
                0x0000000000003776                keyboard_init
 .text.keyboard_set_leds
                0x0000000000003786       0x50 .build/obj_5x12_via/common/keyboard.o
                0x0000000000003786                keyboard_set_leds
 .text.keyboard_task
                0x00000000000037d6      0x164 .build/obj_5x12_via/common/keyboard.o
                0x00000000000037d6                keyboard_task
 .text.action_exec
                0x000000000000393a       0x64 .build/obj_5x12_via/common/action.o
                0x000000000000393a                action_exec
 .text.process_record_tap_hint
                0x000000000000399e        0xa .build/obj_5x12_via/common/action.o
                0x000000000000399e                process_record_tap_hint
 .text.register_code
                0x00000000000039a8      0x12e .build/obj_5x12_via/common/action.o
                0x00000000000039a8                register_code
 .text.unregister_code
                0x0000000000003ad6       0xac .build/obj_5x12_via/common/action.o
                0x0000000000003ad6                unregister_code
 .text.tap_code_delay
                0x0000000000003b82       0x2e .build/obj_5x12_via/common/action.o
                0x0000000000003b82                tap_code_delay
 .text.tap_code
                0x0000000000003bb0       0x10 .build/obj_5x12_via/common/action.o
                0x0000000000003bb0                tap_code
 .text.register_mods
                0x0000000000003bc0        0xe .build/obj_5x12_via/common/action.o
                0x0000000000003bc0                register_mods
 .text.unregister_mods
                0x0000000000003bce        0xe .build/obj_5x12_via/common/action.o
                0x0000000000003bce                unregister_mods
 .text.process_action
                0x0000000000003bdc      0x42c .build/obj_5x12_via/common/action.o
                0x0000000000003bdc                process_action
 .text.process_record_handler
                0x0000000000004008       0x2e .build/obj_5x12_via/common/action.o
                0x0000000000004008                process_record_handler
 .text.process_record
                0x0000000000004036       0x50 .build/obj_5x12_via/common/action.o
                0x0000000000004036                process_record
 .text.clear_keyboard_but_mods_and_keys
                0x0000000000004086       0x24 .build/obj_5x12_via/common/action.o
                0x0000000000004086                clear_keyboard_but_mods_and_keys
 .text.clear_keyboard_but_mods
                0x00000000000040aa        0x8 .build/obj_5x12_via/common/action.o
                0x00000000000040aa                clear_keyboard_but_mods
 .text.clear_keyboard
                0x00000000000040b2        0x8 .build/obj_5x12_via/common/action.o
                0x00000000000040b2                clear_keyboard
 .text.is_tap_action
                0x00000000000040ba       0x3e .build/obj_5x12_via/common/action.o
                0x00000000000040ba                is_tap_action
 .text.is_tap_key
                0x00000000000040f8        0x8 .build/obj_5x12_via/common/action.o
                0x00000000000040f8                is_tap_key
 .text.debug_event
                0x0000000000004100       0x1e .build/obj_5x12_via/common/action.o
                0x0000000000004100                debug_event
 .text.debug_record
                0x000000000000411e       0x20 .build/obj_5x12_via/common/action.o
                0x000000000000411e                debug_record
 .text.debug_waiting_buffer
                0x000000000000413e       0x42 .build/obj_5x12_via/common/action_tapping.o
 .text.debug_tapping_key
                0x0000000000004180       0x1c .build/obj_5x12_via/common/action_tapping.o
 .text.waiting_buffer_scan_tap
                0x000000000000419c       0xac .build/obj_5x12_via/common/action_tapping.o
 .text.process_tapping
                0x0000000000004248      0x356 .build/obj_5x12_via/common/action_tapping.o
 .text.action_tapping_process
                0x000000000000459e      0x134 .build/obj_5x12_via/common/action_tapping.o
                0x000000000000459e                action_tapping_process
 .text.action_macro_play
                0x00000000000046d2       0xf0 .build/obj_5x12_via/common/action_macro.o
                0x00000000000046d2                action_macro_play
 .text.default_layer_state_set_user
                0x00000000000047c2        0x2 .build/obj_5x12_via/common/action_layer.o
                0x00000000000047c2                default_layer_state_set_user
 .text.default_layer_state_set_kb
                0x00000000000047c4        0x4 .build/obj_5x12_via/common/action_layer.o
                0x00000000000047c4                default_layer_state_set_kb
 .text.default_layer_state_set
                0x00000000000047c8       0x18 .build/obj_5x12_via/common/action_layer.o
 .text.default_layer_debug
                0x00000000000047e0        0x2 .build/obj_5x12_via/common/action_layer.o
                0x00000000000047e0                default_layer_debug
 .text.default_layer_set
                0x00000000000047e2        0x4 .build/obj_5x12_via/common/action_layer.o
                0x00000000000047e2                default_layer_set
 .text.default_layer_or
                0x00000000000047e6       0x24 .build/obj_5x12_via/common/action_layer.o
                0x00000000000047e6                default_layer_or
 .text.default_layer_and
                0x000000000000480a       0x24 .build/obj_5x12_via/common/action_layer.o
                0x000000000000480a                default_layer_and
 .text.default_layer_xor
                0x000000000000482e       0x24 .build/obj_5x12_via/common/action_layer.o
                0x000000000000482e                default_layer_xor
 .text.layer_state_set_user
                0x0000000000004852        0x4 .build/obj_5x12_via/common/action_layer.o
                0x0000000000004852                layer_state_set_user
 .text.layer_state_set_kb
                0x0000000000004856        0x4 .build/obj_5x12_via/common/action_layer.o
                0x0000000000004856                layer_state_set_kb
 .text.layer_state_set
                0x000000000000485a       0x18 .build/obj_5x12_via/common/action_layer.o
                0x000000000000485a                layer_state_set
 .text.layer_clear
                0x0000000000004872        0xa .build/obj_5x12_via/common/action_layer.o
                0x0000000000004872                layer_clear
 .text.layer_move
                0x000000000000487c       0x2a .build/obj_5x12_via/common/action_layer.o
                0x000000000000487c                layer_move
 .text.layer_on
                0x00000000000048a6       0x42 .build/obj_5x12_via/common/action_layer.o
                0x00000000000048a6                layer_on
 .text.layer_off
                0x00000000000048e8       0x46 .build/obj_5x12_via/common/action_layer.o
                0x00000000000048e8                layer_off
 .text.layer_invert
                0x000000000000492e       0x42 .build/obj_5x12_via/common/action_layer.o
                0x000000000000492e                layer_invert
 .text.layer_or
                0x0000000000004970       0x24 .build/obj_5x12_via/common/action_layer.o
                0x0000000000004970                layer_or
 .text.layer_and
                0x0000000000004994       0x24 .build/obj_5x12_via/common/action_layer.o
                0x0000000000004994                layer_and
 .text.layer_xor
                0x00000000000049b8       0x24 .build/obj_5x12_via/common/action_layer.o
                0x00000000000049b8                layer_xor
 .text.layer_debug
                0x00000000000049dc        0x2 .build/obj_5x12_via/common/action_layer.o
                0x00000000000049dc                layer_debug
 .text.update_source_layers_cache
                0x00000000000049de       0x58 .build/obj_5x12_via/common/action_layer.o
                0x00000000000049de                update_source_layers_cache
 .text.read_source_layers_cache
                0x0000000000004a36       0x50 .build/obj_5x12_via/common/action_layer.o
                0x0000000000004a36                read_source_layers_cache
 .text.layer_switch_get_layer
                0x0000000000004a86       0x84 .build/obj_5x12_via/common/action_layer.o
                0x0000000000004a86                layer_switch_get_layer
 .text.layer_switch_get_action
                0x0000000000004b0a       0x14 .build/obj_5x12_via/common/action_layer.o
                0x0000000000004b0a                layer_switch_get_action
 .text.store_or_get_action
                0x0000000000004b1e       0x48 .build/obj_5x12_via/common/action_layer.o
                0x0000000000004b1e                store_or_get_action
 .text.add_key  0x0000000000004b66        0xe .build/obj_5x12_via/common/action_util.o
                0x0000000000004b66                add_key
 .text.del_key  0x0000000000004b74        0xe .build/obj_5x12_via/common/action_util.o
                0x0000000000004b74                del_key
 .text.clear_keys
                0x0000000000004b82        0xc .build/obj_5x12_via/common/action_util.o
                0x0000000000004b82                clear_keys
 .text.get_oneshot_layer
                0x0000000000004b8e        0xc .build/obj_5x12_via/common/action_util.o
                0x0000000000004b8e                get_oneshot_layer
 .text.get_oneshot_layer_state
                0x0000000000004b9a        0x8 .build/obj_5x12_via/common/action_util.o
                0x0000000000004b9a                get_oneshot_layer_state
 .text.is_oneshot_layer_active
                0x0000000000004ba2        0xe .build/obj_5x12_via/common/action_util.o
                0x0000000000004ba2                is_oneshot_layer_active
 .text.oneshot_set
                0x0000000000004bb0       0x4a .build/obj_5x12_via/common/action_util.o
                0x0000000000004bb0                oneshot_set
 .text.oneshot_toggle
                0x0000000000004bfa       0x12 .build/obj_5x12_via/common/action_util.o
                0x0000000000004bfa                oneshot_toggle
 .text.oneshot_enable
                0x0000000000004c0c        0x6 .build/obj_5x12_via/common/action_util.o
                0x0000000000004c0c                oneshot_enable
 .text.oneshot_disable
                0x0000000000004c12        0x6 .build/obj_5x12_via/common/action_util.o
                0x0000000000004c12                oneshot_disable
 .text.get_mods
                0x0000000000004c18        0x6 .build/obj_5x12_via/common/action_util.o
                0x0000000000004c18                get_mods
 .text.add_mods
                0x0000000000004c1e        0xc .build/obj_5x12_via/common/action_util.o
                0x0000000000004c1e                add_mods
 .text.del_mods
                0x0000000000004c2a        0xe .build/obj_5x12_via/common/action_util.o
                0x0000000000004c2a                del_mods
 .text.clear_mods
                0x0000000000004c38        0x6 .build/obj_5x12_via/common/action_util.o
                0x0000000000004c38                clear_mods
 .text.add_weak_mods
                0x0000000000004c3e        0xc .build/obj_5x12_via/common/action_util.o
                0x0000000000004c3e                add_weak_mods
 .text.del_weak_mods
                0x0000000000004c4a        0xe .build/obj_5x12_via/common/action_util.o
                0x0000000000004c4a                del_weak_mods
 .text.clear_weak_mods
                0x0000000000004c58        0x6 .build/obj_5x12_via/common/action_util.o
                0x0000000000004c58                clear_weak_mods
 .text.add_macro_mods
                0x0000000000004c5e        0xc .build/obj_5x12_via/common/action_util.o
                0x0000000000004c5e                add_macro_mods
 .text.del_macro_mods
                0x0000000000004c6a        0xe .build/obj_5x12_via/common/action_util.o
                0x0000000000004c6a                del_macro_mods
 .text.clear_macro_mods
                0x0000000000004c78        0x6 .build/obj_5x12_via/common/action_util.o
                0x0000000000004c78                clear_macro_mods
 .text.get_oneshot_mods
                0x0000000000004c7e        0x6 .build/obj_5x12_via/common/action_util.o
                0x0000000000004c7e                get_oneshot_mods
 .text.oneshot_mods_changed_user
                0x0000000000004c84        0x2 .build/obj_5x12_via/common/action_util.o
                0x0000000000004c84                oneshot_mods_changed_user
 .text.oneshot_mods_changed_kb
                0x0000000000004c86        0x4 .build/obj_5x12_via/common/action_util.o
                0x0000000000004c86                oneshot_mods_changed_kb
 .text.set_oneshot_mods
                0x0000000000004c8a       0x1a .build/obj_5x12_via/common/action_util.o
                0x0000000000004c8a                set_oneshot_mods
 .text.clear_oneshot_mods
                0x0000000000004ca4       0x14 .build/obj_5x12_via/common/action_util.o
                0x0000000000004ca4                clear_oneshot_mods
 .text.send_keyboard_report
                0x0000000000004cb8       0x66 .build/obj_5x12_via/common/action_util.o
                0x0000000000004cb8                send_keyboard_report
 .text.oneshot_layer_changed_user
                0x0000000000004d1e        0x2 .build/obj_5x12_via/common/action_util.o
                0x0000000000004d1e                oneshot_layer_changed_user
 .text.oneshot_layer_changed_kb
                0x0000000000004d20        0x4 .build/obj_5x12_via/common/action_util.o
                0x0000000000004d20                oneshot_layer_changed_kb
 .text.set_oneshot_layer
                0x0000000000004d24       0x2c .build/obj_5x12_via/common/action_util.o
                0x0000000000004d24                set_oneshot_layer
 .text.reset_oneshot_layer
                0x0000000000004d50        0xa .build/obj_5x12_via/common/action_util.o
                0x0000000000004d50                reset_oneshot_layer
 .text.clear_oneshot_layer_state
                0x0000000000004d5a       0x38 .build/obj_5x12_via/common/action_util.o
                0x0000000000004d5a                clear_oneshot_layer_state
 .text.eeconfig_disable
                0x0000000000004d92        0xc .build/obj_5x12_via/common/eeconfig.o
                0x0000000000004d92                eeconfig_disable
 .text.eeconfig_is_enabled
                0x0000000000004d9e       0x16 .build/obj_5x12_via/common/eeconfig.o
                0x0000000000004d9e                eeconfig_is_enabled
 .text.eeconfig_read_debug
                0x0000000000004db4        0x8 .build/obj_5x12_via/common/eeconfig.o
                0x0000000000004db4                eeconfig_read_debug
 .text.eeconfig_read_default_layer
                0x0000000000004dbc        0x8 .build/obj_5x12_via/common/eeconfig.o
                0x0000000000004dbc                eeconfig_read_default_layer
 .text.eeconfig_read_keymap
                0x0000000000004dc4       0x1c .build/obj_5x12_via/common/eeconfig.o
                0x0000000000004dc4                eeconfig_read_keymap
 .text.eeconfig_update_keymap
                0x0000000000004de0       0x1a .build/obj_5x12_via/common/eeconfig.o
                0x0000000000004de0                eeconfig_update_keymap
 .text.eeconfig_update_kb
                0x0000000000004dfa        0xc .build/obj_5x12_via/common/eeconfig.o
                0x0000000000004dfa                eeconfig_update_kb
 .text.eeconfig_update_user
                0x0000000000004e06        0xc .build/obj_5x12_via/common/eeconfig.o
                0x0000000000004e06                eeconfig_update_user
 .text.eeconfig_init_user
                0x0000000000004e12        0xa .build/obj_5x12_via/common/eeconfig.o
                0x0000000000004e12                eeconfig_init_user
 .text.eeconfig_init_kb
                0x0000000000004e1c        0xe .build/obj_5x12_via/common/eeconfig.o
                0x0000000000004e1c                eeconfig_init_kb
 .text.eeconfig_init_quantum
                0x0000000000004e2a       0xbe .build/obj_5x12_via/common/eeconfig.o
                0x0000000000004e2a                eeconfig_init_quantum
 .text.eeconfig_init
                0x0000000000004ee8        0x4 .build/obj_5x12_via/common/eeconfig.o
                0x0000000000004ee8                eeconfig_init
 .text.eeconfig_update_handedness
                0x0000000000004eec        0xa .build/obj_5x12_via/common/eeconfig.o
                0x0000000000004eec                eeconfig_update_handedness
 .text.has_anykey
                0x0000000000004ef6       0x24 .build/obj_5x12_via/common/report.o
                0x0000000000004ef6                has_anykey
 .text.is_key_pressed
                0x0000000000004f1a       0x1e .build/obj_5x12_via/common/report.o
                0x0000000000004f1a                is_key_pressed
 .text.add_key_byte
                0x0000000000004f38       0x34 .build/obj_5x12_via/common/report.o
                0x0000000000004f38                add_key_byte
 .text.del_key_byte
                0x0000000000004f6c       0x1a .build/obj_5x12_via/common/report.o
                0x0000000000004f6c                del_key_byte
 .text.add_key_to_report
                0x0000000000004f86        0x4 .build/obj_5x12_via/common/report.o
                0x0000000000004f86                add_key_to_report
 .text.del_key_from_report
                0x0000000000004f8a        0x4 .build/obj_5x12_via/common/report.o
                0x0000000000004f8a                del_key_from_report
 .text.clear_keys_from_report
                0x0000000000004f8e        0xe .build/obj_5x12_via/common/report.o
                0x0000000000004f8e                clear_keys_from_report
 .text.matrix_power_up
                0x0000000000004f9c        0x2 .build/obj_5x12_via/common/avr/suspend.o
                0x0000000000004f9c                matrix_power_up
 .text.suspend_power_down_user
                0x0000000000004f9e        0x2 .build/obj_5x12_via/common/avr/suspend.o
                0x0000000000004f9e                suspend_power_down_user
 .text.suspend_power_down_kb
                0x0000000000004fa0        0x4 .build/obj_5x12_via/common/avr/suspend.o
                0x0000000000004fa0                suspend_power_down_kb
 .text.suspend_power_down
                0x0000000000004fa4       0x5c .build/obj_5x12_via/common/avr/suspend.o
                0x0000000000004fa4                suspend_power_down
 .text.matrix_power_down
                0x0000000000005000        0x2 .build/obj_5x12_via/common/avr/suspend.o
                0x0000000000005000                matrix_power_down
 .text.suspend_wakeup_condition
                0x0000000000005002       0x2a .build/obj_5x12_via/common/avr/suspend.o
                0x0000000000005002                suspend_wakeup_condition
 .text.suspend_wakeup_init_user
                0x000000000000502c        0x2 .build/obj_5x12_via/common/avr/suspend.o
                0x000000000000502c                suspend_wakeup_init_user
 .text.suspend_wakeup_init_kb
                0x000000000000502e        0x4 .build/obj_5x12_via/common/avr/suspend.o
                0x000000000000502e                suspend_wakeup_init_kb
 .text.suspend_wakeup_init
                0x0000000000005032       0x10 .build/obj_5x12_via/common/avr/suspend.o
                0x0000000000005032                suspend_wakeup_init
 .text.__vector_12
                0x0000000000005042       0x4e .build/obj_5x12_via/common/avr/suspend.o
                0x0000000000005042                __vector_12
 .text.timer_init
                0x0000000000005090       0x12 .build/obj_5x12_via/common/avr/timer.o
                0x0000000000005090                timer_init
 .text.timer_read
                0x00000000000050a2       0x18 .build/obj_5x12_via/common/avr/timer.o
                0x00000000000050a2                timer_read
 .text.timer_read32
                0x00000000000050ba       0x18 .build/obj_5x12_via/common/avr/timer.o
                0x00000000000050ba                timer_read32
 .text.timer_elapsed
                0x00000000000050d2       0x1e .build/obj_5x12_via/common/avr/timer.o
                0x00000000000050d2                timer_elapsed
 .text.__vector_21
                0x00000000000050f0       0x48 .build/obj_5x12_via/common/avr/timer.o
                0x00000000000050f0                __vector_21
 .text.bootloader_jump
                0x0000000000005138       0x22 .build/obj_5x12_via/common/avr/bootloader.o
                0x0000000000005138                bootloader_jump
 .text.print_set_sendchar
                0x000000000000515a        0xa .build/obj_5x12_via/common/avr/printf.o
                0x000000000000515a                print_set_sendchar
 .text.keyboard_leds
                0x0000000000005164        0x6 .build/obj_5x12_via/lufa.o
 .text.send_extra
                0x000000000000516a       0x64 .build/obj_5x12_via/lufa.o
 .text.send_consumer
                0x00000000000051ce        0x8 .build/obj_5x12_via/lufa.o
 .text.send_system
                0x00000000000051d6        0x8 .build/obj_5x12_via/lufa.o
 .text.send_mouse
                0x00000000000051de       0x42 .build/obj_5x12_via/lufa.o
 .text.send_keyboard
                0x0000000000005220       0x5a .build/obj_5x12_via/lufa.o
 .text.raw_hid_send
                0x000000000000527a       0x54 .build/obj_5x12_via/lufa.o
                0x000000000000527a                raw_hid_send
 .text.EVENT_USB_Device_Connect
                0x00000000000052ce       0x24 .build/obj_5x12_via/lufa.o
                0x00000000000052ce                EVENT_USB_Device_Connect
 .text.EVENT_USB_Device_Disconnect
                0x00000000000052f2        0xe .build/obj_5x12_via/lufa.o
                0x00000000000052f2                EVENT_USB_Device_Disconnect
 .text.EVENT_USB_Device_Reset
                0x0000000000005300        0x8 .build/obj_5x12_via/lufa.o
                0x0000000000005300                EVENT_USB_Device_Reset
 .text.EVENT_USB_Device_Suspend
                0x0000000000005308        0x8 .build/obj_5x12_via/lufa.o
                0x0000000000005308                EVENT_USB_Device_Suspend
 .text.EVENT_USB_Device_WakeUp
                0x0000000000005310        0x8 .build/obj_5x12_via/lufa.o
                0x0000000000005310                EVENT_USB_Device_WakeUp
 .text.EVENT_USB_Device_StartOfFrame
                0x0000000000005318       0x82 .build/obj_5x12_via/lufa.o
                0x0000000000005318                EVENT_USB_Device_StartOfFrame
 .text.EVENT_USB_Device_ConfigurationChanged
                0x000000000000539a       0x32 .build/obj_5x12_via/lufa.o
                0x000000000000539a                EVENT_USB_Device_ConfigurationChanged
 .text.EVENT_USB_Device_ControlRequest
                0x00000000000053cc      0x172 .build/obj_5x12_via/lufa.o
                0x00000000000053cc                EVENT_USB_Device_ControlRequest
 .text.sendchar
                0x000000000000553e       0xc4 .build/obj_5x12_via/lufa.o
                0x000000000000553e                sendchar
 .text.startup.main
                0x0000000000005602       0xfe .build/obj_5x12_via/lufa.o
                0x0000000000005602                main
 .text.CALLBACK_USB_GetDescriptor
                0x0000000000005700        0x4 .build/obj_5x12_via/lufa.o
                0x0000000000005700                CALLBACK_USB_GetDescriptor
 .text.get_usb_descriptor
                0x0000000000005704       0xae .build/obj_5x12_via/usb_descriptor.o
                0x0000000000005704                get_usb_descriptor
 .text.USB_Device_SendRemoteWakeup
                0x00000000000057b2       0x2c .build/obj_5x12_via/lib/lufa/LUFA/Drivers/USB/Core/AVR8/Device_AVR8.o
                0x00000000000057b2                USB_Device_SendRemoteWakeup
 .text.Endpoint_Write_Stream_LE
                0x00000000000057de       0x9e .build/obj_5x12_via/lib/lufa/LUFA/Drivers/USB/Core/AVR8/EndpointStream_AVR8.o
                0x00000000000057de                Endpoint_Write_Stream_LE
 .text.Endpoint_Read_Stream_LE
                0x000000000000587c       0x9e .build/obj_5x12_via/lib/lufa/LUFA/Drivers/USB/Core/AVR8/EndpointStream_AVR8.o
                0x000000000000587c                Endpoint_Read_Stream_LE
 .text.Endpoint_Write_Control_Stream_LE
                0x000000000000591a       0xbc .build/obj_5x12_via/lib/lufa/LUFA/Drivers/USB/Core/AVR8/EndpointStream_AVR8.o
                0x000000000000591a                Endpoint_Write_Control_Stream_LE
 .text.Endpoint_Write_Control_PStream_LE
                0x00000000000059d6       0xbe .build/obj_5x12_via/lib/lufa/LUFA/Drivers/USB/Core/AVR8/EndpointStream_AVR8.o
                0x00000000000059d6                Endpoint_Write_Control_PStream_LE
 .text.Endpoint_ConfigureEndpoint_Prv
                0x0000000000005a94       0x68 .build/obj_5x12_via/lib/lufa/LUFA/Drivers/USB/Core/AVR8/Endpoint_AVR8.o
                0x0000000000005a94                Endpoint_ConfigureEndpoint_Prv
 .text.Endpoint_ClearStatusStage
                0x0000000000005afc       0x3e .build/obj_5x12_via/lib/lufa/LUFA/Drivers/USB/Core/AVR8/Endpoint_AVR8.o
                0x0000000000005afc                Endpoint_ClearStatusStage
 .text.Endpoint_WaitUntilReady
                0x0000000000005b3a       0x62 .build/obj_5x12_via/lib/lufa/LUFA/Drivers/USB/Core/AVR8/Endpoint_AVR8.o
                0x0000000000005b3a                Endpoint_WaitUntilReady
 .text.USB_Disable
                0x0000000000005b9c       0x34 .build/obj_5x12_via/lib/lufa/LUFA/Drivers/USB/Core/AVR8/USBController_AVR8.o
                0x0000000000005b9c                USB_Disable
 .text.USB_ResetInterface
                0x0000000000005bd0       0x86 .build/obj_5x12_via/lib/lufa/LUFA/Drivers/USB/Core/AVR8/USBController_AVR8.o
                0x0000000000005bd0                USB_ResetInterface
 .text.USB_Init
                0x0000000000005c56       0x22 .build/obj_5x12_via/lib/lufa/LUFA/Drivers/USB/Core/AVR8/USBController_AVR8.o
                0x0000000000005c56                USB_Init
 .text.USB_INT_DisableAllInterrupts
                0x0000000000005c78       0x10 .build/obj_5x12_via/lib/lufa/LUFA/Drivers/USB/Core/AVR8/USBInterrupt_AVR8.o
                0x0000000000005c78                USB_INT_DisableAllInterrupts
 .text.USB_INT_ClearAllInterrupts
                0x0000000000005c88        0xa .build/obj_5x12_via/lib/lufa/LUFA/Drivers/USB/Core/AVR8/USBInterrupt_AVR8.o
                0x0000000000005c88                USB_INT_ClearAllInterrupts
 .text.__vector_10
                0x0000000000005c92      0x1a8 .build/obj_5x12_via/lib/lufa/LUFA/Drivers/USB/Core/AVR8/USBInterrupt_AVR8.o
                0x0000000000005c92                __vector_10
 .text.__vector_11
                0x0000000000005e3a       0x88 .build/obj_5x12_via/lib/lufa/LUFA/Drivers/USB/Core/AVR8/USBInterrupt_AVR8.o
                0x0000000000005e3a                __vector_11
 .text.USB_Device_ProcessControlRequest
                0x0000000000005ec2      0x2a4 .build/obj_5x12_via/lib/lufa/LUFA/Drivers/USB/Core/DeviceStandardReq.o
                0x0000000000005ec2                USB_Device_ProcessControlRequest
 .text.USB_USBTask
                0x0000000000006166       0x36 .build/obj_5x12_via/lib/lufa/LUFA/Drivers/USB/Core/USBTask.o
                0x0000000000006166                USB_USBTask
 .text.libgcc.div
                0x000000000000619c       0x18 e:/game/msys2/mingw64/bin/../lib/gcc/avr/8.4.0/avr5\libgcc.a(_udivmodqi4.o)
                0x000000000000619c                __udivmodqi4
 .text.libgcc.div
                0x00000000000061b4       0x28 e:/game/msys2/mingw64/bin/../lib/gcc/avr/8.4.0/avr5\libgcc.a(_divmodhi4.o)
                0x00000000000061b4                _div
                0x00000000000061b4                __divmodhi4
 .text.libgcc   0x00000000000061dc        0xc e:/game/msys2/mingw64/bin/../lib/gcc/avr/8.4.0/avr5\libgcc.a(_tablejump2.o)
                0x00000000000061dc                __tablejump2__
 .text.libgcc.builtins
                0x00000000000061e8        0xe e:/game/msys2/mingw64/bin/../lib/gcc/avr/8.4.0/avr5\libgcc.a(_bswapsi2.o)
                0x00000000000061e8                __bswapsi2
 .text.libgcc.div
                0x00000000000061f6       0x28 e:/game/msys2/mingw64/bin/../lib/gcc/avr/8.4.0/avr5\libgcc.a(_udivmodhi4.o)
                0x00000000000061f6                __udivmodhi4
 .text.avr-libc
                0x000000000000621e       0x10 e:/game/msys2/mingw64/bin/../lib/gcc/avr/8.4.0/../../../../avr/lib/avr5\libatmega32u4.a(eerd_byte.o)
                0x000000000000621e                eeprom_read_byte
 .text.avr-libc
                0x000000000000622e        0xc e:/game/msys2/mingw64/bin/../lib/gcc/avr/8.4.0/../../../../avr/lib/avr5\libatmega32u4.a(eerd_word.o)
                0x000000000000622e                eeprom_read_word
 .text.avr-libc
                0x000000000000623a       0x24 e:/game/msys2/mingw64/bin/../lib/gcc/avr/8.4.0/../../../../avr/lib/avr5\libatmega32u4.a(eeupd_byte.o)
                0x000000000000623a                eeprom_update_byte
                0x000000000000623c                eeprom_update_r18
 .text.avr-libc
                0x000000000000625e       0x18 e:/game/msys2/mingw64/bin/../lib/gcc/avr/8.4.0/../../../../avr/lib/avr5\libatmega32u4.a(eeupd_dword.o)
                0x000000000000625e                eeprom_update_float
                0x000000000000625e                eeprom_update_dword
 .text.avr-libc
                0x0000000000006276        0xc e:/game/msys2/mingw64/bin/../lib/gcc/avr/8.4.0/../../../../avr/lib/avr5\libatmega32u4.a(eeupd_word.o)
                0x0000000000006276                eeprom_update_word
 .text.avr-libc
                0x0000000000006282       0x20 e:/game/msys2/mingw64/bin/../lib/gcc/avr/8.4.0/../../../../avr/lib/avr5\libatmega32u4.a(eerd_block.o)
                0x0000000000006282                eeprom_read_block
                0x0000000000006286                eeprom_read_blraw
                0x00000000000062a2                . = ALIGN (0x2)
 *(.fini9)
 .fini9         0x00000000000062a2        0x0 e:/game/msys2/mingw64/bin/../lib/gcc/avr/8.4.0/avr5\libgcc.a(_exit.o)
                0x00000000000062a2                _exit
                0x00000000000062a2                exit
 *(.fini9)
 *(.fini8)
 *(.fini8)
 *(.fini7)
 *(.fini7)
 *(.fini6)
 *(.fini6)
 *(.fini5)
 *(.fini5)
 *(.fini4)
 *(.fini4)
 *(.fini3)
 *(.fini3)
 *(.fini2)
 *(.fini2)
 *(.fini1)
 *(.fini1)
 *(.fini0)
 .fini0         0x00000000000062a2        0x4 e:/game/msys2/mingw64/bin/../lib/gcc/avr/8.4.0/avr5\libgcc.a(_exit.o)
 *(.fini0)
 *(.hightext)
 *(.hightext*)
 *(.progmemx.*)
                0x00000000000062a6                . = ALIGN (0x2)
 *(.jumptables)
 *(.jumptables*)
 .jumptables.gcc.raw_hid_receive
                0x00000000000062a6       0x26 .build/obj_5x12_via/quantum/via.o
 .jumptables.gcc.process_action
                0x00000000000062cc       0x20 .build/obj_5x12_via/common/action.o
 .jumptables.gcc.is_tap_action
                0x00000000000062ec       0x1c .build/obj_5x12_via/common/action.o
 .jumptables.gcc.USB_Device_ProcessControlRequest
                0x0000000000006308       0x14 .build/obj_5x12_via/lib/lufa/LUFA/Drivers/USB/Core/DeviceStandardReq.o
                0x000000000000631c                _etext = .

.data           0x0000000000800100       0xa6 load address 0x000000000000631c
                0x0000000000800100                PROVIDE (__data_start = .)
 *(.data)
 *(.data*)
 .data.mk_wheel_time_to_max
                0x0000000000800100        0x1 .build/obj_5x12_via/quantum/mousekey.o
                0x0000000000800100                mk_wheel_time_to_max
 .data.mk_wheel_max_speed
                0x0000000000800101        0x1 .build/obj_5x12_via/quantum/mousekey.o
                0x0000000000800101                mk_wheel_max_speed
 .data.mk_wheel_interval
                0x0000000000800102        0x1 .build/obj_5x12_via/quantum/mousekey.o
                0x0000000000800102                mk_wheel_interval
 .data.mk_wheel_delay
                0x0000000000800103        0x1 .build/obj_5x12_via/quantum/mousekey.o
                0x0000000000800103                mk_wheel_delay
 .data.mk_time_to_max
                0x0000000000800104        0x1 .build/obj_5x12_via/quantum/mousekey.o
                0x0000000000800104                mk_time_to_max
 .data.mk_max_speed
                0x0000000000800105        0x1 .build/obj_5x12_via/quantum/mousekey.o
                0x0000000000800105                mk_max_speed
 .data.mk_interval
                0x0000000000800106        0x1 .build/obj_5x12_via/quantum/mousekey.o
                0x0000000000800106                mk_interval
 .data.mk_delay
                0x0000000000800107        0x1 .build/obj_5x12_via/quantum/mousekey.o
                0x0000000000800107                mk_delay
 .data.keyboard_report
                0x0000000000800108        0x2 .build/obj_5x12_via/common/action_util.o
                0x0000000000800108                keyboard_report
 .data.lufa_driver
                0x000000000080010a        0xa .build/obj_5x12_via/lufa.o
                0x000000000080010a                lufa_driver
 .data.keyboard_protocol
                0x0000000000800114        0x1 .build/obj_5x12_via/lufa.o
                0x0000000000800114                keyboard_protocol
 *(.gnu.linkonce.d*)
 *(.rodata)
 *(.rodata*)
 .rodata.CSWTCH.1
                0x0000000000800115       0x2e .build/obj_5x12_via/quantum/keymap_common.o
 .rodata.CSWTCH.0
                0x0000000000800143        0x3 .build/obj_5x12_via/quantum/keymap_common.o
 .rodata.col_pins
                0x0000000000800146        0xc .build/obj_5x12_via/quantum/matrix.o
 .rodata.row_pins
                0x0000000000800152        0x5 .build/obj_5x12_via/quantum/matrix.o
 .rodata.CSWTCH.55
                0x0000000000800157        0xa .build/obj_5x12_via/quantum/command.o
 .rodata.CSWTCH.12
                0x0000000000800161       0x2e .build/obj_5x12_via/common/action.o
 .rodata.CSWTCH.11
                0x000000000080018f        0x3 .build/obj_5x12_via/common/action.o
 .rodata.CSWTCH.2
                0x0000000000800192        0x4 .build/obj_5x12_via/usb_descriptor.o
 .rodata.CSWTCH.1
                0x0000000000800196        0x8 .build/obj_5x12_via/usb_descriptor.o
 .rodata.CSWTCH.0
                0x000000000080019e        0x8 .build/obj_5x12_via/usb_descriptor.o
 *(.gnu.linkonce.r*)
                0x00000000008001a6                . = ALIGN (0x2)
                0x00000000008001a6                _edata = .
                0x00000000008001a6                PROVIDE (__data_end = .)

.bss            0x00000000008001a6       0xdd
                0x00000000008001a6                PROVIDE (__bss_start = .)
 *(.bss)
 .bss           0x00000000008001a6        0x2 .build/obj_5x12_via/common/avr/xprintf.o
                0x00000000008001a6                xfunc_out
 *(.bss*)
 .bss.debouncing_time
                0x00000000008001a8        0x2 .build/obj_5x12_via/quantum/debounce/sym_defer_g.o
 .bss.debouncing
                0x00000000008001aa        0x1 .build/obj_5x12_via/quantum/debounce/sym_defer_g.o
 .bss.mousekey_param
                0x00000000008001ab        0x1 .build/obj_5x12_via/quantum/command.o
 .bss.command_state
                0x00000000008001ac        0x1 .build/obj_5x12_via/quantum/command.o
                0x00000000008001ac                command_state
 .bss.last_timer_w
                0x00000000008001ad        0x2 .build/obj_5x12_via/quantum/mousekey.o
 .bss.last_timer_c
                0x00000000008001af        0x2 .build/obj_5x12_via/quantum/mousekey.o
 .bss.mousekey_wheel_repeat
                0x00000000008001b1        0x1 .build/obj_5x12_via/quantum/mousekey.o
 .bss.mousekey_repeat
                0x00000000008001b2        0x1 .build/obj_5x12_via/quantum/mousekey.o
 .bss.mousekey_accel
                0x00000000008001b3        0x1 .build/obj_5x12_via/quantum/mousekey.o
 .bss.mouse_report
                0x00000000008001b4        0x6 .build/obj_5x12_via/quantum/mousekey.o
 .bss.sc_timer  0x00000000008001ba        0x2 .build/obj_5x12_via/quantum/process_keycode/process_space_cadet.o
 .bss.sc_last   0x00000000008001bc        0x1 .build/obj_5x12_via/quantum/process_keycode/process_space_cadet.o
 .bss.grave_esc_was_shifted
                0x00000000008001bd        0x1 .build/obj_5x12_via/quantum/process_keycode/process_grave_esc.o
 .bss.last_consumer_report
                0x00000000008001be        0x2 .build/obj_5x12_via/common/host.o
 .bss.last_system_report
                0x00000000008001c0        0x2 .build/obj_5x12_via/common/host.o
 .bss.driver    0x00000000008001c2        0x2 .build/obj_5x12_via/common/host.o
 .bss.led_status.3323
                0x00000000008001c4        0x1 .build/obj_5x12_via/common/keyboard.o
 .bss.matrix_prev.3322
                0x00000000008001c5        0xa .build/obj_5x12_via/common/keyboard.o
 .bss.last_matrix_modification_time
                0x00000000008001cf        0x4 .build/obj_5x12_via/common/keyboard.o
 .bss.last_input_modification_time
                0x00000000008001d3        0x4 .build/obj_5x12_via/common/keyboard.o
 .bss.disable_action_cache
                0x00000000008001d7        0x1 .build/obj_5x12_via/common/action.o
                0x00000000008001d7                disable_action_cache
 .bss.waiting_buffer_tail
                0x00000000008001d8        0x1 .build/obj_5x12_via/common/action_tapping.o
 .bss.waiting_buffer_head
                0x00000000008001d9        0x1 .build/obj_5x12_via/common/action_tapping.o
 .bss.waiting_buffer
                0x00000000008001da       0x30 .build/obj_5x12_via/common/action_tapping.o
 .bss.tapping_key
                0x000000000080020a        0x6 .build/obj_5x12_via/common/action_tapping.o
 .bss.source_layers_cache
                0x0000000000800210       0x28 .build/obj_5x12_via/common/action_layer.o
                0x0000000000800210                source_layers_cache
 .bss.layer_state
                0x0000000000800238        0x4 .build/obj_5x12_via/common/action_layer.o
                0x0000000000800238                layer_state
 .bss.default_layer_state
                0x000000000080023c        0x4 .build/obj_5x12_via/common/action_layer.o
                0x000000000080023c                default_layer_state
 .bss.oneshot_layer_data
                0x0000000000800240        0x1 .build/obj_5x12_via/common/action_util.o
 .bss.oneshot_mods
                0x0000000000800241        0x1 .build/obj_5x12_via/common/action_util.o
 .bss.__compound_literal.0
                0x0000000000800242        0x8 .build/obj_5x12_via/common/action_util.o
 .bss.macro_mods
                0x000000000080024a        0x1 .build/obj_5x12_via/common/action_util.o
 .bss.weak_mods
                0x000000000080024b        0x1 .build/obj_5x12_via/common/action_util.o
 .bss.real_mods
                0x000000000080024c        0x1 .build/obj_5x12_via/common/action_util.o
 .bss.debug_config
                0x000000000080024d        0x1 .build/obj_5x12_via/common/debug.o
                0x000000000080024d                debug_config
 .bss.wdt_timeout
                0x000000000080024e        0x1 .build/obj_5x12_via/common/avr/suspend.o
 .bss.timed_out.6529
                0x000000000080024f        0x1 .build/obj_5x12_via/lufa.o
 .bss.count.6460
                0x0000000000800250        0x1 .build/obj_5x12_via/lufa.o
 .bss.console_flush
                0x0000000000800251        0x1 .build/obj_5x12_via/lufa.o
 .bss.keyboard_report_sent
                0x0000000000800252        0x8 .build/obj_5x12_via/lufa.o
 .bss.keyboard_led_state
                0x000000000080025a        0x1 .build/obj_5x12_via/lufa.o
 .bss.keyboard_idle
                0x000000000080025b        0x1 .build/obj_5x12_via/lufa.o
                0x000000000080025b                keyboard_idle
 *(COMMON)
 COMMON         0x000000000080025c        0x2 .build/obj_5x12_via/quantum/bootmagic/magic.o
                0x000000000080025c                keymap_config
 COMMON         0x000000000080025e       0x14 .build/obj_5x12_via/quantum/matrix_common.o
                0x000000000080025e                raw_matrix
                0x0000000000800268                matrix
 COMMON         0x0000000000800272        0x4 .build/obj_5x12_via/common/avr/timer.o
                0x0000000000800272                timer_count
 COMMON         0x0000000000800276        0x3 .build/obj_5x12_via/lib/lufa/LUFA/Drivers/USB/Core/DeviceStandardReq.o
                0x0000000000800276                USB_Device_ConfigurationNumber
                0x0000000000800277                USB_Device_CurrentlySelfPowered
                0x0000000000800278                USB_Device_RemoteWakeupEnabled
 COMMON         0x0000000000800279        0xa .build/obj_5x12_via/lib/lufa/LUFA/Drivers/USB/Core/USBTask.o
                0x0000000000800279                USB_IsInitialized
                0x000000000080027a                USB_DeviceState
                0x000000000080027b                USB_ControlRequest
                0x0000000000800283                PROVIDE (__bss_end = .)
                0x000000000000631c                __data_load_start = LOADADDR (.data)
                0x00000000000063c2                __data_load_end = (__data_load_start + SIZEOF (.data))

.noinit         0x0000000000800283        0x4
                [!provide]                        PROVIDE (__noinit_start = .)
 *(.noinit*)
 .noinit        0x0000000000800283        0x4 .build/obj_5x12_via/common/avr/bootloader.o
                0x0000000000800283                reset_key
                [!provide]                        PROVIDE (__noinit_end = .)
                0x0000000000800287                _end = .
                [!provide]                        PROVIDE (__heap_start = .)

.eeprom         0x0000000000810000        0x0
 *(.eeprom*)
                0x0000000000810000                __eeprom_end = .

.fuse
 *(.fuse)
 *(.lfuse)
 *(.hfuse)
 *(.efuse)

.lock
 *(.lock*)

.signature
 *(.signature*)

.stab           0x0000000000000000      0x8b8
 *(.stab)
 .stab          0x0000000000000000      0x8b8 .build/obj_5x12_via/common/avr/xprintf.o

.stabstr        0x0000000000000000       0x8c
 *(.stabstr)
 .stabstr       0x0000000000000000       0x8c .build/obj_5x12_via/common/avr/xprintf.o

.stab.excl
 *(.stab.excl)

.stab.exclstr
 *(.stab.exclstr)

.stab.index
 *(.stab.index)

.stab.indexstr
 *(.stab.indexstr)

.comment        0x0000000000000000       0x11
 *(.comment)
 .comment       0x0000000000000000       0x11 .build/obj_5x12_via/keyboards/5x12/keymaps/via/keymap.o
                                         0x12 (size before relaxing)
 .comment       0x0000000000000011       0x12 .build/obj_5x12_via/quantum/quantum.o
 .comment       0x0000000000000011       0x12 .build/obj_5x12_via/quantum/send_string.o
 .comment       0x0000000000000011       0x12 .build/obj_5x12_via/quantum/bitwise.o
 .comment       0x0000000000000011       0x12 .build/obj_5x12_via/quantum/led.o
 .comment       0x0000000000000011       0x12 .build/obj_5x12_via/quantum/keymap_common.o
 .comment       0x0000000000000011       0x12 .build/obj_5x12_via/quantum/keycode_config.o
 .comment       0x0000000000000011       0x12 .build/obj_5x12_via/quantum/bootmagic/bootmagic_lite.o
 .comment       0x0000000000000011       0x12 .build/obj_5x12_via/quantum/bootmagic/magic.o
 .comment       0x0000000000000011       0x12 .build/obj_5x12_via/quantum/matrix_common.o
 .comment       0x0000000000000011       0x12 .build/obj_5x12_via/quantum/matrix.o
 .comment       0x0000000000000011       0x12 .build/obj_5x12_via/quantum/debounce/sym_defer_g.o
 .comment       0x0000000000000011       0x12 .build/obj_5x12_via/quantum/command.o
 .comment       0x0000000000000011       0x12 .build/obj_5x12_via/quantum/mousekey.o
 .comment       0x0000000000000011       0x12 .build/obj_5x12_via/quantum/via.o
 .comment       0x0000000000000011       0x12 .build/obj_5x12_via/quantum/dynamic_keymap.o