Archive member included to satisfy reference by file (symbol)

e:/game/msys2/mingw64/bin/../lib/gcc/avr/8.4.0/avr5\libgcc.a(_exit.o)
                              e:/game/msys2/mingw64/bin/../lib/gcc/avr/8.4.0/../../../../avr/lib/avr5/crtatmega32u4.o (exit)
e:/game/msys2/mingw64/bin/../lib/gcc/avr/8.4.0/../../../../avr/lib/avr5\libatmega32u4.a(eerd_byte.o)
                              .build/obj_damapad_vial/quantum/via.o (symbol from plugin) (eeprom_read_byte)
e:/game/msys2/mingw64/bin/../lib/gcc/avr/8.4.0/../../../../avr/lib/avr5\libatmega32u4.a(eerd_dword.o)
                              .build/obj_damapad_vial/common/eeconfig.o (symbol from plugin) (eeprom_read_dword)
e:/game/msys2/mingw64/bin/../lib/gcc/avr/8.4.0/../../../../avr/lib/avr5\libatmega32u4.a(eerd_word.o)
                              .build/obj_damapad_vial/common/eeconfig.o (symbol from plugin) (eeprom_read_word)
e:/game/msys2/mingw64/bin/../lib/gcc/avr/8.4.0/../../../../avr/lib/avr5\libatmega32u4.a(eeupd_byte.o)
                              .build/obj_damapad_vial/quantum/via.o (symbol from plugin) (eeprom_update_byte)
e:/game/msys2/mingw64/bin/../lib/gcc/avr/8.4.0/../../../../avr/lib/avr5\libatmega32u4.a(eeupd_dword.o)
                              .build/obj_damapad_vial/common/eeconfig.o (symbol from plugin) (eeprom_update_dword)
e:/game/msys2/mingw64/bin/../lib/gcc/avr/8.4.0/../../../../avr/lib/avr5\libatmega32u4.a(eeupd_word.o)
                              .build/obj_damapad_vial/common/eeconfig.o (symbol from plugin) (eeprom_update_word)
e:/game/msys2/mingw64/bin/../lib/gcc/avr/8.4.0/../../../../avr/lib/avr5\libatmega32u4.a(eerd_block.o)
                              e:/game/msys2/mingw64/bin/../lib/gcc/avr/8.4.0/../../../../avr/lib/avr5\libatmega32u4.a(eerd_dword.o) (eeprom_read_blraw)
e:/game/msys2/mingw64/bin/../lib/gcc/avr/8.4.0/avr5\libgcc.a(_tablejump2.o)
                              C:\Users\Roningo\AppData\Local\Temp\ccCEIJRD.ltrans0.ltrans.o (__tablejump2__)
e:/game/msys2/mingw64/bin/../lib/gcc/avr/8.4.0/avr5\libgcc.a(_copy_data.o)
                              C:\Users\Roningo\AppData\Local\Temp\ccCEIJRD.ltrans0.ltrans.o (__do_copy_data)
e:/game/msys2/mingw64/bin/../lib/gcc/avr/8.4.0/avr5\libgcc.a(_clear_bss.o)
                              C:\Users\Roningo\AppData\Local\Temp\ccCEIJRD.ltrans0.ltrans.o (__do_clear_bss)
e:/game/msys2/mingw64/bin/../lib/gcc/avr/8.4.0/avr5\libgcc.a(_bswapsi2.o)
                              C:\Users\Roningo\AppData\Local\Temp\ccCEIJRD.ltrans0.ltrans.o (__bswapsi2)

Allocating common symbols
Common symbol       size              file

USB_IsInitialized   0x1               .build/obj_damapad_vial/lib/lufa/LUFA/Drivers/USB/Core/USBTask.o (symbol from plugin)
keymap_config       0x2               .build/obj_damapad_vial/quantum/bootmagic/magic.o (symbol from plugin)
USB_DeviceState     0x1               .build/obj_damapad_vial/lib/lufa/LUFA/Drivers/USB/Core/USBTask.o (symbol from plugin)
USB_Device_ConfigurationNumber
                    0x1               .build/obj_damapad_vial/lib/lufa/LUFA/Drivers/USB/Core/DeviceStandardReq.o (symbol from plugin)
raw_matrix          0x3               .build/obj_damapad_vial/quantum/matrix_common.o (symbol from plugin)
USB_Device_CurrentlySelfPowered
                    0x1               .build/obj_damapad_vial/lib/lufa/LUFA/Drivers/USB/Core/DeviceStandardReq.o (symbol from plugin)
matrix              0x3               .build/obj_damapad_vial/quantum/matrix_common.o (symbol from plugin)
USB_ControlRequest  0x8               .build/obj_damapad_vial/lib/lufa/LUFA/Drivers/USB/Core/USBTask.o (symbol from plugin)
tp_buttons          0x2               .build/obj_damapad_vial/common/action.o (symbol from plugin)
USB_Device_RemoteWakeupEnabled
                    0x1               .build/obj_damapad_vial/lib/lufa/LUFA/Drivers/USB/Core/DeviceStandardReq.o (symbol from plugin)
timer_count         0x4               .build/obj_damapad_vial/common/avr/timer.o (symbol from plugin)

Discarded input sections

 .data          0x0000000000000000        0x0 e:/game/msys2/mingw64/bin/../lib/gcc/avr/8.4.0/../../../../avr/lib/avr5/crtatmega32u4.o
 .bss           0x0000000000000000        0x0 e:/game/msys2/mingw64/bin/../lib/gcc/avr/8.4.0/../../../../avr/lib/avr5/crtatmega32u4.o
 .trampolines   0x0000000000000000        0x0 C:\Users\Roningo\AppData\Local\Temp\ccSifYANdebugobj
 .comment       0x0000000000000000      0x3a8 C:\Users\Roningo\AppData\Local\Temp\ccSifYANdebugobj
 .text          0x0000000000000000        0x0 C:\Users\Roningo\AppData\Local\Temp\ccCEIJRD.ltrans0.ltrans.o
 .data          0x0000000000000000        0x0 C:\Users\Roningo\AppData\Local\Temp\ccCEIJRD.ltrans0.ltrans.o
 .bss           0x0000000000000000        0x0 C:\Users\Roningo\AppData\Local\Temp\ccCEIJRD.ltrans0.ltrans.o
 .text.led_set  0x0000000000000000        0x2 C:\Users\Roningo\AppData\Local\Temp\ccCEIJRD.ltrans0.ltrans.o
[...]
Memory Configuration

Name             Origin             Length             Attributes
text             0x0000000000000000 0x0000000000020000 xr
data             0x0000000000800060 0x000000000000ffa0 rw !x
eeprom           0x0000000000810000 0x0000000000010000 rw !x
fuse             0x0000000000820000 0x0000000000000400 rw !x
lock             0x0000000000830000 0x0000000000000400 rw !x
signature        0x0000000000840000 0x0000000000000400 rw !x
user_signatures  0x0000000000850000 0x0000000000000400 rw !x
*default*        0x0000000000000000 0xffffffffffffffff

Linker script and memory map

Address of section .data set to 0x800100
LOAD e:/game/msys2/mingw64/bin/../lib/gcc/avr/8.4.0/../../../../avr/lib/avr5/crtatmega32u4.o
LOAD .build/obj_damapad_vial/keyboards/damapad/damapad.o
LOAD C:\Users\Roningo\AppData\Local\Temp\ccSifYANdebugobj
LOAD C:\Users\Roningo\AppData\Local\Temp\ccCEIJRD.ltrans0.ltrans.o
LOAD .build/obj_damapad_vial/keyboards/damapad/keymaps/vial/keymap.o
LOAD .build/obj_damapad_vial/quantum/quantum.o
LOAD .build/obj_damapad_vial/quantum/send_string.o
LOAD .build/obj_damapad_vial/quantum/bitwise.o
LOAD .build/obj_damapad_vial/quantum/led.o
LOAD .build/obj_damapad_vial/quantum/keymap_common.o
LOAD .build/obj_damapad_vial/quantum/keycode_config.o
LOAD .build/obj_damapad_vial/quantum/bootmagic/bootmagic_lite.o
LOAD .build/obj_damapad_vial/quantum/bootmagic/magic.o
LOAD .build/obj_damapad_vial/quantum/matrix_common.o
LOAD .build/obj_damapad_vial/quantum/matrix.o
LOAD .build/obj_damapad_vial/quantum/debounce/sym_defer_g.o
LOAD .build/obj_damapad_vial/quantum/via.o
LOAD .build/obj_damapad_vial/quantum/dynamic_keymap.o
LOAD .build/obj_damapad_vial/quantum/process_keycode/process_space_cadet.o
LOAD .build/obj_damapad_vial/quantum/process_keycode/process_magic.o
LOAD .build/obj_damapad_vial/quantum/process_keycode/process_grave_esc.o
LOAD .build/obj_damapad_vial/common/host.o
LOAD .build/obj_damapad_vial/common/keyboard.o
LOAD .build/obj_damapad_vial/common/action.o
LOAD .build/obj_damapad_vial/common/action_tapping.o
LOAD .build/obj_damapad_vial/common/action_macro.o
LOAD .build/obj_damapad_vial/common/action_layer.o
LOAD .build/obj_damapad_vial/common/action_util.o
LOAD .build/obj_damapad_vial/common/debug.o
LOAD .build/obj_damapad_vial/common/sendchar_null.o
LOAD .build/obj_damapad_vial/common/eeconfig.o
LOAD .build/obj_damapad_vial/common/report.o
LOAD .build/obj_damapad_vial/common/usb_util.o
LOAD .build/obj_damapad_vial/common/avr/suspend.o
LOAD .build/obj_damapad_vial/common/avr/timer.o
LOAD .build/obj_damapad_vial/common/sync_timer.o
LOAD .build/obj_damapad_vial/common/avr/bootloader.o
LOAD .build/obj_damapad_vial/common/avr/xprintf.o
LOAD .build/obj_damapad_vial/common/avr/printf.o
LOAD .build/obj_damapad_vial/lufa.o
LOAD .build/obj_damapad_vial/usb_descriptor.o
LOAD .build/obj_damapad_vial/lib/lufa/LUFA/Drivers/USB/Class/Common/HIDParser.o
LOAD .build/obj_damapad_vial/lib/lufa/LUFA/Drivers/USB/Core/AVR8/Device_AVR8.o
LOAD .build/obj_damapad_vial/lib/lufa/LUFA/Drivers/USB/Core/AVR8/EndpointStream_AVR8.o
LOAD .build/obj_damapad_vial/lib/lufa/LUFA/Drivers/USB/Core/AVR8/Endpoint_AVR8.o
LOAD .build/obj_damapad_vial/lib/lufa/LUFA/Drivers/USB/Core/AVR8/Host_AVR8.o
LOAD .build/obj_damapad_vial/lib/lufa/LUFA/Drivers/USB/Core/AVR8/PipeStream_AVR8.o
LOAD .build/obj_damapad_vial/lib/lufa/LUFA/Drivers/USB/Core/AVR8/Pipe_AVR8.o
LOAD .build/obj_damapad_vial/lib/lufa/LUFA/Drivers/USB/Core/AVR8/USBController_AVR8.o
LOAD .build/obj_damapad_vial/lib/lufa/LUFA/Drivers/USB/Core/AVR8/USBInterrupt_AVR8.o
LOAD .build/obj_damapad_vial/lib/lufa/LUFA/Drivers/USB/Core/ConfigDescriptors.o
LOAD .build/obj_damapad_vial/lib/lufa/LUFA/Drivers/USB/Core/DeviceStandardReq.o
LOAD .build/obj_damapad_vial/lib/lufa/LUFA/Drivers/USB/Core/Events.o
LOAD .build/obj_damapad_vial/lib/lufa/LUFA/Drivers/USB/Core/HostStandardReq.o
LOAD .build/obj_damapad_vial/lib/lufa/LUFA/Drivers/USB/Core/USBTask.o
LOAD .build/obj_damapad_vial/protocol/lufa/usb_util.o
LOAD e:/game/msys2/mingw64/bin/../lib/gcc/avr/8.4.0/../../../../avr/lib/avr5\libm.a
START GROUP
LOAD e:/game/msys2/mingw64/bin/../lib/gcc/avr/8.4.0/avr5\libgcc.a
LOAD e:/game/msys2/mingw64/bin/../lib/gcc/avr/8.4.0/../../../../avr/lib/avr5\libm.a
LOAD e:/game/msys2/mingw64/bin/../lib/gcc/avr/8.4.0/../../../../avr/lib/avr5\libc.a
LOAD e:/game/msys2/mingw64/bin/../lib/gcc/avr/8.4.0/../../../../avr/lib/avr5\libatmega32u4.a
END GROUP
                0x0000000000020000                __TEXT_REGION_LENGTH__ = DEFINED (__TEXT_REGION_LENGTH__)?__TEXT_REGION_LENGTH__:0x20000
                0x000000000000ffa0                __DATA_REGION_LENGTH__ = DEFINED (__DATA_REGION_LENGTH__)?__DATA_REGION_LENGTH__:0xffa0
                0x0000000000010000                __EEPROM_REGION_LENGTH__ = DEFINED (__EEPROM_REGION_LENGTH__)?__EEPROM_REGION_LENGTH__:0x10000
                0x0000000000000400                __FUSE_REGION_LENGTH__ = DEFINED (__FUSE_REGION_LENGTH__)?__FUSE_REGION_LENGTH__:0x400
                0x0000000000000400                __LOCK_REGION_LENGTH__ = DEFINED (__LOCK_REGION_LENGTH__)?__LOCK_REGION_LENGTH__:0x400
                0x0000000000000400                __SIGNATURE_REGION_LENGTH__ = DEFINED (__SIGNATURE_REGION_LENGTH__)?__SIGNATURE_REGION_LENGTH__:0x400
                0x0000000000000400                __USER_SIGNATURE_REGION_LENGTH__ = DEFINED (__USER_SIGNATURE_REGION_LENGTH__)?__USER_SIGNATURE_REGION_LENGTH__:0x400

.hash
 *(.hash)

.dynsym
 *(.dynsym)

.dynstr
 *(.dynstr)

.gnu.version
 *(.gnu.version)

.gnu.version_d
 *(.gnu.version_d)

.gnu.version_r
 *(.gnu.version_r)

.rel.init
 *(.rel.init)

.rela.init
 *(.rela.init)

.rel.text
 *(.rel.text)
 *(.rel.text.*)
 *(.rel.gnu.linkonce.t*)

.rela.text
 *(.rela.text)
 *(.rela.text.*)
 *(.rela.gnu.linkonce.t*)

.rel.fini
 *(.rel.fini)

.rela.fini
 *(.rela.fini)

.rel.rodata
 *(.rel.rodata)
 *(.rel.rodata.*)
 *(.rel.gnu.linkonce.r*)

.rela.rodata
 *(.rela.rodata)
 *(.rela.rodata.*)
 *(.rela.gnu.linkonce.r*)

.rel.data
 *(.rel.data)
 *(.rel.data.*)
 *(.rel.gnu.linkonce.d*)

.rela.data
 *(.rela.data)
 *(.rela.data.*)
 *(.rela.gnu.linkonce.d*)

.rel.ctors
 *(.rel.ctors)

.rela.ctors
 *(.rela.ctors)

.rel.dtors
 *(.rel.dtors)

.rela.dtors
 *(.rela.dtors)

.rel.got
 *(.rel.got)

.rela.got
 *(.rela.got)

.rel.bss
 *(.rel.bss)

.rela.bss
 *(.rela.bss)

.rel.plt
 *(.rel.plt)

.rela.plt
 *(.rela.plt)

.text           0x0000000000000000     0x386e
 *(.vectors)
 .vectors       0x0000000000000000       0xac e:/game/msys2/mingw64/bin/../lib/gcc/avr/8.4.0/../../../../avr/lib/avr5/crtatmega32u4.o
                0x0000000000000000                __vector_default
                0x0000000000000000                __vectors
 *(.vectors)
 *(.progmem.gcc*)
                0x00000000000000ac                . = ALIGN (0x2)
                0x00000000000000ac                __trampolines_start = .
 *(.trampolines)
 .trampolines   0x00000000000000ac        0x0 linker stubs
 *(.trampolines*)
                0x00000000000000ac                __trampolines_end = .
 *libprintf_flt.a:*(.progmem.data)
 *libc.a:*(.progmem.data)
 *(.progmem.*)
 .progmem.data.SharedReport
                0x00000000000000ac       0x6d C:\Users\Roningo\AppData\Local\Temp\ccCEIJRD.ltrans0.ltrans.o
 .progmem.data.RawReport
                0x0000000000000119       0x22 C:\Users\Roningo\AppData\Local\Temp\ccCEIJRD.ltrans0.ltrans.o
 .progmem.data.KeyboardReport
                0x000000000000013b       0x40 C:\Users\Roningo\AppData\Local\Temp\ccCEIJRD.ltrans0.ltrans.o
 .progmem.data.keymaps
                0x000000000000017b       0x90 C:\Users\Roningo\AppData\Local\Temp\ccCEIJRD.ltrans0.ltrans.o
 .progmem.data.ascii_to_dead_lut
                0x000000000000020b       0x10 C:\Users\Roningo\AppData\Local\Temp\ccCEIJRD.ltrans0.ltrans.o
 .progmem.data.ascii_to_altgr_lut
                0x000000000000021b       0x10 C:\Users\Roningo\AppData\Local\Temp\ccCEIJRD.ltrans0.ltrans.o
 .progmem.data.ascii_to_shift_lut
                0x000000000000022b       0x10 C:\Users\Roningo\AppData\Local\Temp\ccCEIJRD.ltrans0.ltrans.o
 .progmem.data.ascii_to_keycode_lut
                0x000000000000023b       0x80 C:\Users\Roningo\AppData\Local\Temp\ccCEIJRD.ltrans0.ltrans.o
 .progmem.data.ConfigurationDescriptor
                0x00000000000002bb       0x5b C:\Users\Roningo\AppData\Local\Temp\ccCEIJRD.ltrans0.ltrans.o
 .progmem.data.DeviceDescriptor
                0x0000000000000316       0x12 C:\Users\Roningo\AppData\Local\Temp\ccCEIJRD.ltrans0.ltrans.o
 .progmem.data.ProductString
                0x0000000000000328       0x36 C:\Users\Roningo\AppData\Local\Temp\ccCEIJRD.ltrans0.ltrans.o
 .progmem.data.ManufacturerString
                0x000000000000035e       0x2e C:\Users\Roningo\AppData\Local\Temp\ccCEIJRD.ltrans0.ltrans.o
 .progmem.data.LanguageString
                0x000000000000038c        0x4 C:\Users\Roningo\AppData\Local\Temp\ccCEIJRD.ltrans0.ltrans.o
                0x0000000000000390                . = ALIGN (0x2)
 *(.lowtext)
 *(.lowtext*)
                0x0000000000000390                __ctors_start = .
 *(.ctors)
                0x0000000000000390                __ctors_end = .
                0x0000000000000390                __dtors_start = .
 *(.dtors)
                0x0000000000000390                __dtors_end = .
 SORT_BY_NAME(*)(.ctors)
 SORT_BY_NAME(*)(.dtors)
 *(.init0)
 .init0         0x0000000000000390        0x0 e:/game/msys2/mingw64/bin/../lib/gcc/avr/8.4.0/../../../../avr/lib/avr5/crtatmega32u4.o
                0x0000000000000390                __init
 *(.init0)
 *(.init1)
 *(.init1)
 *(.init2)
 .init2         0x0000000000000390        0xc e:/game/msys2/mingw64/bin/../lib/gcc/avr/8.4.0/../../../../avr/lib/avr5/crtatmega32u4.o
 *(.init2)
 *(.init3)
 .init3         0x000000000000039c       0x54 C:\Users\Roningo\AppData\Local\Temp\ccCEIJRD.ltrans0.ltrans.o
                0x000000000000039c                bootloader_jump_after_watchdog_reset
 *(.init3)
 *(.init4)
 .init4         0x00000000000003f0       0x16 e:/game/msys2/mingw64/bin/../lib/gcc/avr/8.4.0/avr5\libgcc.a(_copy_data.o)
                0x00000000000003f0                __do_copy_data
 .init4         0x0000000000000406       0x10 e:/game/msys2/mingw64/bin/../lib/gcc/avr/8.4.0/avr5\libgcc.a(_clear_bss.o)
                0x0000000000000406                __do_clear_bss
 *(.init4)
 *(.init5)
 *(.init5)
 *(.init6)
 *(.init6)
 *(.init7)
 *(.init7)
 *(.init8)
 *(.init8)
 *(.init9)
 .init9         0x0000000000000416        0x8 e:/game/msys2/mingw64/bin/../lib/gcc/avr/8.4.0/../../../../avr/lib/avr5/crtatmega32u4.o
 *(.init9)
 *(.text)
 .text          0x000000000000041e        0x4 e:/game/msys2/mingw64/bin/../lib/gcc/avr/8.4.0/../../../../avr/lib/avr5/crtatmega32u4.o
                0x000000000000041e                __vector_38
                0x000000000000041e                __vector_22
                0x000000000000041e                __vector_28
                0x000000000000041e                __vector_1
                0x000000000000041e                __vector_32
                0x000000000000041e                __vector_34
                0x000000000000041e                __vector_24
                0x000000000000041e                __bad_interrupt
                0x000000000000041e                __vector_6
                0x000000000000041e                __vector_31
                0x000000000000041e                __vector_35
                0x000000000000041e                __vector_39
                0x000000000000041e                __vector_3
                0x000000000000041e                __vector_23
                0x000000000000041e                __vector_30
                0x000000000000041e                __vector_25
                0x000000000000041e                __vector_13
                0x000000000000041e                __vector_17
                0x000000000000041e                __vector_19
                0x000000000000041e                __vector_7
                0x000000000000041e                __vector_41
                0x000000000000041e                __vector_27
                0x000000000000041e                __vector_5
                0x000000000000041e                __vector_33
                0x000000000000041e                __vector_37
                0x000000000000041e                __vector_4
                0x000000000000041e                __vector_9
                0x000000000000041e                __vector_2
                0x000000000000041e                __vector_15
                0x000000000000041e                __vector_36
                0x000000000000041e                __vector_29
                0x000000000000041e                __vector_40
                0x000000000000041e                __vector_8
                0x000000000000041e                __vector_26
                0x000000000000041e                __vector_14
                0x000000000000041e                __vector_16
                0x000000000000041e                __vector_18
                0x000000000000041e                __vector_20
                0x000000000000041e                __vector_42
                0x0000000000000422                . = ALIGN (0x2)
 *(.text.*)
 .text.USB_Disable
                0x0000000000000422       0x3e C:\Users\Roningo\AppData\Local\Temp\ccCEIJRD.ltrans0.ltrans.o
 .text.Endpoint_WaitUntilReady
                0x0000000000000460       0x62 C:\Users\Roningo\AppData\Local\Temp\ccCEIJRD.ltrans0.ltrans.o
 .text.Endpoint_Write_Stream_LE.constprop.10
                0x00000000000004c2       0x54 C:\Users\Roningo\AppData\Local\Temp\ccCEIJRD.ltrans0.ltrans.o
 .text.Endpoint_ClearStatusStage
                0x0000000000000516       0x3e C:\Users\Roningo\AppData\Local\Temp\ccCEIJRD.ltrans0.ltrans.o
 .text.Endpoint_ConfigureEndpoint_Prv
                0x0000000000000554       0x64 C:\Users\Roningo\AppData\Local\Temp\ccCEIJRD.ltrans0.ltrans.o
 .text.USB_Init
                0x00000000000005b8       0xc2 C:\Users\Roningo\AppData\Local\Temp\ccCEIJRD.ltrans0.ltrans.o
 .text.Endpoint_Write_Control_Stream_LE
                0x000000000000067a       0xbc C:\Users\Roningo\AppData\Local\Temp\ccCEIJRD.ltrans0.ltrans.o
 .text.sendchar
                0x0000000000000736        0x4 C:\Users\Roningo\AppData\Local\Temp\ccCEIJRD.ltrans0.ltrans.o
 .text.send_mouse
                0x000000000000073a        0x2 C:\Users\Roningo\AppData\Local\Temp\ccCEIJRD.ltrans0.ltrans.o
 .text.keyboard_leds
                0x000000000000073c        0x6 C:\Users\Roningo\AppData\Local\Temp\ccCEIJRD.ltrans0.ltrans.o
 .text.timer_read
                0x0000000000000742       0x18 C:\Users\Roningo\AppData\Local\Temp\ccCEIJRD.ltrans0.ltrans.o
 .text.del_key_from_report
                0x000000000000075a       0x54 C:\Users\Roningo\AppData\Local\Temp\ccCEIJRD.ltrans0.ltrans.o
 .text.add_key_to_report
                0x00000000000007ae       0x6a C:\Users\Roningo\AppData\Local\Temp\ccCEIJRD.ltrans0.ltrans.o
 .text.clear_oneshot_mods
                0x0000000000000818        0xc C:\Users\Roningo\AppData\Local\Temp\ccCEIJRD.ltrans0.ltrans.o
 .text.send_keyboard_report
                0x0000000000000824       0x8a C:\Users\Roningo\AppData\Local\Temp\ccCEIJRD.ltrans0.ltrans.o
 .text.read_source_layers_cache
                0x00000000000008ae       0x52 C:\Users\Roningo\AppData\Local\Temp\ccCEIJRD.ltrans0.ltrans.o
 .text.update_source_layers_cache
                0x0000000000000900       0x5c C:\Users\Roningo\AppData\Local\Temp\ccCEIJRD.ltrans0.ltrans.o
 .text.debug_waiting_buffer
                0x000000000000095c       0x14 C:\Users\Roningo\AppData\Local\Temp\ccCEIJRD.ltrans0.ltrans.o
 .text.unregister_mods
                0x0000000000000970       0x16 C:\Users\Roningo\AppData\Local\Temp\ccCEIJRD.ltrans0.ltrans.o
 .text.register_mods
                0x0000000000000986       0x14 C:\Users\Roningo\AppData\Local\Temp\ccCEIJRD.ltrans0.ltrans.o
 .text.host_consumer_send
                0x000000000000099a       0x2c C:\Users\Roningo\AppData\Local\Temp\ccCEIJRD.ltrans0.ltrans.o
 .text.host_system_send
                0x00000000000009c6       0x2c C:\Users\Roningo\AppData\Local\Temp\ccCEIJRD.ltrans0.ltrans.o
 .text.clear_keyboard_but_mods_and_keys
                0x00000000000009f2       0x1c C:\Users\Roningo\AppData\Local\Temp\ccCEIJRD.ltrans0.ltrans.o
 .text.layer_state_set
                0x0000000000000a0e       0x14 C:\Users\Roningo\AppData\Local\Temp\ccCEIJRD.ltrans0.ltrans.o
 .text.update_tri_layer.constprop.20
                0x0000000000000a22       0x38 C:\Users\Roningo\AppData\Local\Temp\ccCEIJRD.ltrans0.ltrans.o
 .text.layer_off
                0x0000000000000a5a       0x46 C:\Users\Roningo\AppData\Local\Temp\ccCEIJRD.ltrans0.ltrans.o
 .text.clear_oneshot_layer_state
                0x0000000000000aa0       0x38 C:\Users\Roningo\AppData\Local\Temp\ccCEIJRD.ltrans0.ltrans.o
 .text.layer_on
                0x0000000000000ad8       0x42 C:\Users\Roningo\AppData\Local\Temp\ccCEIJRD.ltrans0.ltrans.o
 .text.default_layer_state_set
                0x0000000000000b1a       0x14 C:\Users\Roningo\AppData\Local\Temp\ccCEIJRD.ltrans0.ltrans.o
 .text.unregister_code
                0x0000000000000b2e       0x64 C:\Users\Roningo\AppData\Local\Temp\ccCEIJRD.ltrans0.ltrans.o
 .text.register_code
                0x0000000000000b92       0xdc C:\Users\Roningo\AppData\Local\Temp\ccCEIJRD.ltrans0.ltrans.o
 .text.host_keyboard_leds
                0x0000000000000c6e       0x18 C:\Users\Roningo\AppData\Local\Temp\ccCEIJRD.ltrans0.ltrans.o
 .text.setPinInputHigh_atomic
                0x0000000000000c86       0x2e C:\Users\Roningo\AppData\Local\Temp\ccCEIJRD.ltrans0.ltrans.o
 .text.mod_config
                0x0000000000000cb4       0x86 C:\Users\Roningo\AppData\Local\Temp\ccCEIJRD.ltrans0.ltrans.o
 .text.eeconfig_read_keymap
                0x0000000000000d3a       0x1c C:\Users\Roningo\AppData\Local\Temp\ccCEIJRD.ltrans0.ltrans.o
 .text.dynamic_keymap_get_keycode
                0x0000000000000d56       0x4c C:\Users\Roningo\AppData\Local\Temp\ccCEIJRD.ltrans0.ltrans.o
 .text.keymap_key_to_keycode
                0x0000000000000da2       0x1a C:\Users\Roningo\AppData\Local\Temp\ccCEIJRD.ltrans0.ltrans.o
 .text.action_for_key
                0x0000000000000dbc      0x2fe C:\Users\Roningo\AppData\Local\Temp\ccCEIJRD.ltrans0.ltrans.o
 .text.layer_switch_get_layer
                0x00000000000010ba       0x84 C:\Users\Roningo\AppData\Local\Temp\ccCEIJRD.ltrans0.ltrans.o
 .text.layer_switch_get_action
                0x000000000000113e       0x14 C:\Users\Roningo\AppData\Local\Temp\ccCEIJRD.ltrans0.ltrans.o
 .text.is_tap_key
                0x0000000000001152       0x48 C:\Users\Roningo\AppData\Local\Temp\ccCEIJRD.ltrans0.ltrans.o
 .text.dynamic_keymap_reset
                0x000000000000119a       0xa6 C:\Users\Roningo\AppData\Local\Temp\ccCEIJRD.ltrans0.ltrans.o
 .text.oneshot_set
                0x0000000000001240       0x34 C:\Users\Roningo\AppData\Local\Temp\ccCEIJRD.ltrans0.ltrans.o
 .text.dynamic_keymap_macro_reset
                0x0000000000001274       0x20 C:\Users\Roningo\AppData\Local\Temp\ccCEIJRD.ltrans0.ltrans.o
 .text.send_extra
                0x0000000000001294       0x64 C:\Users\Roningo\AppData\Local\Temp\ccCEIJRD.ltrans0.ltrans.o
 .text.send_consumer
                0x00000000000012f8        0x8 C:\Users\Roningo\AppData\Local\Temp\ccCEIJRD.ltrans0.ltrans.o
 .text.send_system
                0x0000000000001300        0x8 C:\Users\Roningo\AppData\Local\Temp\ccCEIJRD.ltrans0.ltrans.o
 .text.send_keyboard
                0x0000000000001308       0x80 C:\Users\Roningo\AppData\Local\Temp\ccCEIJRD.ltrans0.ltrans.o
 .text.bootloader_jump
                0x0000000000001388       0x48 C:\Users\Roningo\AppData\Local\Temp\ccCEIJRD.ltrans0.ltrans.o
 .text.tap_code
                0x00000000000013d0       0x3a C:\Users\Roningo\AppData\Local\Temp\ccCEIJRD.ltrans0.ltrans.o
 .text.perform_space_cadet.constprop.15
                0x000000000000140a       0xde C:\Users\Roningo\AppData\Local\Temp\ccCEIJRD.ltrans0.ltrans.o
 .text.matrix_scan
                0x00000000000014e8      0x140 C:\Users\Roningo\AppData\Local\Temp\ccCEIJRD.ltrans0.ltrans.o
 .text.eeconfig_init_quantum
                0x0000000000001628       0xd6 C:\Users\Roningo\AppData\Local\Temp\ccCEIJRD.ltrans0.ltrans.o
 .text.clear_keyboard
                0x00000000000016fe       0x2a C:\Users\Roningo\AppData\Local\Temp\ccCEIJRD.ltrans0.ltrans.o
 .text.USB_Device_ProcessControlRequest
                0x0000000000001728      0x58e C:\Users\Roningo\AppData\Local\Temp\ccCEIJRD.ltrans0.ltrans.o
 .text.process_record
                0x0000000000001cb6      0xca6 C:\Users\Roningo\AppData\Local\Temp\ccCEIJRD.ltrans0.ltrans.o
 .text.waiting_buffer_scan_tap
                0x000000000000295c       0xac C:\Users\Roningo\AppData\Local\Temp\ccCEIJRD.ltrans0.ltrans.o
 .text.process_tapping
                0x0000000000002a08      0x314 C:\Users\Roningo\AppData\Local\Temp\ccCEIJRD.ltrans0.ltrans.o
 .text.action_exec
                0x0000000000002d1c      0x120 C:\Users\Roningo\AppData\Local\Temp\ccCEIJRD.ltrans0.ltrans.o
 .text.__vector_11
                0x0000000000002e3c       0x88 C:\Users\Roningo\AppData\Local\Temp\ccCEIJRD.ltrans0.ltrans.o
                0x0000000000002e3c                __vector_11
 .text.__vector_10
                0x0000000000002ec4      0x1ae C:\Users\Roningo\AppData\Local\Temp\ccCEIJRD.ltrans0.ltrans.o
                0x0000000000002ec4                __vector_10
 .text.startup.main
                0x0000000000003072      0x656 C:\Users\Roningo\AppData\Local\Temp\ccCEIJRD.ltrans0.ltrans.o
                0x0000000000003072                main
 .text.__vector_21
                0x00000000000036c8       0x48 C:\Users\Roningo\AppData\Local\Temp\ccCEIJRD.ltrans0.ltrans.o
                0x00000000000036c8                __vector_21
 .text.__vector_12
                0x0000000000003710       0x4e C:\Users\Roningo\AppData\Local\Temp\ccCEIJRD.ltrans0.ltrans.o
                0x0000000000003710                __vector_12
 .text.libgcc   0x000000000000375e        0xc e:/game/msys2/mingw64/bin/../lib/gcc/avr/8.4.0/avr5\libgcc.a(_tablejump2.o)
                0x000000000000375e                __tablejump2__
 .text.libgcc.builtins
                0x000000000000376a        0xe e:/game/msys2/mingw64/bin/../lib/gcc/avr/8.4.0/avr5\libgcc.a(_bswapsi2.o)
                0x000000000000376a                __bswapsi2
 .text.avr-libc
                0x0000000000003778       0x10 e:/game/msys2/mingw64/bin/../lib/gcc/avr/8.4.0/../../../../avr/lib/avr5\libatmega32u4.a(eerd_byte.o)
                0x0000000000003778                eeprom_read_byte
 .text.avr-libc
                0x0000000000003788        0xc e:/game/msys2/mingw64/bin/../lib/gcc/avr/8.4.0/../../../../avr/lib/avr5\libatmega32u4.a(eerd_word.o)
                0x0000000000003788                eeprom_read_word
 .text.avr-libc
                0x0000000000003794       0x24 e:/game/msys2/mingw64/bin/../lib/gcc/avr/8.4.0/../../../../avr/lib/avr5\libatmega32u4.a(eeupd_byte.o)
                0x0000000000003794                eeprom_update_byte
                0x0000000000003796                eeprom_update_r18
 .text.avr-libc
                0x00000000000037b8       0x18 e:/game/msys2/mingw64/bin/../lib/gcc/avr/8.4.0/../../../../avr/lib/avr5\libatmega32u4.a(eeupd_dword.o)
                0x00000000000037b8                eeprom_update_float
                0x00000000000037b8                eeprom_update_dword
 .text.avr-libc
                0x00000000000037d0        0xc e:/game/msys2/mingw64/bin/../lib/gcc/avr/8.4.0/../../../../avr/lib/avr5\libatmega32u4.a(eeupd_word.o)
                0x00000000000037d0                eeprom_update_word
 .text.avr-libc
                0x00000000000037dc       0x20 e:/game/msys2/mingw64/bin/../lib/gcc/avr/8.4.0/../../../../avr/lib/avr5\libatmega32u4.a(eerd_block.o)
                0x00000000000037dc                eeprom_read_block
                0x00000000000037e0                eeprom_read_blraw
                0x00000000000037fc                . = ALIGN (0x2)
 *(.fini9)
 .fini9         0x00000000000037fc        0x0 e:/game/msys2/mingw64/bin/../lib/gcc/avr/8.4.0/avr5\libgcc.a(_exit.o)
                0x00000000000037fc                _exit
                0x00000000000037fc                exit
 *(.fini9)
 *(.fini8)
 *(.fini8)
 *(.fini7)
 *(.fini7)
 *(.fini6)
 *(.fini6)
 *(.fini5)
 *(.fini5)
 *(.fini4)
 *(.fini4)
 *(.fini3)
 *(.fini3)
 *(.fini2)
 *(.fini2)
 *(.fini1)
 *(.fini1)
 *(.fini0)
 .fini0         0x00000000000037fc        0x4 e:/game/msys2/mingw64/bin/../lib/gcc/avr/8.4.0/avr5\libgcc.a(_exit.o)
 *(.fini0)
 *(.hightext)
 *(.hightext*)
 *(.progmemx.*)
                0x0000000000003800                . = ALIGN (0x2)
 *(.jumptables)
 *(.jumptables*)
 .jumptables.gcc.is_tap_key
                0x0000000000003800       0x1c C:\Users\Roningo\AppData\Local\Temp\ccCEIJRD.ltrans0.ltrans.o
 .jumptables.gcc.USB_Device_ProcessControlRequest
                0x000000000000381c       0x14 C:\Users\Roningo\AppData\Local\Temp\ccCEIJRD.ltrans0.ltrans.o
 .jumptables.gcc.process_record
                0x0000000000003830       0x18 C:\Users\Roningo\AppData\Local\Temp\ccCEIJRD.ltrans0.ltrans.o
 .jumptables.gcc.main
                0x0000000000003848       0x26 C:\Users\Roningo\AppData\Local\Temp\ccCEIJRD.ltrans0.ltrans.o
                0x000000000000386e                _etext = .

.data           0x0000000000800100       0x54 load address 0x000000000000386e
                0x0000000000800100                PROVIDE (__data_start = .)
 *(.data)
 *(.data*)
 .data.lufa_driver
                0x0000000000800100        0xa C:\Users\Roningo\AppData\Local\Temp\ccCEIJRD.ltrans0.ltrans.o
 .data.keyboard_protocol
                0x000000000080010a        0x1 C:\Users\Roningo\AppData\Local\Temp\ccCEIJRD.ltrans0.ltrans.o
 *(.gnu.linkonce.d*)
 *(.rodata)
 *(.rodata*)
 .rodata.CSWTCH.0.lto_priv.26
                0x000000000080010b        0x3 C:\Users\Roningo\AppData\Local\Temp\ccCEIJRD.ltrans0.ltrans.o
 .rodata.CSWTCH.1.lto_priv.28
                0x000000000080010e       0x2e C:\Users\Roningo\AppData\Local\Temp\ccCEIJRD.ltrans0.ltrans.o
 .rodata.row_pins
                0x000000000080013c        0x3 C:\Users\Roningo\AppData\Local\Temp\ccCEIJRD.ltrans0.ltrans.o
 .rodata.col_pins
                0x000000000080013f        0x6 C:\Users\Roningo\AppData\Local\Temp\ccCEIJRD.ltrans0.ltrans.o
 .rodata.CSWTCH.2
                0x0000000000800145        0x3 C:\Users\Roningo\AppData\Local\Temp\ccCEIJRD.ltrans0.ltrans.o
 .rodata.CSWTCH.1.lto_priv.29
                0x0000000000800148        0x6 C:\Users\Roningo\AppData\Local\Temp\ccCEIJRD.ltrans0.ltrans.o
 .rodata.CSWTCH.0.lto_priv.27
                0x000000000080014e        0x6 C:\Users\Roningo\AppData\Local\Temp\ccCEIJRD.ltrans0.ltrans.o
 *(.gnu.linkonce.r*)
                0x0000000000800154                . = ALIGN (0x2)
                0x0000000000800154                _edata = .
                0x0000000000800154                PROVIDE (__data_end = .)

.bss            0x0000000000800154       0xc5
                0x0000000000800154                PROVIDE (__bss_start = .)
 *(.bss)
 .bss           0x0000000000800154        0x2 .build/obj_damapad_vial/common/avr/xprintf.o
                0x0000000000800154                xfunc_out
 *(.bss*)
 .bss.__compound_literal.0
                0x0000000000800156       0x20 C:\Users\Roningo\AppData\Local\Temp\ccCEIJRD.ltrans0.ltrans.o
 .bss.debouncing_time
                0x0000000000800176        0x2 C:\Users\Roningo\AppData\Local\Temp\ccCEIJRD.ltrans0.ltrans.o
 .bss.debouncing
                0x0000000000800178        0x1 C:\Users\Roningo\AppData\Local\Temp\ccCEIJRD.ltrans0.ltrans.o
 .bss.last_system_report
                0x0000000000800179        0x2 C:\Users\Roningo\AppData\Local\Temp\ccCEIJRD.ltrans0.ltrans.o
 .bss.last_consumer_report
                0x000000000080017b        0x2 C:\Users\Roningo\AppData\Local\Temp\ccCEIJRD.ltrans0.ltrans.o
 .bss.oled_tracker
                0x000000000080017d        0x1 C:\Users\Roningo\AppData\Local\Temp\ccCEIJRD.ltrans0.ltrans.o
 .bss.grave_esc_was_shifted
                0x000000000080017e        0x1 C:\Users\Roningo\AppData\Local\Temp\ccCEIJRD.ltrans0.ltrans.o
 .bss.tapping_key
                0x000000000080017f        0x6 C:\Users\Roningo\AppData\Local\Temp\ccCEIJRD.ltrans0.ltrans.o
 .bss.waiting_buffer_head
                0x0000000000800185        0x1 C:\Users\Roningo\AppData\Local\Temp\ccCEIJRD.ltrans0.ltrans.o
 .bss.waiting_buffer
                0x0000000000800186       0x30 C:\Users\Roningo\AppData\Local\Temp\ccCEIJRD.ltrans0.ltrans.o
 .bss.waiting_buffer_tail
                0x00000000008001b6        0x1 C:\Users\Roningo\AppData\Local\Temp\ccCEIJRD.ltrans0.ltrans.o
 .bss.source_layers_cache
                0x00000000008001b7        0xf C:\Users\Roningo\AppData\Local\Temp\ccCEIJRD.ltrans0.ltrans.o
 .bss.oneshot_layer_data
                0x00000000008001c6        0x1 C:\Users\Roningo\AppData\Local\Temp\ccCEIJRD.ltrans0.ltrans.o
 .bss.macro_mods
                0x00000000008001c7        0x1 C:\Users\Roningo\AppData\Local\Temp\ccCEIJRD.ltrans0.ltrans.o
 .bss.weak_mods
                0x00000000008001c8        0x1 C:\Users\Roningo\AppData\Local\Temp\ccCEIJRD.ltrans0.ltrans.o
 .bss.real_mods
                0x00000000008001c9        0x1 C:\Users\Roningo\AppData\Local\Temp\ccCEIJRD.ltrans0.ltrans.o
 .bss.oneshot_mods
                0x00000000008001ca        0x1 C:\Users\Roningo\AppData\Local\Temp\ccCEIJRD.ltrans0.ltrans.o
 .bss.default_layer_state
                0x00000000008001cb        0x4 C:\Users\Roningo\AppData\Local\Temp\ccCEIJRD.ltrans0.ltrans.o
 .bss.keymap_config
                0x00000000008001cf        0x2 C:\Users\Roningo\AppData\Local\Temp\ccCEIJRD.ltrans0.ltrans.o
 .bss.raw_matrix
                0x00000000008001d1        0x3 C:\Users\Roningo\AppData\Local\Temp\ccCEIJRD.ltrans0.ltrans.o
 .bss.driver    0x00000000008001d4        0x2 C:\Users\Roningo\AppData\Local\Temp\ccCEIJRD.ltrans0.ltrans.o
 .bss.wdt_timeout
                0x00000000008001d6        0x1 C:\Users\Roningo\AppData\Local\Temp\ccCEIJRD.ltrans0.ltrans.o
 .bss.led_status.5950
                0x00000000008001d7        0x1 C:\Users\Roningo\AppData\Local\Temp\ccCEIJRD.ltrans0.ltrans.o
 .bss.debug_config
                0x00000000008001d8        0x1 C:\Users\Roningo\AppData\Local\Temp\ccCEIJRD.ltrans0.ltrans.o
 .bss.matrix_prev.5949
                0x00000000008001d9        0x3 C:\Users\Roningo\AppData\Local\Temp\ccCEIJRD.ltrans0.ltrans.o
 .bss.matrix    0x00000000008001dc        0x3 C:\Users\Roningo\AppData\Local\Temp\ccCEIJRD.ltrans0.ltrans.o
 .bss.USB_IsInitialized
                0x00000000008001df        0x1 C:\Users\Roningo\AppData\Local\Temp\ccCEIJRD.ltrans0.ltrans.o
 .bss.keyboard_idle
                0x00000000008001e0        0x1 C:\Users\Roningo\AppData\Local\Temp\ccCEIJRD.ltrans0.ltrans.o
 .bss.keyboard_led_state
                0x00000000008001e1        0x1 C:\Users\Roningo\AppData\Local\Temp\ccCEIJRD.ltrans0.ltrans.o
 .bss.keyboard_report_sent
                0x00000000008001e2       0x20 C:\Users\Roningo\AppData\Local\Temp\ccCEIJRD.ltrans0.ltrans.o
 .bss.USB_Device_CurrentlySelfPowered
                0x0000000000800202        0x1 C:\Users\Roningo\AppData\Local\Temp\ccCEIJRD.ltrans0.ltrans.o
 .bss.USB_Device_RemoteWakeupEnabled
                0x0000000000800203        0x1 C:\Users\Roningo\AppData\Local\Temp\ccCEIJRD.ltrans0.ltrans.o
 .bss.USB_DeviceState
                0x0000000000800204        0x1 C:\Users\Roningo\AppData\Local\Temp\ccCEIJRD.ltrans0.ltrans.o
 .bss.USB_Device_ConfigurationNumber
                0x0000000000800205        0x1 C:\Users\Roningo\AppData\Local\Temp\ccCEIJRD.ltrans0.ltrans.o
 .bss.USB_ControlRequest
                0x0000000000800206        0x8 C:\Users\Roningo\AppData\Local\Temp\ccCEIJRD.ltrans0.ltrans.o
 .bss.timer_count
                0x000000000080020e        0x4 C:\Users\Roningo\AppData\Local\Temp\ccCEIJRD.ltrans0.ltrans.o
 .bss.sc_timer  0x0000000000800212        0x2 C:\Users\Roningo\AppData\Local\Temp\ccCEIJRD.ltrans0.ltrans.o
 .bss.sc_last   0x0000000000800214        0x1 C:\Users\Roningo\AppData\Local\Temp\ccCEIJRD.ltrans0.ltrans.o
 .bss.layer_state
                0x0000000000800215        0x4 C:\Users\Roningo\AppData\Local\Temp\ccCEIJRD.ltrans0.ltrans.o
 *(COMMON)
                0x0000000000800219                PROVIDE (__bss_end = .)
                0x000000000000386e                __data_load_start = LOADADDR (.data)
                0x00000000000038c2                __data_load_end = (__data_load_start + SIZEOF (.data))

.noinit         0x0000000000800219        0x4
                [!provide]                        PROVIDE (__noinit_start = .)
 *(.noinit*)
 .noinit        0x0000000000800219        0x4 C:\Users\Roningo\AppData\Local\Temp\ccCEIJRD.ltrans0.ltrans.o
                [!provide]                        PROVIDE (__noinit_end = .)
                0x000000000080021d                _end = .
                [!provide]                        PROVIDE (__heap_start = .)

.eeprom         0x0000000000810000        0x0
 *(.eeprom*)
                0x0000000000810000                __eeprom_end = .

.fuse
 *(.fuse)
 *(.lfuse)
 *(.hfuse)
 *(.efuse)

.lock
 *(.lock*)

.signature
 *(.signature*)

.stab           0x0000000000000000       0x24
 *(.stab)
 .stab          0x0000000000000000       0x24 .build/obj_damapad_vial/common/avr/xprintf.o
                                        0x8b8 (size before relaxing)

.stabstr        0x0000000000000000       0x8c
 *(.stabstr)
 .stabstr       0x0000000000000000       0x8c .build/obj_damapad_vial/common/avr/xprintf.o

.stab.excl
 *(.stab.excl)

.stab.exclstr
 *(.stab.exclstr)

.stab.index
 *(.stab.index)

.stab.indexstr
 *(.stab.indexstr)

.comment        0x0000000000000000       0x11
 *(.comment)
 .comment       0x0000000000000000       0x11 C:\Users\Roningo\AppData\Local\Temp\ccCEIJRD.ltrans0.ltrans.o
                                         0x12 (size before relaxing)

.note.gnu.avr.deviceinfo
                0x0000000000000000       0x40
 .note.gnu.avr.deviceinfo
                0x0000000000000000       0x40 e:/game/msys2/mingw64/bin/../lib/gcc/avr/8.4.0/../../../../avr/lib/avr5/crtatmega32u4.o

.note.gnu.build-id
 *(.note.gnu.build-id)

.debug
 *(.debug)

.line
 *(.line)

.debug_srcinfo
 *(.debug_srcinfo)

.debug_sfnames
 *(.debug_sfnames)

.debug_aranges  0x0000000000000000      0x228
 *(.debug_aranges)
 .debug_aranges
                0x0000000000000000      0x228 C:\Users\Roningo\AppData\Local\Temp\ccCEIJRD.ltrans0.ltrans.o

.debug_pubnames
 *(.debug_pubnames)

.debug_info     0x0000000000000000    0x23574
 *(.debug_info .gnu.linkonce.wi.*)
 .debug_info    0x0000000000000000      0x9f4 e:/game/msys2/mingw64/bin/../lib/gcc/avr/8.4.0/../../../../avr/lib/avr5/crtatmega32u4.o
 .debug_info    0x00000000000009f4    0x1b7ea C:\Users\Roningo\AppData\Local\Temp\ccSifYANdebugobj
                0x00000000000009f4                damapad.c.1b288ff4
                0x00000000000012e5                keymap.c.0ef46c78
                0x0000000000002b51                quantum.c.cc34d01a
                0x00000000000046a0                send_string.c.0e3c74a7
                0x000000000000563e                bitwise.c.36357ecb
                0x0000000000005807                led.c.700ccdf1
                0x00000000000060dd                keymap_common.c.41696450
                0x000000000000814c                keycode_config.c.c7e2c03d
                0x0000000000008764                bootmagic_lite.c.449ee6af
                0x0000000000008f81                magic.c.da7b85a2
                0x00000000000095bd                matrix_common.c.2f1ee550
                0x0000000000009f7a                matrix.c.dc13db24
                0x000000000000a93a                sym_defer_g.c.aeceb1de
                0x000000000000b16c                via.c.f725c387
                0x000000000000be35                dynamic_keymap.c.5727c2fe
                0x000000000000cd86                process_space_cadet.c.e5192f25
                0x000000000000e600                process_magic.c.77c3a71f
                0x000000000000f9fa                process_grave_esc.c.deeb0a2f
                0x000000000001126d                host.c.d000cebd
                0x0000000000011a0e                keyboard.c.1583cd59
                0x00000000000122ec                action.c.e5d9bdd7
                0x000000000001388b                action_tapping.c.dbaca392
                0x00000000000143ee                action_macro.c.a754ea14
                0x00000000000147ab                action_layer.c.f5c27cb4
                0x0000000000014fc6                action_util.c.e73378da
                0x000000000001594a                debug.c.c4c1117f
                0x0000000000015a54                sendchar_null.c.93ef9702
                0x0000000000015adb                eeconfig.c.b68dd123
                0x0000000000015d32                report.c.4648e666
                0x00000000000167ee                usb_util.c.9d9fcbee
                0x0000000000016fac                suspend.c.1c26bef2
                0x0000000000017548                timer.c.1e2e5678
                0x0000000000017751                sync_timer.c.aec01f02
                0x00000000000177cd                bootloader.c.123860c7
                0x0000000000017ac0                printf.c.de59a589
                0x0000000000017b87                lufa.c.372d3582
                0x0000000000018aa4                usb_descriptor.c.34e3f7d4
                0x0000000000019431                HIDParser.c.91bca60d
                0x0000000000019aa0                Device_AVR8.c.4c8b3084
                0x0000000000019c00                EndpointStream_AVR8.c.2e2d6181
                0x000000000001a713                Endpoint_AVR8.c.1f3c3df3
                0x000000000001ab43                Host_AVR8.c.0c1f2cf8
                0x000000000001ab99                PipeStream_AVR8.c.01838528
                0x000000000001abef                Pipe_AVR8.c.62a3c13c
                0x000000000001ac45                USBController_AVR8.c.1c888173
                0x000000000001af62                USBInterrupt_AVR8.c.d453d0d9
                0x000000000001b2eb                ConfigDescriptors.c.d29e7a30
                0x000000000001b645                DeviceStandardReq.c.289fe790
                0x000000000001bbe1                Events.c.732c0463
                0x000000000001bc91                HostStandardReq.c.9af44f5e
                0x000000000001bce7                USBTask.c.a4d262d0
                0x000000000001bed7                usb_util.c.1a880d21
 .debug_info    0x000000000001c1de     0x7396 C:\Users\Roningo\AppData\Local\Temp\ccCEIJRD.ltrans0.ltrans.o

.debug_abbrev   0x0000000000000000     0x5ab5
 *(.debug_abbrev)
 .debug_abbrev  0x0000000000000000      0x96a e:/game/msys2/mingw64/bin/../lib/gcc/avr/8.4.0/../../../../avr/lib/avr5/crtatmega32u4.o
 .debug_abbrev  0x000000000000096a     0x4dd5 C:\Users\Roningo\AppData\Local\Temp\ccSifYANdebugobj
 .debug_abbrev  0x000000000000573f      0x376 C:\Users\Roningo\AppData\Local\Temp\ccCEIJRD.ltrans0.ltrans.o

.debug_line     0x0000000000000000     0xef9a
 *(.debug_line .debug_line.* .debug_line_end)
 .debug_line    0x0000000000000000       0x1d e:/game/msys2/mingw64/bin/../lib/gcc/avr/8.4.0/../../../../avr/lib/avr5/crtatmega32u4.o
 .debug_line    0x000000000000001d     0x5107 C:\Users\Roningo\AppData\Local\Temp\ccSifYANdebugobj
 .debug_line    0x0000000000005124     0x9e76 C:\Users\Roningo\AppData\Local\Temp\ccCEIJRD.ltrans0.ltrans.o

.debug_frame    0x0000000000000000      0x760
 *(.debug_frame)
 .debug_frame   0x0000000000000000      0x760 C:\Users\Roningo\AppData\Local\Temp\ccCEIJRD.ltrans0.ltrans.o

.debug_str      0x0000000000000000     0x6e76
 *(.debug_str)
 .debug_str     0x0000000000000000      0x371 e:/game/msys2/mingw64/bin/../lib/gcc/avr/8.4.0/../../../../avr/lib/avr5/crtatmega32u4.o
 .debug_str     0x0000000000000371     0x69f0 C:\Users\Roningo\AppData\Local\Temp\ccSifYANdebugobj
                                      0x1e410 (size before relaxing)
 .debug_str     0x0000000000006d61      0x115 C:\Users\Roningo\AppData\Local\Temp\ccCEIJRD.ltrans0.ltrans.o
                                        0x12a (size before relaxing)

.debug_loc      0x0000000000000000     0x6e42
 *(.debug_loc)
 .debug_loc     0x0000000000000000     0x6e42 C:\Users\Roningo\AppData\Local\Temp\ccCEIJRD.ltrans0.ltrans.o

.debug_macinfo
 *(.debug_macinfo)

.debug_weaknames
 *(.debug_weaknames)

.debug_funcnames
 *(.debug_funcnames)

.debug_typenames
 *(.debug_typenames)

.debug_varnames
 *(.debug_varnames)

.debug_pubtypes
 *(.debug_pubtypes)

.debug_ranges   0x0000000000000000     0x16a0
 *(.debug_ranges)
 .debug_ranges  0x0000000000000000     0x16a0 C:\Users\Roningo\AppData\Local\Temp\ccCEIJRD.ltrans0.ltrans.o

.debug_macro
 *(.debug_macro)

.debug_addr
 *(.debug_addr)
OUTPUT(.build/damapad_vial.elf elf32-avr)
LOAD linker stubs

Cross Reference Table

Symbol                                            File
CALLBACK_HIDParser_FilterHIDReportItem            .build/obj_damapad_vial/lib/lufa/LUFA/Drivers/USB/Class/Common/HIDParser.o (symbol from plugin)
CALLBACK_USB_GetDescriptor                        .build/obj_damapad_vial/lufa.o (symbol from plugin)
                                                  .build/obj_damapad_vial/lib/lufa/LUFA/Drivers/USB/Core/DeviceStandardReq.o (symbol from plugin)
ConfigDescriptors.c.d29e7a30                      C:\Users\Roningo\AppData\Local\Temp\ccSifYANdebugobj
ConfigurationDescriptor                           .build/obj_damapad_vial/usb_descriptor.o (symbol from plugin)
DeviceDescriptor                                  .build/obj_damapad_vial/usb_descriptor.o (symbol from plugin)
DeviceStandardReq.c.289fe790                      C:\Users\Roningo\AppData\Local\Temp\ccSifYANdebugobj
                                                  C:\Users\Roningo\AppData\Local\Temp\ccCEIJRD.ltrans0.ltrans.o
Device_AVR8.c.4c8b3084                            C:\Users\Roningo\AppData\Local\Temp\ccSifYANdebugobj
                                                  C:\Users\Roningo\AppData\Local\Temp\ccCEIJRD.ltrans0.ltrans.o
EVENT_USB_Device_ConfigurationChanged             .build/obj_damapad_vial/lufa.o (symbol from plugin)
                                                  .build/obj_damapad_vial/lib/lufa/LUFA/Drivers/USB/Core/DeviceStandardReq.o (symbol from plugin)
EVENT_USB_Device_Connect                          .build/obj_damapad_vial/lufa.o (symbol from plugin)
                                                  .build/obj_damapad_vial/lib/lufa/LUFA/Drivers/USB/Core/AVR8/USBInterrupt_AVR8.o (symbol from plugin)
EVENT_USB_Device_ControlRequest                   .build/obj_damapad_vial/lufa.o (symbol from plugin)
                                                  .build/obj_damapad_vial/lib/lufa/LUFA/Drivers/USB/Core/DeviceStandardReq.o (symbol from plugin)
EVENT_USB_Device_Disconnect                       .build/obj_damapad_vial/lufa.o (symbol from plugin)
                                                  .build/obj_damapad_vial/lib/lufa/LUFA/Drivers/USB/Core/AVR8/USBInterrupt_AVR8.o (symbol from plugin)
EVENT_USB_Device_Reset                            .build/obj_damapad_vial/lufa.o (symbol from plugin)
                                                  .build/obj_damapad_vial/lib/lufa/LUFA/Drivers/USB/Core/AVR8/USBInterrupt_AVR8.o (symbol from plugin)
EVENT_USB_Device_StartOfFrame                     .build/obj_damapad_vial/lib/lufa/LUFA/Drivers/USB/Core/Events.o (symbol from plugin)
                                                  .build/obj_damapad_vial/lib/lufa/LUFA/Drivers/USB/Core/AVR8/USBInterrupt_AVR8.o (symbol from plugin)
EVENT_USB_Device_Suspend                          .build/obj_damapad_vial/lufa.o (symbol from plugin)
                                                  .build/obj_damapad_vial/lib/lufa/LUFA/Drivers/USB/Core/AVR8/USBInterrupt_AVR8.o (symbol from plugin)
EVENT_USB_Device_WakeUp                           .build/obj_damapad_vial/lufa.o (symbol from plugin)
                                                  .build/obj_damapad_vial/lib/lufa/LUFA/Drivers/USB/Core/AVR8/USBInterrupt_AVR8.o (symbol from plugin)
EndpointStream_AVR8.c.2e2d6181                    C:\Users\Roningo\AppData\Local\Temp\ccSifYANdebugobj
                                                  C:\Users\Roningo\AppData\Local\Temp\ccCEIJRD.ltrans0.ltrans.o
Endpoint_AVR8.c.1f3c3df3                          C:\Users\Roningo\AppData\Local\Temp\ccSifYANdebugobj
                                                  C:\Users\Roningo\AppData\Local\Temp\ccCEIJRD.ltrans0.ltrans.o
Endpoint_ClearEndpoints                           .build/obj_damapad_vial/lib/lufa/LUFA/Drivers/USB/Core/AVR8/Endpoint_AVR8.o (symbol from plugin)
Endpoint_ClearStatusStage                         .build/obj_damapad_vial/lib/lufa/LUFA/Drivers/USB/Core/AVR8/Endpoint_AVR8.o (symbol from plugin)
                                                  .build/obj_damapad_vial/lib/lufa/LUFA/Drivers/USB/Core/DeviceStandardReq.o (symbol from plugin)
                                                  .build/obj_damapad_vial/lufa.o (symbol from plugin)
Endpoint_ConfigureEndpointTable                   .build/obj_damapad_vial/lib/lufa/LUFA/Drivers/USB/Core/AVR8/Endpoint_AVR8.o (symbol from plugin)
Endpoint_ConfigureEndpoint_Prv                    .build/obj_damapad_vial/lib/lufa/LUFA/Drivers/USB/Core/AVR8/Endpoint_AVR8.o (symbol from plugin)
                                                  .build/obj_damapad_vial/lib/lufa/LUFA/Drivers/USB/Core/AVR8/USBInterrupt_AVR8.o (symbol from plugin)
                                                  .build/obj_damapad_vial/lib/lufa/LUFA/Drivers/USB/Core/AVR8/USBController_AVR8.o (symbol from plugin)
                                                  .build/obj_damapad_vial/lufa.o (symbol from plugin)
Endpoint_Discard_Stream                           .build/obj_damapad_vial/lib/lufa/LUFA/Drivers/USB/Core/AVR8/EndpointStream_AVR8.o (symbol from plugin)
Endpoint_Null_Stream                              .build/obj_damapad_vial/lib/lufa/LUFA/Drivers/USB/Core/AVR8/EndpointStream_AVR8.o (symbol from plugin)
Endpoint_Read_Control_EStream_BE                  .build/obj_damapad_vial/lib/lufa/LUFA/Drivers/USB/Core/AVR8/EndpointStream_AVR8.o (symbol from plugin)
Endpoint_Read_Control_EStream_LE                  .build/obj_damapad_vial/lib/lufa/LUFA/Drivers/USB/Core/AVR8/EndpointStream_AVR8.o (symbol from plugin)
Endpoint_Read_Control_Stream_BE                   .build/obj_damapad_vial/lib/lufa/LUFA/Drivers/USB/Core/AVR8/EndpointStream_AVR8.o (symbol from plugin)
Endpoint_Read_Control_Stream_LE                   .build/obj_damapad_vial/lib/lufa/LUFA/Drivers/USB/Core/AVR8/EndpointStream_AVR8.o (symbol from plugin)
Endpoint_Read_EStream_BE                          .build/obj_damapad_vial/lib/lufa/LUFA/Drivers/USB/Core/AVR8/EndpointStream_AVR8.o (symbol from plugin)
Endpoint_Read_EStream_LE                          .build/obj_damapad_vial/lib/lufa/LUFA/Drivers/USB/Core/AVR8/EndpointStream_AVR8.o (symbol from plugin)
Endpoint_Read_Stream_BE                           .build/obj_damapad_vial/lib/lufa/LUFA/Drivers/USB/Core/AVR8/EndpointStream_AVR8.o (symbol from plugin)
Endpoint_Read_Stream_LE                           .build/obj_damapad_vial/lib/lufa/LUFA/Drivers/USB/Core/AVR8/EndpointStream_AVR8.o (symbol from plugin)
                                                  .build/obj_damapad_vial/lufa.o (symbol from plugin)
Endpoint_WaitUntilReady                           .build/obj_damapad_vial/lib/lufa/LUFA/Drivers/USB/Core/AVR8/Endpoint_AVR8.o (symbol from plugin)
                                                  .build/obj_damapad_vial/lib/lufa/LUFA/Drivers/USB/Core/AVR8/EndpointStream_AVR8.o (symbol from plugin)
Endpoint_Write_Control_EStream_BE                 .build/obj_damapad_vial/lib/lufa/LUFA/Drivers/USB/Core/AVR8/EndpointStream_AVR8.o (symbol from plugin)
Endpoint_Write_Control_EStream_LE                 .build/obj_damapad_vial/lib/lufa/LUFA/Drivers/USB/Core/AVR8/EndpointStream_AVR8.o (symbol from plugin)
Endpoint_Write_Control_PStream_BE                 .build/obj_damapad_vial/lib/lufa/LUFA/Drivers/USB/Core/AVR8/EndpointStream_AVR8.o (symbol from plugin)
Endpoint_Write_Control_PStream_LE                 .build/obj_damapad_vial/lib/lufa/LUFA/Drivers/USB/Core/AVR8/EndpointStream_AVR8.o (symbol from plugin)
                                                  .build/obj_damapad_vial/lib/lufa/LUFA/Drivers/USB/Core/DeviceStandardReq.o (symbol from plugin)
Endpoint_Write_Control_Stream_BE                  .build/obj_damapad_vial/lib/lufa/LUFA/Drivers/USB/Core/AVR8/EndpointStream_AVR8.o (symbol from plugin)
Endpoint_Write_Control_Stream_LE                  .build/obj_damapad_vial/lib/lufa/LUFA/Drivers/USB/Core/AVR8/EndpointStream_AVR8.o (symbol from plugin)
                                                  .build/obj_damapad_vial/lib/lufa/LUFA/Drivers/USB/Core/DeviceStandardReq.o (symbol from plugin)
                                                  .build/obj_damapad_vial/lufa.o (symbol from plugin)
Endpoint_Write_EStream_BE                         .build/obj_damapad_vial/lib/lufa/LUFA/Drivers/USB/Core/AVR8/EndpointStream_AVR8.o (symbol from plugin)
Endpoint_Write_EStream_LE                         .build/obj_damapad_vial/lib/lufa/LUFA/Drivers/USB/Core/AVR8/EndpointStream_AVR8.o (symbol from plugin)
Endpoint_Write_PStream_BE                         .build/obj_damapad_vial/lib/lufa/LUFA/Drivers/USB/Core/AVR8/EndpointStream_AVR8.o (symbol from plugin)
Endpoint_Write_PStream_LE                         .build/obj_damapad_vial/lib/lufa/LUFA/Drivers/USB/Core/AVR8/EndpointStream_AVR8.o (symbol from plugin)
Endpoint_Write_Stream_BE                          .build/obj_damapad_vial/lib/lufa/LUFA/Drivers/USB/Core/AVR8/EndpointStream_AVR8.o (symbol from plugin)
Endpoint_Write_Stream_LE                          .build/obj_damapad_vial/lib/lufa/LUFA/Drivers/USB/Core/AVR8/EndpointStream_AVR8.o (symbol from plugin)
                                                  .build/obj_damapad_vial/lufa.o (symbol from plugin)
Events.c.732c0463                                 C:\Users\Roningo\AppData\Local\Temp\ccSifYANdebugobj
                                                  C:\Users\Roningo\AppData\Local\Temp\ccCEIJRD.ltrans0.ltrans.o
HIDParser.c.91bca60d                              C:\Users\Roningo\AppData\Local\Temp\ccSifYANdebugobj
HostStandardReq.c.9af44f5e                        C:\Users\Roningo\AppData\Local\Temp\ccSifYANdebugobj
Host_AVR8.c.0c1f2cf8                              C:\Users\Roningo\AppData\Local\Temp\ccSifYANdebugobj
KeyboardReport                                    .build/obj_damapad_vial/usb_descriptor.o (symbol from plugin)
LanguageString                                    .build/obj_damapad_vial/usb_descriptor.o (symbol from plugin)
ManufacturerString                                .build/obj_damapad_vial/usb_descriptor.o (symbol from plugin)
PipeStream_AVR8.c.01838528                        C:\Users\Roningo\AppData\Local\Temp\ccSifYANdebugobj
Pipe_AVR8.c.62a3c13c                              C:\Users\Roningo\AppData\Local\Temp\ccSifYANdebugobj
ProductString                                     .build/obj_damapad_vial/usb_descriptor.o (symbol from plugin)
RawReport                                         .build/obj_damapad_vial/usb_descriptor.o (symbol from plugin)
SharedReport                                      .build/obj_damapad_vial/usb_descriptor.o (symbol from plugin)
USBController_AVR8.c.1c888173                     C:\Users\Roningo\AppData\Local\Temp\ccSifYANdebugobj
                                                  C:\Users\Roningo\AppData\Local\Temp\ccCEIJRD.ltrans0.ltrans.o
USBInterrupt_AVR8.c.d453d0d9                      C:\Users\Roningo\AppData\Local\Temp\ccSifYANdebugobj
                                                  C:\Users\Roningo\AppData\Local\Temp\ccCEIJRD.ltrans0.ltrans.o
USBTask.c.a4d262d0                                C:\Users\Roningo\AppData\Local\Temp\ccSifYANdebugobj
                                                  C:\Users\Roningo\AppData\Local\Temp\ccCEIJRD.ltrans0.ltrans.o
USB_ControlRequest                                .build/obj_damapad_vial/lib/lufa/LUFA/Drivers/USB/Core/USBTask.o (symbol from plugin)
                                                  .build/obj_damapad_vial/lib/lufa/LUFA/Drivers/USB/Core/DeviceStandardReq.o (symbol from plugin)
                                                  .build/obj_damapad_vial/lib/lufa/LUFA/Drivers/USB/Core/AVR8/Endpoint_AVR8.o (symbol from plugin)
                                                  .build/obj_damapad_vial/lib/lufa/LUFA/Drivers/USB/Core/AVR8/EndpointStream_AVR8.o (symbol from plugin)
                                                  .build/obj_damapad_vial/lufa.o (symbol from plugin)
USB_DeviceState                                   .build/obj_damapad_vial/lib/lufa/LUFA/Drivers/USB/Core/USBTask.o (symbol from plugin)
                                                  .build/obj_damapad_vial/protocol/lufa/usb_util.o (symbol from plugin)
                                                  .build/obj_damapad_vial/lib/lufa/LUFA/Drivers/USB/Core/DeviceStandardReq.o (symbol from plugin)
                                                  .build/obj_damapad_vial/lib/lufa/LUFA/Drivers/USB/Core/AVR8/USBInterrupt_AVR8.o (symbol from plugin)
                                                  .build/obj_damapad_vial/lib/lufa/LUFA/Drivers/USB/Core/AVR8/USBController_AVR8.o (symbol from plugin)
                                                  .build/obj_damapad_vial/lib/lufa/LUFA/Drivers/USB/Core/AVR8/Endpoint_AVR8.o (symbol from plugin)
                                                  .build/obj_damapad_vial/lib/lufa/LUFA/Drivers/USB/Core/AVR8/EndpointStream_AVR8.o (symbol from plugin)
                                                  .build/obj_damapad_vial/lufa.o (symbol from plugin)
                                                  .build/obj_damapad_vial/common/avr/suspend.o (symbol from plugin)
USB_Device_ConfigurationNumber                    .build/obj_damapad_vial/lib/lufa/LUFA/Drivers/USB/Core/DeviceStandardReq.o (symbol from plugin)
                                                  .build/obj_damapad_vial/lib/lufa/LUFA/Drivers/USB/Core/AVR8/USBInterrupt_AVR8.o (symbol from plugin)
                                                  .build/obj_damapad_vial/lib/lufa/LUFA/Drivers/USB/Core/AVR8/USBController_AVR8.o (symbol from plugin)
USB_Device_CurrentlySelfPowered                   .build/obj_damapad_vial/lib/lufa/LUFA/Drivers/USB/Core/DeviceStandardReq.o (symbol from plugin)
                                                  .build/obj_damapad_vial/lib/lufa/LUFA/Drivers/USB/Core/AVR8/USBController_AVR8.o (symbol from plugin)
USB_Device_ProcessControlRequest                  .build/obj_damapad_vial/lib/lufa/LUFA/Drivers/USB/Core/DeviceStandardReq.o (symbol from plugin)
                                                  .build/obj_damapad_vial/lib/lufa/LUFA/Drivers/USB/Core/USBTask.o (symbol from plugin)
                                                  .build/obj_damapad_vial/lib/lufa/LUFA/Drivers/USB/Core/AVR8/USBInterrupt_AVR8.o (symbol from plugin)
USB_Device_RemoteWakeupEnabled                    .build/obj_damapad_vial/lib/lufa/LUFA/Drivers/USB/Core/DeviceStandardReq.o (symbol from plugin)
                                                  .build/obj_damapad_vial/lib/lufa/LUFA/Drivers/USB/Core/AVR8/USBController_AVR8.o (symbol from plugin)
                                                  .build/obj_damapad_vial/lufa.o (symbol from plugin)
USB_Device_SendRemoteWakeup                       .build/obj_damapad_vial/lib/lufa/LUFA/Drivers/USB/Core/AVR8/Device_AVR8.o (symbol from plugin)
                                                  .build/obj_damapad_vial/lufa.o (symbol from plugin)
USB_Disable                                       .build/obj_damapad_vial/lib/lufa/LUFA/Drivers/USB/Core/AVR8/USBController_AVR8.o (symbol from plugin)
                                                  .build/obj_damapad_vial/protocol/lufa/usb_util.o (symbol from plugin)
                                                  .build/obj_damapad_vial/lufa.o (symbol from plugin)
USB_Event_Stub                                    .build/obj_damapad_vial/lib/lufa/LUFA/Drivers/USB/Core/Events.o (symbol from plugin)
USB_Event_Stub_2                                  .build/obj_damapad_vial/lib/lufa/LUFA/Drivers/USB/Core/Events.o (symbol from plugin)
USB_Event_Stub_3                                  .build/obj_damapad_vial/lib/lufa/LUFA/Drivers/USB/Core/Events.o (symbol from plugin)
USB_GetHIDReportItemInfo                          .build/obj_damapad_vial/lib/lufa/LUFA/Drivers/USB/Class/Common/HIDParser.o (symbol from plugin)
USB_GetHIDReportSize                              .build/obj_damapad_vial/lib/lufa/LUFA/Drivers/USB/Class/Common/HIDParser.o (symbol from plugin)
USB_GetNextDescriptorComp                         .build/obj_damapad_vial/lib/lufa/LUFA/Drivers/USB/Core/ConfigDescriptors.o (symbol from plugin)
USB_GetNextDescriptorOfType                       .build/obj_damapad_vial/lib/lufa/LUFA/Drivers/USB/Core/ConfigDescriptors.o (symbol from plugin)
USB_GetNextDescriptorOfTypeAfter                  .build/obj_damapad_vial/lib/lufa/LUFA/Drivers/USB/Core/ConfigDescriptors.o (symbol from plugin)
USB_GetNextDescriptorOfTypeBefore                 .build/obj_damapad_vial/lib/lufa/LUFA/Drivers/USB/Core/ConfigDescriptors.o (symbol from plugin)
USB_INT_ClearAllInterrupts                        .build/obj_damapad_vial/lib/lufa/LUFA/Drivers/USB/Core/AVR8/USBInterrupt_AVR8.o (symbol from plugin)
                                                  .build/obj_damapad_vial/lib/lufa/LUFA/Drivers/USB/Core/AVR8/USBController_AVR8.o (symbol from plugin)
USB_INT_DisableAllInterrupts                      .build/obj_damapad_vial/lib/lufa/LUFA/Drivers/USB/Core/AVR8/USBInterrupt_AVR8.o (symbol from plugin)
                                                  .build/obj_damapad_vial/lib/lufa/LUFA/Drivers/USB/Core/AVR8/USBController_AVR8.o (symbol from plugin)
USB_Init                                          .build/obj_damapad_vial/lib/lufa/LUFA/Drivers/USB/Core/AVR8/USBController_AVR8.o (symbol from plugin)
                                                  .build/obj_damapad_vial/lufa.o (symbol from plugin)
USB_IsInitialized                                 .build/obj_damapad_vial/lib/lufa/LUFA/Drivers/USB/Core/USBTask.o (symbol from plugin)
                                                  .build/obj_damapad_vial/lib/lufa/LUFA/Drivers/USB/Core/AVR8/USBController_AVR8.o (symbol from plugin)
                                                  .build/obj_damapad_vial/lufa.o (symbol from plugin)
USB_ProcessHIDReport                              .build/obj_damapad_vial/lib/lufa/LUFA/Drivers/USB/Class/Common/HIDParser.o (symbol from plugin)
USB_ResetInterface                                .build/obj_damapad_vial/lib/lufa/LUFA/Drivers/USB/Core/AVR8/USBController_AVR8.o (symbol from plugin)
USB_SetHIDReportItemInfo                          .build/obj_damapad_vial/lib/lufa/LUFA/Drivers/USB/Class/Common/HIDParser.o (symbol from plugin)
USB_USBTask                                       .build/obj_damapad_vial/lib/lufa/LUFA/Drivers/USB/Core/USBTask.o (symbol from plugin)
                                                  .build/obj_damapad_vial/lufa.o (symbol from plugin)
__bad_interrupt                                   e:/game/msys2/mingw64/bin/../lib/gcc/avr/8.4.0/../../../../avr/lib/avr5/crtatmega32u4.o
__bss_end                                         e:/game/msys2/mingw64/bin/../lib/gcc/avr/8.4.0/avr5\libgcc.a(_clear_bss.o)
__bss_start                                       e:/game/msys2/mingw64/bin/../lib/gcc/avr/8.4.0/avr5\libgcc.a(_clear_bss.o)
__bswapsi2                                        e:/game/msys2/mingw64/bin/../lib/gcc/avr/8.4.0/avr5\libgcc.a(_bswapsi2.o)
                                                  C:\Users\Roningo\AppData\Local\Temp\ccCEIJRD.ltrans0.ltrans.o
__data_end                                        e:/game/msys2/mingw64/bin/../lib/gcc/avr/8.4.0/avr5\libgcc.a(_copy_data.o)
__data_load_start                                 e:/game/msys2/mingw64/bin/../lib/gcc/avr/8.4.0/avr5\libgcc.a(_copy_data.o)
__data_start                                      e:/game/msys2/mingw64/bin/../lib/gcc/avr/8.4.0/avr5\libgcc.a(_copy_data.o)
__do_clear_bss                                    e:/game/msys2/mingw64/bin/../lib/gcc/avr/8.4.0/avr5\libgcc.a(_clear_bss.o)
                                                  C:\Users\Roningo\AppData\Local\Temp\ccCEIJRD.ltrans0.ltrans.o
__do_copy_data                                    e:/game/msys2/mingw64/bin/../lib/gcc/avr/8.4.0/avr5\libgcc.a(_copy_data.o)
                                                  C:\Users\Roningo\AppData\Local\Temp\ccCEIJRD.ltrans0.ltrans.o
__heap_end                                        e:/game/msys2/mingw64/bin/../lib/gcc/avr/8.4.0/../../../../avr/lib/avr5/crtatmega32u4.o
__init                                            e:/game/msys2/mingw64/bin/../lib/gcc/avr/8.4.0/../../../../avr/lib/avr5/crtatmega32u4.o
__stack                                           e:/game/msys2/mingw64/bin/../lib/gcc/avr/8.4.0/../../../../avr/lib/avr5/crtatmega32u4.o
__tablejump2__                                    e:/game/msys2/mingw64/bin/../lib/gcc/avr/8.4.0/avr5\libgcc.a(_tablejump2.o)
                                                  C:\Users\Roningo\AppData\Local\Temp\ccCEIJRD.ltrans0.ltrans.o
__vector_1                                        e:/game/msys2/mingw64/bin/../lib/gcc/avr/8.4.0/../../../../avr/lib/avr5/crtatmega32u4.o
__vector_10                                       C:\Users\Roningo\AppData\Local\Temp\ccCEIJRD.ltrans0.ltrans.o
                                                  .build/obj_damapad_vial/lib/lufa/LUFA/Drivers/USB/Core/AVR8/USBInterrupt_AVR8.o (symbol from plugin)
                                                  e:/game/msys2/mingw64/bin/../lib/gcc/avr/8.4.0/../../../../avr/lib/avr5/crtatmega32u4.o
__vector_11                                       C:\Users\Roningo\AppData\Local\Temp\ccCEIJRD.ltrans0.ltrans.o
                                                  .build/obj_damapad_vial/lib/lufa/LUFA/Drivers/USB/Core/AVR8/USBInterrupt_AVR8.o (symbol from plugin)
                                                  e:/game/msys2/mingw64/bin/../lib/gcc/avr/8.4.0/../../../../avr/lib/avr5/crtatmega32u4.o
__vector_12                                       C:\Users\Roningo\AppData\Local\Temp\ccCEIJRD.ltrans0.ltrans.o
                                                  .build/obj_damapad_vial/common/avr/suspend.o (symbol from plugin)
                                                  e:/game/msys2/mingw64/bin/../lib/gcc/avr/8.4.0/../../../../avr/lib/avr5/crtatmega32u4.o
__vector_13                                       e:/game/msys2/mingw64/bin/../lib/gcc/avr/8.4.0/../../../../avr/lib/avr5/crtatmega32u4.o
__vector_14                                       e:/game/msys2/mingw64/bin/../lib/gcc/avr/8.4.0/../../../../avr/lib/avr5/crtatmega32u4.o
__vector_15                                       e:/game/msys2/mingw64/bin/../lib/gcc/avr/8.4.0/../../../../avr/lib/avr5/crtatmega32u4.o
__vector_16                                       e:/game/msys2/mingw64/bin/../lib/gcc/avr/8.4.0/../../../../avr/lib/avr5/crtatmega32u4.o
__vector_17                                       e:/game/msys2/mingw64/bin/../lib/gcc/avr/8.4.0/../../../../avr/lib/avr5/crtatmega32u4.o
__vector_18                                       e:/game/msys2/mingw64/bin/../lib/gcc/avr/8.4.0/../../../../avr/lib/avr5/crtatmega32u4.o
__vector_19                                       e:/game/msys2/mingw64/bin/../lib/gcc/avr/8.4.0/../../../../avr/lib/avr5/crtatmega32u4.o
__vector_2                                        e:/game/msys2/mingw64/bin/../lib/gcc/avr/8.4.0/../../../../avr/lib/avr5/crtatmega32u4.o
__vector_20                                       e:/game/msys2/mingw64/bin/../lib/gcc/avr/8.4.0/../../../../avr/lib/avr5/crtatmega32u4.o
__vector_21                                       C:\Users\Roningo\AppData\Local\Temp\ccCEIJRD.ltrans0.ltrans.o
                                                  .build/obj_damapad_vial/common/avr/timer.o (symbol from plugin)
                                                  e:/game/msys2/mingw64/bin/../lib/gcc/avr/8.4.0/../../../../avr/lib/avr5/crtatmega32u4.o
__vector_22                                       e:/game/msys2/mingw64/bin/../lib/gcc/avr/8.4.0/../../../../avr/lib/avr5/crtatmega32u4.o
__vector_23                                       e:/game/msys2/mingw64/bin/../lib/gcc/avr/8.4.0/../../../../avr/lib/avr5/crtatmega32u4.o
__vector_24                                       e:/game/msys2/mingw64/bin/../lib/gcc/avr/8.4.0/../../../../avr/lib/avr5/crtatmega32u4.o
__vector_25                                       e:/game/msys2/mingw64/bin/../lib/gcc/avr/8.4.0/../../../../avr/lib/avr5/crtatmega32u4.o
__vector_26                                       e:/game/msys2/mingw64/bin/../lib/gcc/avr/8.4.0/../../../../avr/lib/avr5/crtatmega32u4.o
__vector_27                                       e:/game/msys2/mingw64/bin/../lib/gcc/avr/8.4.0/../../../../avr/lib/avr5/crtatmega32u4.o
__vector_28                                       e:/game/msys2/mingw64/bin/../lib/gcc/avr/8.4.0/../../../../avr/lib/avr5/crtatmega32u4.o
__vector_29                                       e:/game/msys2/mingw64/bin/../lib/gcc/avr/8.4.0/../../../../avr/lib/avr5/crtatmega32u4.o
__vector_3                                        e:/game/msys2/mingw64/bin/../lib/gcc/avr/8.4.0/../../../../avr/lib/avr5/crtatmega32u4.o
__vector_30                                       e:/game/msys2/mingw64/bin/../lib/gcc/avr/8.4.0/../../../../avr/lib/avr5/crtatmega32u4.o
__vector_31                                       e:/game/msys2/mingw64/bin/../lib/gcc/avr/8.4.0/../../../../avr/lib/avr5/crtatmega32u4.o
__vector_32                                       e:/game/msys2/mingw64/bin/../lib/gcc/avr/8.4.0/../../../../avr/lib/avr5/crtatmega32u4.o
__vector_33                                       e:/game/msys2/mingw64/bin/../lib/gcc/avr/8.4.0/../../../../avr/lib/avr5/crtatmega32u4.o
__vector_34                                       e:/game/msys2/mingw64/bin/../lib/gcc/avr/8.4.0/../../../../avr/lib/avr5/crtatmega32u4.o
__vector_35                                       e:/game/msys2/mingw64/bin/../lib/gcc/avr/8.4.0/../../../../avr/lib/avr5/crtatmega32u4.o
__vector_36                                       e:/game/msys2/mingw64/bin/../lib/gcc/avr/8.4.0/../../../../avr/lib/avr5/crtatmega32u4.o
__vector_37                                       e:/game/msys2/mingw64/bin/../lib/gcc/avr/8.4.0/../../../../avr/lib/avr5/crtatmega32u4.o
__vector_38                                       e:/game/msys2/mingw64/bin/../lib/gcc/avr/8.4.0/../../../../avr/lib/avr5/crtatmega32u4.o
__vector_39                                       e:/game/msys2/mingw64/bin/../lib/gcc/avr/8.4.0/../../../../avr/lib/avr5/crtatmega32u4.o
__vector_4                                        e:/game/msys2/mingw64/bin/../lib/gcc/avr/8.4.0/../../../../avr/lib/avr5/crtatmega32u4.o
__vector_40                                       e:/game/msys2/mingw64/bin/../lib/gcc/avr/8.4.0/../../../../avr/lib/avr5/crtatmega32u4.o
__vector_41                                       e:/game/msys2/mingw64/bin/../lib/gcc/avr/8.4.0/../../../../avr/lib/avr5/crtatmega32u4.o
__vector_42                                       e:/game/msys2/mingw64/bin/../lib/gcc/avr/8.4.0/../../../../avr/lib/avr5/crtatmega32u4.o
__vector_5                                        e:/game/msys2/mingw64/bin/../lib/gcc/avr/8.4.0/../../../../avr/lib/avr5/crtatmega32u4.o
__vector_6                                        e:/game/msys2/mingw64/bin/../lib/gcc/avr/8.4.0/../../../../avr/lib/avr5/crtatmega32u4.o
__vector_7                                        e:/game/msys2/mingw64/bin/../lib/gcc/avr/8.4.0/../../../../avr/lib/avr5/crtatmega32u4.o
__vector_8                                        e:/game/msys2/mingw64/bin/../lib/gcc/avr/8.4.0/../../../../avr/lib/avr5/crtatmega32u4.o
__vector_9                                        e:/game/msys2/mingw64/bin/../lib/gcc/avr/8.4.0/../../../../avr/lib/avr5/crtatmega32u4.o
__vector_default                                  e:/game/msys2/mingw64/bin/../lib/gcc/avr/8.4.0/../../../../avr/lib/avr5/crtatmega32u4.o
__vectors                                         e:/game/msys2/mingw64/bin/../lib/gcc/avr/8.4.0/../../../../avr/lib/avr5/crtatmega32u4.o
__xprintf                                         .build/obj_damapad_vial/common/avr/xprintf.o
_exit                                             e:/game/msys2/mingw64/bin/../lib/gcc/avr/8.4.0/avr5\libgcc.a(_exit.o)
action.c.e5d9bdd7                                 C:\Users\Roningo\AppData\Local\Temp\ccSifYANdebugobj
                                                  C:\Users\Roningo\AppData\Local\Temp\ccCEIJRD.ltrans0.ltrans.o
action_exec                                       .build/obj_damapad_vial/common/action.o (symbol from plugin)
                                                  .build/obj_damapad_vial/common/keyboard.o (symbol from plugin)
action_for_key                                    .build/obj_damapad_vial/quantum/keymap_common.o (symbol from plugin)
                                                  .build/obj_damapad_vial/common/action_layer.o (symbol from plugin)
action_function                                   .build/obj_damapad_vial/quantum/keymap_common.o (symbol from plugin)
action_get_macro                                  .build/obj_damapad_vial/quantum/keymap_common.o (symbol from plugin)
action_layer.c.f5c27cb4                           C:\Users\Roningo\AppData\Local\Temp\ccSifYANdebugobj
                                                  C:\Users\Roningo\AppData\Local\Temp\ccCEIJRD.ltrans0.ltrans.o
action_macro.c.a754ea14                           C:\Users\Roningo\AppData\Local\Temp\ccSifYANdebugobj
action_tapping.c.dbaca392                         C:\Users\Roningo\AppData\Local\Temp\ccSifYANdebugobj
                                                  C:\Users\Roningo\AppData\Local\Temp\ccCEIJRD.ltrans0.ltrans.o
action_tapping_process                            .build/obj_damapad_vial/common/action_tapping.o (symbol from plugin)
                                                  .build/obj_damapad_vial/common/action.o (symbol from plugin)
action_util.c.e73378da                            C:\Users\Roningo\AppData\Local\Temp\ccSifYANdebugobj
                                                  C:\Users\Roningo\AppData\Local\Temp\ccCEIJRD.ltrans0.ltrans.o
add_key                                           .build/obj_damapad_vial/common/action_util.o (symbol from plugin)
                                                  .build/obj_damapad_vial/common/action.o (symbol from plugin)
                                                  .build/obj_damapad_vial/quantum/process_keycode/process_grave_esc.o (symbol from plugin)
add_key_bit                                       .build/obj_damapad_vial/common/report.o (symbol from plugin)
add_key_byte                                      .build/obj_damapad_vial/common/report.o (symbol from plugin)
add_key_to_report                                 .build/obj_damapad_vial/common/report.o (symbol from plugin)
                                                  .build/obj_damapad_vial/common/action_util.o (symbol from plugin)
                                                  .build/obj_damapad_vial/common/action.o (symbol from plugin)
                                                  .build/obj_damapad_vial/quantum/process_keycode/process_grave_esc.o (symbol from plugin)
add_macro_mods                                    .build/obj_damapad_vial/common/action_util.o (symbol from plugin)
add_mods                                          .build/obj_damapad_vial/common/action_util.o (symbol from plugin)
                                                  .build/obj_damapad_vial/common/action.o (symbol from plugin)
add_oneshot_mods                                  .build/obj_damapad_vial/common/action_util.o (symbol from plugin)
add_weak_mods                                     .build/obj_damapad_vial/common/action_util.o (symbol from plugin)
                                                  .build/obj_damapad_vial/common/action.o (symbol from plugin)
api_send_unicode                                  .build/obj_damapad_vial/quantum/quantum.o (symbol from plugin)
ascii_to_altgr_lut                                .build/obj_damapad_vial/quantum/send_string.o (symbol from plugin)
ascii_to_dead_lut                                 .build/obj_damapad_vial/quantum/send_string.o (symbol from plugin)
ascii_to_keycode_lut                              .build/obj_damapad_vial/quantum/send_string.o (symbol from plugin)
ascii_to_shift_lut                                .build/obj_damapad_vial/quantum/send_string.o (symbol from plugin)
biton                                             .build/obj_damapad_vial/quantum/bitwise.o (symbol from plugin)
                                                  .build/obj_damapad_vial/common/report.o (symbol from plugin)
biton16                                           .build/obj_damapad_vial/quantum/bitwise.o (symbol from plugin)
biton32                                           .build/obj_damapad_vial/quantum/bitwise.o (symbol from plugin)
bitpop                                            .build/obj_damapad_vial/quantum/bitwise.o (symbol from plugin)
                                                  .build/obj_damapad_vial/common/action_util.o (symbol from plugin)
                                                  .build/obj_damapad_vial/quantum/matrix_common.o (symbol from plugin)
bitpop16                                          .build/obj_damapad_vial/quantum/bitwise.o (symbol from plugin)
bitpop32                                          .build/obj_damapad_vial/quantum/bitwise.o (symbol from plugin)
bitrev                                            .build/obj_damapad_vial/quantum/bitwise.o (symbol from plugin)
bitrev16                                          .build/obj_damapad_vial/quantum/bitwise.o (symbol from plugin)
bitrev32                                          .build/obj_damapad_vial/quantum/bitwise.o (symbol from plugin)
bitwise.c.36357ecb                                C:\Users\Roningo\AppData\Local\Temp\ccSifYANdebugobj
bootloader.c.123860c7                             C:\Users\Roningo\AppData\Local\Temp\ccSifYANdebugobj
                                                  C:\Users\Roningo\AppData\Local\Temp\ccCEIJRD.ltrans0.ltrans.o
bootloader_jump                                   .build/obj_damapad_vial/common/avr/bootloader.o (symbol from plugin)
                                                  .build/obj_damapad_vial/quantum/bootmagic/bootmagic_lite.o (symbol from plugin)
                                                  .build/obj_damapad_vial/quantum/quantum.o (symbol from plugin)
bootloader_jump_after_watchdog_reset              C:\Users\Roningo\AppData\Local\Temp\ccCEIJRD.ltrans0.ltrans.o
                                                  .build/obj_damapad_vial/common/avr/bootloader.o (symbol from plugin)
bootmagic                                         .build/obj_damapad_vial/quantum/bootmagic/bootmagic_lite.o (symbol from plugin)
bootmagic_lite                                    .build/obj_damapad_vial/quantum/bootmagic/bootmagic_lite.o (symbol from plugin)
bootmagic_lite.c.449ee6af                         C:\Users\Roningo\AppData\Local\Temp\ccSifYANdebugobj
                                                  C:\Users\Roningo\AppData\Local\Temp\ccCEIJRD.ltrans0.ltrans.o
bootmagic_lite_reset_eeprom                       .build/obj_damapad_vial/quantum/bootmagic/bootmagic_lite.o (symbol from plugin)
clear_keyboard                                    .build/obj_damapad_vial/common/action.o (symbol from plugin)
                                                  .build/obj_damapad_vial/lufa.o (symbol from plugin)
                                                  .build/obj_damapad_vial/common/avr/suspend.o (symbol from plugin)
                                                  .build/obj_damapad_vial/common/action_tapping.o (symbol from plugin)
                                                  .build/obj_damapad_vial/quantum/process_keycode/process_magic.o (symbol from plugin)
                                                  .build/obj_damapad_vial/quantum/quantum.o (symbol from plugin)
clear_keyboard_but_mods                           .build/obj_damapad_vial/common/action.o (symbol from plugin)
clear_keyboard_but_mods_and_keys                  .build/obj_damapad_vial/common/action.o (symbol from plugin)
                                                  .build/obj_damapad_vial/common/action_layer.o (symbol from plugin)
clear_keys                                        .build/obj_damapad_vial/common/action_util.o (symbol from plugin)
                                                  .build/obj_damapad_vial/common/action.o (symbol from plugin)
clear_keys_from_report                            .build/obj_damapad_vial/common/report.o (symbol from plugin)
                                                  .build/obj_damapad_vial/common/action_util.o (symbol from plugin)
                                                  .build/obj_damapad_vial/common/action.o (symbol from plugin)
clear_macro_mods                                  .build/obj_damapad_vial/common/action_util.o (symbol from plugin)
                                                  .build/obj_damapad_vial/common/action.o (symbol from plugin)
clear_mods                                        .build/obj_damapad_vial/common/action_util.o (symbol from plugin)
                                                  .build/obj_damapad_vial/common/action.o (symbol from plugin)
clear_oneshot_layer_state                         .build/obj_damapad_vial/common/action_util.o (symbol from plugin)
                                                  .build/obj_damapad_vial/common/action.o (symbol from plugin)
clear_oneshot_locked_mods                         .build/obj_damapad_vial/common/action_util.o (symbol from plugin)
clear_oneshot_mods                                .build/obj_damapad_vial/common/action_util.o (symbol from plugin)
                                                  .build/obj_damapad_vial/common/action.o (symbol from plugin)
clear_weak_mods                                   .build/obj_damapad_vial/common/action_util.o (symbol from plugin)
                                                  .build/obj_damapad_vial/common/action.o (symbol from plugin)
damapad.c.1b288ff4                                C:\Users\Roningo\AppData\Local\Temp\ccSifYANdebugobj
                                                  C:\Users\Roningo\AppData\Local\Temp\ccCEIJRD.ltrans0.ltrans.o
debounce                                          .build/obj_damapad_vial/quantum/debounce/sym_defer_g.o (symbol from plugin)
                                                  .build/obj_damapad_vial/quantum/matrix.o (symbol from plugin)
                                                  .build/obj_damapad_vial/quantum/matrix_common.o (symbol from plugin)
debounce_active                                   .build/obj_damapad_vial/quantum/debounce/sym_defer_g.o (symbol from plugin)
                                                  .build/obj_damapad_vial/quantum/matrix_common.o (symbol from plugin)
debounce_init                                     .build/obj_damapad_vial/quantum/debounce/sym_defer_g.o (symbol from plugin)
                                                  .build/obj_damapad_vial/quantum/matrix.o (symbol from plugin)
                                                  .build/obj_damapad_vial/quantum/matrix_common.o (symbol from plugin)
debug.c.c4c1117f                                  C:\Users\Roningo\AppData\Local\Temp\ccSifYANdebugobj
                                                  C:\Users\Roningo\AppData\Local\Temp\ccCEIJRD.ltrans0.ltrans.o
debug_action                                      .build/obj_damapad_vial/common/action.o (symbol from plugin)
debug_config                                      .build/obj_damapad_vial/common/debug.o (symbol from plugin)
                                                  .build/obj_damapad_vial/common/keyboard.o (symbol from plugin)
                                                  .build/obj_damapad_vial/quantum/bootmagic/magic.o (symbol from plugin)
debug_event                                       .build/obj_damapad_vial/common/action.o (symbol from plugin)
                                                  .build/obj_damapad_vial/common/action_tapping.o (symbol from plugin)
debug_record                                      .build/obj_damapad_vial/common/action.o (symbol from plugin)
                                                  .build/obj_damapad_vial/common/action_tapping.o (symbol from plugin)
default_layer_and                                 .build/obj_damapad_vial/common/action_layer.o (symbol from plugin)
                                                  .build/obj_damapad_vial/common/action.o (symbol from plugin)
default_layer_debug                               .build/obj_damapad_vial/common/action_layer.o (symbol from plugin)
                                                  .build/obj_damapad_vial/common/action.o (symbol from plugin)
default_layer_or                                  .build/obj_damapad_vial/common/action_layer.o (symbol from plugin)
                                                  .build/obj_damapad_vial/common/action.o (symbol from plugin)
default_layer_set                                 .build/obj_damapad_vial/common/action_layer.o (symbol from plugin)
                                                  .build/obj_damapad_vial/common/action.o (symbol from plugin)
                                                  .build/obj_damapad_vial/quantum/bootmagic/magic.o (symbol from plugin)
                                                  .build/obj_damapad_vial/quantum/quantum.o (symbol from plugin)
default_layer_state                               .build/obj_damapad_vial/common/action_layer.o (symbol from plugin)
                                                  .build/obj_damapad_vial/common/eeconfig.o (symbol from plugin)
default_layer_state_set_kb                        .build/obj_damapad_vial/common/action_layer.o (symbol from plugin)
default_layer_state_set_user                      .build/obj_damapad_vial/common/action_layer.o (symbol from plugin)
default_layer_xor                                 .build/obj_damapad_vial/common/action_layer.o (symbol from plugin)
                                                  .build/obj_damapad_vial/common/action.o (symbol from plugin)
del_key                                           .build/obj_damapad_vial/common/action_util.o (symbol from plugin)
                                                  .build/obj_damapad_vial/common/action.o (symbol from plugin)
                                                  .build/obj_damapad_vial/quantum/process_keycode/process_grave_esc.o (symbol from plugin)
del_key_bit                                       .build/obj_damapad_vial/common/report.o (symbol from plugin)
del_key_byte                                      .build/obj_damapad_vial/common/report.o (symbol from plugin)
del_key_from_report                               .build/obj_damapad_vial/common/report.o (symbol from plugin)
                                                  .build/obj_damapad_vial/common/action_util.o (symbol from plugin)
                                                  .build/obj_damapad_vial/common/action.o (symbol from plugin)
                                                  .build/obj_damapad_vial/quantum/process_keycode/process_grave_esc.o (symbol from plugin)
del_macro_mods                                    .build/obj_damapad_vial/common/action_util.o (symbol from plugin)
del_mods                                          .build/obj_damapad_vial/common/action_util.o (symbol from plugin)
                                                  .build/obj_damapad_vial/common/action.o (symbol from plugin)
del_oneshot_mods                                  .build/obj_damapad_vial/common/action_util.o (symbol from plugin)
del_weak_mods                                     .build/obj_damapad_vial/common/action_util.o (symbol from plugin)
                                                  .build/obj_damapad_vial/common/action.o (symbol from plugin)
disable_action_cache                              .build/obj_damapad_vial/common/action.o (symbol from plugin)
                                                  .build/obj_damapad_vial/common/action_layer.o (symbol from plugin)
                                                  .build/obj_damapad_vial/quantum/quantum.o (symbol from plugin)
disable_jtag                                      .build/obj_damapad_vial/common/keyboard.o (symbol from plugin)
dynamic_keymap.c.5727c2fe                         C:\Users\Roningo\AppData\Local\Temp\ccSifYANdebugobj
                                                  C:\Users\Roningo\AppData\Local\Temp\ccCEIJRD.ltrans0.ltrans.o
dynamic_keymap_get_buffer                         .build/obj_damapad_vial/quantum/dynamic_keymap.o (symbol from plugin)
                                                  .build/obj_damapad_vial/quantum/via.o (symbol from plugin)
dynamic_keymap_get_keycode                        .build/obj_damapad_vial/quantum/dynamic_keymap.o (symbol from plugin)
                                                  .build/obj_damapad_vial/quantum/via.o (symbol from plugin)
dynamic_keymap_get_layer_count                    .build/obj_damapad_vial/quantum/dynamic_keymap.o (symbol from plugin)
                                                  .build/obj_damapad_vial/quantum/via.o (symbol from plugin)
dynamic_keymap_key_to_eeprom_address              .build/obj_damapad_vial/quantum/dynamic_keymap.o (symbol from plugin)
dynamic_keymap_macro_get_buffer                   .build/obj_damapad_vial/quantum/dynamic_keymap.o (symbol from plugin)
                                                  .build/obj_damapad_vial/quantum/via.o (symbol from plugin)
dynamic_keymap_macro_get_buffer_size              .build/obj_damapad_vial/quantum/dynamic_keymap.o (symbol from plugin)
                                                  .build/obj_damapad_vial/quantum/via.o (symbol from plugin)
dynamic_keymap_macro_get_count                    .build/obj_damapad_vial/quantum/dynamic_keymap.o (symbol from plugin)
                                                  .build/obj_damapad_vial/quantum/via.o (symbol from plugin)
dynamic_keymap_macro_reset                        .build/obj_damapad_vial/quantum/dynamic_keymap.o (symbol from plugin)
                                                  .build/obj_damapad_vial/quantum/via.o (symbol from plugin)
dynamic_keymap_macro_send                         .build/obj_damapad_vial/quantum/dynamic_keymap.o (symbol from plugin)
                                                  .build/obj_damapad_vial/quantum/via.o (symbol from plugin)
dynamic_keymap_macro_set_buffer                   .build/obj_damapad_vial/quantum/dynamic_keymap.o (symbol from plugin)
                                                  .build/obj_damapad_vial/quantum/via.o (symbol from plugin)
dynamic_keymap_reset                              .build/obj_damapad_vial/quantum/dynamic_keymap.o (symbol from plugin)
                                                  .build/obj_damapad_vial/quantum/via.o (symbol from plugin)
dynamic_keymap_set_buffer                         .build/obj_damapad_vial/quantum/dynamic_keymap.o (symbol from plugin)
                                                  .build/obj_damapad_vial/quantum/via.o (symbol from plugin)
dynamic_keymap_set_keycode                        .build/obj_damapad_vial/quantum/dynamic_keymap.o (symbol from plugin)
                                                  .build/obj_damapad_vial/quantum/via.o (symbol from plugin)
eeconfig.c.b68dd123                               C:\Users\Roningo\AppData\Local\Temp\ccSifYANdebugobj
                                                  C:\Users\Roningo\AppData\Local\Temp\ccCEIJRD.ltrans0.ltrans.o
eeconfig_disable                                  .build/obj_damapad_vial/common/eeconfig.o (symbol from plugin)
                                                  .build/obj_damapad_vial/quantum/via.o (symbol from plugin)
eeconfig_enable                                   .build/obj_damapad_vial/common/eeconfig.o (symbol from plugin)
eeconfig_init                                     .build/obj_damapad_vial/common/eeconfig.o (symbol from plugin)
                                                  .build/obj_damapad_vial/quantum/bootmagic/magic.o (symbol from plugin)
                                                  .build/obj_damapad_vial/quantum/quantum.o (symbol from plugin)
eeconfig_init_kb                                  .build/obj_damapad_vial/common/eeconfig.o (symbol from plugin)
eeconfig_init_quantum                             .build/obj_damapad_vial/common/eeconfig.o (symbol from plugin)
eeconfig_init_user                                .build/obj_damapad_vial/common/eeconfig.o (symbol from plugin)
eeconfig_is_disabled                              .build/obj_damapad_vial/common/eeconfig.o (symbol from plugin)
eeconfig_is_enabled                               .build/obj_damapad_vial/common/eeconfig.o (symbol from plugin)
                                                  .build/obj_damapad_vial/quantum/bootmagic/magic.o (symbol from plugin)
eeconfig_read_audio                               .build/obj_damapad_vial/common/eeconfig.o (symbol from plugin)
eeconfig_read_debug                               .build/obj_damapad_vial/common/eeconfig.o (symbol from plugin)
                                                  .build/obj_damapad_vial/quantum/bootmagic/magic.o (symbol from plugin)
eeconfig_read_default_layer                       .build/obj_damapad_vial/common/eeconfig.o (symbol from plugin)
                                                  .build/obj_damapad_vial/quantum/bootmagic/magic.o (symbol from plugin)
eeconfig_read_handedness                          .build/obj_damapad_vial/common/eeconfig.o (symbol from plugin)
eeconfig_read_haptic                              .build/obj_damapad_vial/common/eeconfig.o (symbol from plugin)
eeconfig_read_kb                                  .build/obj_damapad_vial/common/eeconfig.o (symbol from plugin)
eeconfig_read_keymap                              .build/obj_damapad_vial/common/eeconfig.o (symbol from plugin)
                                                  .build/obj_damapad_vial/quantum/process_keycode/process_magic.o (symbol from plugin)
                                                  .build/obj_damapad_vial/quantum/bootmagic/magic.o (symbol from plugin)
eeconfig_read_user                                .build/obj_damapad_vial/common/eeconfig.o (symbol from plugin)
eeconfig_update_audio                             .build/obj_damapad_vial/common/eeconfig.o (symbol from plugin)
eeconfig_update_debug                             .build/obj_damapad_vial/common/eeconfig.o (symbol from plugin)
eeconfig_update_default_layer                     .build/obj_damapad_vial/common/eeconfig.o (symbol from plugin)
                                                  .build/obj_damapad_vial/quantum/quantum.o (symbol from plugin)
eeconfig_update_handedness                        .build/obj_damapad_vial/common/eeconfig.o (symbol from plugin)
                                                  .build/obj_damapad_vial/quantum/process_keycode/process_magic.o (symbol from plugin)
eeconfig_update_haptic                            .build/obj_damapad_vial/common/eeconfig.o (symbol from plugin)
eeconfig_update_kb                                .build/obj_damapad_vial/common/eeconfig.o (symbol from plugin)
eeconfig_update_keymap                            .build/obj_damapad_vial/common/eeconfig.o (symbol from plugin)
                                                  .build/obj_damapad_vial/common/action_util.o (symbol from plugin)
                                                  .build/obj_damapad_vial/quantum/process_keycode/process_magic.o (symbol from plugin)
eeconfig_update_user                              .build/obj_damapad_vial/common/eeconfig.o (symbol from plugin)
eeprom_read_block                                 e:/game/msys2/mingw64/bin/../lib/gcc/avr/8.4.0/../../../../avr/lib/avr5\libatmega32u4.a(eerd_block.o)
eeprom_read_blraw                                 e:/game/msys2/mingw64/bin/../lib/gcc/avr/8.4.0/../../../../avr/lib/avr5\libatmega32u4.a(eerd_block.o)
                                                  e:/game/msys2/mingw64/bin/../lib/gcc/avr/8.4.0/../../../../avr/lib/avr5\libatmega32u4.a(eerd_word.o)
                                                  e:/game/msys2/mingw64/bin/../lib/gcc/avr/8.4.0/../../../../avr/lib/avr5\libatmega32u4.a(eerd_dword.o)
eeprom_read_byte                                  e:/game/msys2/mingw64/bin/../lib/gcc/avr/8.4.0/../../../../avr/lib/avr5\libatmega32u4.a(eerd_byte.o)
                                                  C:\Users\Roningo\AppData\Local\Temp\ccCEIJRD.ltrans0.ltrans.o
                                                  .build/obj_damapad_vial/lib/lufa/LUFA/Drivers/USB/Core/AVR8/EndpointStream_AVR8.o (symbol from plugin)
                                                  .build/obj_damapad_vial/common/eeconfig.o (symbol from plugin)
                                                  .build/obj_damapad_vial/quantum/dynamic_keymap.o (symbol from plugin)
                                                  .build/obj_damapad_vial/quantum/via.o (symbol from plugin)
eeprom_read_dword                                 e:/game/msys2/mingw64/bin/../lib/gcc/avr/8.4.0/../../../../avr/lib/avr5\libatmega32u4.a(eerd_dword.o)
                                                  .build/obj_damapad_vial/common/eeconfig.o (symbol from plugin)
eeprom_read_float                                 e:/game/msys2/mingw64/bin/../lib/gcc/avr/8.4.0/../../../../avr/lib/avr5\libatmega32u4.a(eerd_dword.o)
eeprom_read_word                                  e:/game/msys2/mingw64/bin/../lib/gcc/avr/8.4.0/../../../../avr/lib/avr5\libatmega32u4.a(eerd_word.o)
                                                  C:\Users\Roningo\AppData\Local\Temp\ccCEIJRD.ltrans0.ltrans.o