Archive member included to satisfy reference by file (symbol)

e:/game/msys2/mingw64/bin/../lib/gcc/avr/8.4.0/avr5\libgcc.a(_mulsi3.o)
                              .build/obj_ym68_default/quantum/backlight/backlight_avr.o (__mulsi3)
e:/game/msys2/mingw64/bin/../lib/gcc/avr/8.4.0/avr5\libgcc.a(_udivmodqi4.o)
                              .build/obj_ym68_default/quantum/rgblight.o (__udivmodqi4)
e:/game/msys2/mingw64/bin/../lib/gcc/avr/8.4.0/avr5\libgcc.a(_divmodqi4.o)
                              .build/obj_ym68_default/quantum/rgblight.o (__divmodqi4)
e:/game/msys2/mingw64/bin/../lib/gcc/avr/8.4.0/avr5\libgcc.a(_udivmodhi4.o)
                              .build/obj_ym68_default/quantum/color.o (__udivmodhi4)
e:/game/msys2/mingw64/bin/../lib/gcc/avr/8.4.0/avr5\libgcc.a(_divmodhi4.o)
                              .build/obj_ym68_default/quantum/mousekey.o (__divmodhi4)
e:/game/msys2/mingw64/bin/../lib/gcc/avr/8.4.0/avr5\libgcc.a(_udivmodsi4.o)
                              .build/obj_ym68_default/quantum/rgblight.o (__udivmodsi4)
e:/game/msys2/mingw64/bin/../lib/gcc/avr/8.4.0/avr5\libgcc.a(_exit.o)
                              e:/game/msys2/mingw64/bin/../lib/gcc/avr/8.4.0/../../../../avr/lib/avr5/crtatmega32u4.o (exit)
e:/game/msys2/mingw64/bin/../lib/gcc/avr/8.4.0/avr5\libgcc.a(_tablejump2.o)
                              .build/obj_ym68_default/quantum/process_keycode/process_backlight.o (__tablejump2__)
e:/game/msys2/mingw64/bin/../lib/gcc/avr/8.4.0/avr5\libgcc.a(_copy_data.o)
                              .build/obj_ym68_default/quantum/keymap_common.o (__do_copy_data)
e:/game/msys2/mingw64/bin/../lib/gcc/avr/8.4.0/avr5\libgcc.a(_clear_bss.o)
                              .build/obj_ym68_default/quantum/bootmagic/magic.o (__do_clear_bss)
e:/game/msys2/mingw64/bin/../lib/gcc/avr/8.4.0/avr5\libgcc.a(_mulhisi3.o)
                              .build/obj_ym68_default/quantum/rgblight.o (__mulhisi3)
e:/game/msys2/mingw64/bin/../lib/gcc/avr/8.4.0/avr5\libgcc.a(_umulhisi3.o)
                              .build/obj_ym68_default/quantum/rgblight.o (__umulhisi3)
e:/game/msys2/mingw64/bin/../lib/gcc/avr/8.4.0/avr5\libgcc.a(_usmulhisi3.o)
                              e:/game/msys2/mingw64/bin/../lib/gcc/avr/8.4.0/avr5\libgcc.a(_mulhisi3.o) (__usmulhisi3_tail)
e:/game/msys2/mingw64/bin/../lib/gcc/avr/8.4.0/avr5\libgcc.a(_muluhisi3.o)
                              .build/obj_ym68_default/quantum/rgblight.o (__muluhisi3)
e:/game/msys2/mingw64/bin/../lib/gcc/avr/8.4.0/avr5\libgcc.a(_mulshisi3.o)
                              .build/obj_ym68_default/quantum/rgblight.o (__mulshisi3)
e:/game/msys2/mingw64/bin/../lib/gcc/avr/8.4.0/../../../../avr/lib/avr5\libc.a(rand.o)
                              .build/obj_ym68_default/quantum/rgblight.o (rand)
e:/game/msys2/mingw64/bin/../lib/gcc/avr/8.4.0/../../../../avr/lib/avr5\libc.a(memchr.o)
                              .build/obj_ym68_default/quantum/rgblight.o (memchr)
e:/game/msys2/mingw64/bin/../lib/gcc/avr/8.4.0/../../../../avr/lib/avr5\libatmega32u4.a(eerd_byte.o)
                              .build/obj_ym68_default/quantum/backlight/backlight.o (eeprom_read_byte)
e:/game/msys2/mingw64/bin/../lib/gcc/avr/8.4.0/../../../../avr/lib/avr5\libatmega32u4.a(eerd_dword.o)
                              .build/obj_ym68_default/quantum/rgblight.o (eeprom_read_dword)
e:/game/msys2/mingw64/bin/../lib/gcc/avr/8.4.0/../../../../avr/lib/avr5\libatmega32u4.a(eerd_word.o)
                              .build/obj_ym68_default/common/eeconfig.o (eeprom_read_word)
e:/game/msys2/mingw64/bin/../lib/gcc/avr/8.4.0/../../../../avr/lib/avr5\libatmega32u4.a(eeupd_byte.o)
                              .build/obj_ym68_default/quantum/backlight/backlight.o (eeprom_update_byte)
e:/game/msys2/mingw64/bin/../lib/gcc/avr/8.4.0/../../../../avr/lib/avr5\libatmega32u4.a(eeupd_dword.o)
                              .build/obj_ym68_default/quantum/rgblight.o (eeprom_update_dword)
e:/game/msys2/mingw64/bin/../lib/gcc/avr/8.4.0/../../../../avr/lib/avr5\libatmega32u4.a(eeupd_word.o)
                              .build/obj_ym68_default/common/eeconfig.o (eeprom_update_word)
e:/game/msys2/mingw64/bin/../lib/gcc/avr/8.4.0/../../../../avr/lib/avr5\libatmega32u4.a(eerd_block.o)
                              e:/game/msys2/mingw64/bin/../lib/gcc/avr/8.4.0/../../../../avr/lib/avr5\libatmega32u4.a(eerd_dword.o) (eeprom_read_blraw)
e:/game/msys2/mingw64/bin/../lib/gcc/avr/8.4.0/avr5\libgcc.a(_divmodsi4.o)
                              e:/game/msys2/mingw64/bin/../lib/gcc/avr/8.4.0/../../../../avr/lib/avr5\libc.a(rand.o) (__divmodsi4)
e:/game/msys2/mingw64/bin/../lib/gcc/avr/8.4.0/avr5\libgcc.a(_negsi2.o)
                              e:/game/msys2/mingw64/bin/../lib/gcc/avr/8.4.0/avr5\libgcc.a(_divmodsi4.o) (__negsi2)

Allocating common symbols
Common symbol       size              file

rgblight_config     0x5               .build/obj_ym68_default/quantum/rgblight.o
[...]
Memory Configuration

Name             Origin             Length             Attributes
text             0x0000000000000000 0x0000000000020000 xr
data             0x0000000000800060 0x000000000000ffa0 rw !x
eeprom           0x0000000000810000 0x0000000000010000 rw !x
fuse             0x0000000000820000 0x0000000000000400 rw !x
lock             0x0000000000830000 0x0000000000000400 rw !x
signature        0x0000000000840000 0x0000000000000400 rw !x
user_signatures  0x0000000000850000 0x0000000000000400 rw !x
*default*        0x0000000000000000 0xffffffffffffffff

Linker script and memory map

Address of section .data set to 0x800100
LOAD e:/game/msys2/mingw64/bin/../lib/gcc/avr/8.4.0/../../../../avr/lib/avr5/crtatmega32u4.o
LOAD .build/obj_ym68_default/keyboards/ym68/ym68.o
LOAD .build/obj_ym68_default/keyboards/ym68/keymaps/default/keymap.o
LOAD .build/obj_ym68_default/quantum/quantum.o
LOAD .build/obj_ym68_default/quantum/send_string.o
LOAD .build/obj_ym68_default/quantum/bitwise.o
LOAD .build/obj_ym68_default/quantum/led.o
LOAD .build/obj_ym68_default/quantum/keymap_common.o
LOAD .build/obj_ym68_default/quantum/keycode_config.o
LOAD .build/obj_ym68_default/quantum/bootmagic/bootmagic_lite.o
LOAD .build/obj_ym68_default/quantum/bootmagic/magic.o
LOAD .build/obj_ym68_default/quantum/matrix_common.o
LOAD .build/obj_ym68_default/quantum/matrix.o
LOAD .build/obj_ym68_default/quantum/debounce/sym_defer_g.o
LOAD .build/obj_ym68_default/quantum/mousekey.o
LOAD .build/obj_ym68_default/quantum/color.o
LOAD .build/obj_ym68_default/quantum/rgblight.o
LOAD .build/obj_ym68_default/quantum/process_keycode/process_rgb.o
LOAD .build/obj_ym68_default/quantum/backlight/backlight.o
LOAD .build/obj_ym68_default/quantum/process_keycode/process_backlight.o
LOAD .build/obj_ym68_default/quantum/backlight/backlight_driver_common.o
LOAD .build/obj_ym68_default/quantum/backlight/backlight_avr.o
LOAD .build/obj_ym68_default/ws2812.o
LOAD .build/obj_ym68_default/quantum/led_tables.o
LOAD .build/obj_ym68_default/quantum/process_keycode/process_space_cadet.o
LOAD .build/obj_ym68_default/quantum/process_keycode/process_magic.o
LOAD .build/obj_ym68_default/quantum/process_keycode/process_grave_esc.o
LOAD .build/obj_ym68_default/common/host.o
LOAD .build/obj_ym68_default/common/keyboard.o
LOAD .build/obj_ym68_default/common/action.o
LOAD .build/obj_ym68_default/common/action_tapping.o
LOAD .build/obj_ym68_default/common/action_macro.o
LOAD .build/obj_ym68_default/common/action_layer.o
LOAD .build/obj_ym68_default/common/action_util.o
LOAD .build/obj_ym68_default/common/debug.o
LOAD .build/obj_ym68_default/common/sendchar_null.o
LOAD .build/obj_ym68_default/common/eeconfig.o
LOAD .build/obj_ym68_default/common/report.o
LOAD .build/obj_ym68_default/common/usb_util.o
LOAD .build/obj_ym68_default/common/avr/suspend.o
LOAD .build/obj_ym68_default/common/avr/timer.o
LOAD .build/obj_ym68_default/common/sync_timer.o
LOAD .build/obj_ym68_default/common/avr/bootloader.o
LOAD .build/obj_ym68_default/common/avr/xprintf.o
LOAD .build/obj_ym68_default/common/avr/printf.o
LOAD .build/obj_ym68_default/lufa.o
LOAD .build/obj_ym68_default/usb_descriptor.o
LOAD .build/obj_ym68_default/lib/lufa/LUFA/Drivers/USB/Class/Common/HIDParser.o
LOAD .build/obj_ym68_default/lib/lufa/LUFA/Drivers/USB/Core/AVR8/Device_AVR8.o
LOAD .build/obj_ym68_default/lib/lufa/LUFA/Drivers/USB/Core/AVR8/EndpointStream_AVR8.o
LOAD .build/obj_ym68_default/lib/lufa/LUFA/Drivers/USB/Core/AVR8/Endpoint_AVR8.o
LOAD .build/obj_ym68_default/lib/lufa/LUFA/Drivers/USB/Core/AVR8/Host_AVR8.o
LOAD .build/obj_ym68_default/lib/lufa/LUFA/Drivers/USB/Core/AVR8/PipeStream_AVR8.o
LOAD .build/obj_ym68_default/lib/lufa/LUFA/Drivers/USB/Core/AVR8/Pipe_AVR8.o
LOAD .build/obj_ym68_default/lib/lufa/LUFA/Drivers/USB/Core/AVR8/USBController_AVR8.o
LOAD .build/obj_ym68_default/lib/lufa/LUFA/Drivers/USB/Core/AVR8/USBInterrupt_AVR8.o
LOAD .build/obj_ym68_default/lib/lufa/LUFA/Drivers/USB/Core/ConfigDescriptors.o
LOAD .build/obj_ym68_default/lib/lufa/LUFA/Drivers/USB/Core/DeviceStandardReq.o
LOAD .build/obj_ym68_default/lib/lufa/LUFA/Drivers/USB/Core/Events.o
LOAD .build/obj_ym68_default/lib/lufa/LUFA/Drivers/USB/Core/HostStandardReq.o
LOAD .build/obj_ym68_default/lib/lufa/LUFA/Drivers/USB/Core/USBTask.o
LOAD .build/obj_ym68_default/protocol/lufa/usb_util.o
LOAD e:/game/msys2/mingw64/bin/../lib/gcc/avr/8.4.0/../../../../avr/lib/avr5\libm.a
START GROUP
LOAD e:/game/msys2/mingw64/bin/../lib/gcc/avr/8.4.0/avr5\libgcc.a
LOAD e:/game/msys2/mingw64/bin/../lib/gcc/avr/8.4.0/../../../../avr/lib/avr5\libm.a
LOAD e:/game/msys2/mingw64/bin/../lib/gcc/avr/8.4.0/../../../../avr/lib/avr5\libc.a
LOAD e:/game/msys2/mingw64/bin/../lib/gcc/avr/8.4.0/../../../../avr/lib/avr5\libatmega32u4.a
END GROUP
                0x0000000000020000                __TEXT_REGION_LENGTH__ = DEFINED (__TEXT_REGION_LENGTH__)?__TEXT_REGION_LENGTH__:0x20000
                0x000000000000ffa0                __DATA_REGION_LENGTH__ = DEFINED (__DATA_REGION_LENGTH__)?__DATA_REGION_LENGTH__:0xffa0
                0x0000000000010000                __EEPROM_REGION_LENGTH__ = DEFINED (__EEPROM_REGION_LENGTH__)?__EEPROM_REGION_LENGTH__:0x10000
                0x0000000000000400                __FUSE_REGION_LENGTH__ = DEFINED (__FUSE_REGION_LENGTH__)?__FUSE_REGION_LENGTH__:0x400
                0x0000000000000400                __LOCK_REGION_LENGTH__ = DEFINED (__LOCK_REGION_LENGTH__)?__LOCK_REGION_LENGTH__:0x400
                0x0000000000000400                __SIGNATURE_REGION_LENGTH__ = DEFINED (__SIGNATURE_REGION_LENGTH__)?__SIGNATURE_REGION_LENGTH__:0x400
                0x0000000000000400                __USER_SIGNATURE_REGION_LENGTH__ = DEFINED (__USER_SIGNATURE_REGION_LENGTH__)?__USER_SIGNATURE_REGION_LENGTH__:0x400

.hash
 *(.hash)

.dynsym
 *(.dynsym)

.dynstr
 *(.dynstr)

.gnu.version
 *(.gnu.version)

.gnu.version_d
 *(.gnu.version_d)

.gnu.version_r
 *(.gnu.version_r)

.rel.init
 *(.rel.init)

.rela.init
 *(.rela.init)

.rel.text
 *(.rel.text)
 *(.rel.text.*)
 *(.rel.gnu.linkonce.t*)

.rela.text
 *(.rela.text)
 *(.rela.text.*)
 *(.rela.gnu.linkonce.t*)

.rel.fini
 *(.rel.fini)

.rela.fini
 *(.rela.fini)

.rel.rodata
 *(.rel.rodata)
 *(.rel.rodata.*)
 *(.rel.gnu.linkonce.r*)

.rela.rodata
 *(.rela.rodata)
 *(.rela.rodata.*)
 *(.rela.gnu.linkonce.r*)

.rel.data
 *(.rel.data)
 *(.rel.data.*)
 *(.rel.gnu.linkonce.d*)

.rela.data
 *(.rela.data)
 *(.rela.data.*)
 *(.rela.gnu.linkonce.d*)

.rel.ctors
 *(.rel.ctors)

.rela.ctors
 *(.rela.ctors)

.rel.dtors
 *(.rel.dtors)

.rela.dtors
 *(.rela.dtors)

.rel.got
 *(.rel.got)

.rela.got
 *(.rela.got)

.rel.bss
 *(.rel.bss)

.rela.bss
 *(.rela.bss)

.rel.plt
 *(.rel.plt)

.rela.plt
 *(.rela.plt)

.text           0x0000000000000000     0x57d4
 *(.vectors)
 .vectors       0x0000000000000000       0xac e:/game/msys2/mingw64/bin/../lib/gcc/avr/8.4.0/../../../../avr/lib/avr5/crtatmega32u4.o
                0x0000000000000000                __vector_default
                0x0000000000000000                __vectors
 *(.vectors)
 *(.progmem.gcc*)
                0x00000000000000ac                . = ALIGN (0x2)
                0x00000000000000ac                __trampolines_start = .
 *(.trampolines)
 .trampolines   0x00000000000000ac        0x0 linker stubs
 *(.trampolines*)
                0x00000000000000ac                __trampolines_end = .
 *libprintf_flt.a:*(.progmem.data)
 *libc.a:*(.progmem.data)
 *(.progmem.*)
 .progmem.data.keymaps
                0x00000000000000ac      0x12c .build/obj_ym68_default/keyboards/ym68/keymaps/default/keymap.o
                0x00000000000000ac                keymaps
 .progmem.data.fn_actions
                0x00000000000001d8        0x0 .build/obj_ym68_default/quantum/keymap_common.o
                0x00000000000001d8                fn_actions
 .progmem.data.RGBLED_TWINKLE_INTERVALS
                0x00000000000001d8        0x3 .build/obj_ym68_default/quantum/rgblight.o
                0x00000000000001d8                RGBLED_TWINKLE_INTERVALS
 .progmem.data.RGBLED_RGBTEST_INTERVALS
                0x00000000000001db        0x2 .build/obj_ym68_default/quantum/rgblight.o
                0x00000000000001db                RGBLED_RGBTEST_INTERVALS
 .progmem.data.RGBLED_KNIGHT_INTERVALS
                0x00000000000001dd        0x3 .build/obj_ym68_default/quantum/rgblight.o
                0x00000000000001dd                RGBLED_KNIGHT_INTERVALS
 .progmem.data.RGBLED_SNAKE_INTERVALS
                0x00000000000001e0        0x3 .build/obj_ym68_default/quantum/rgblight.o
                0x00000000000001e0                RGBLED_SNAKE_INTERVALS
 .progmem.data.RGBLED_RAINBOW_SWIRL_INTERVALS
                0x00000000000001e3        0x3 .build/obj_ym68_default/quantum/rgblight.o
                0x00000000000001e3                RGBLED_RAINBOW_SWIRL_INTERVALS
 .progmem.data.RGBLED_RAINBOW_MOOD_INTERVALS
                0x00000000000001e6        0x3 .build/obj_ym68_default/quantum/rgblight.o
                0x00000000000001e6                RGBLED_RAINBOW_MOOD_INTERVALS
 .progmem.data.RGBLED_BREATHING_INTERVALS
                0x00000000000001e9        0x4 .build/obj_ym68_default/quantum/rgblight.o
                0x00000000000001e9                RGBLED_BREATHING_INTERVALS
 .progmem.data.rgblight_effect_breathe_table
                0x00000000000001ed      0x100 .build/obj_ym68_default/quantum/rgblight.o
                0x00000000000001ed                rgblight_effect_breathe_table
 .progmem.data.RGBLED_GRADIENT_RANGES
                0x00000000000002ed        0x5 .build/obj_ym68_default/quantum/rgblight.o
                0x00000000000002ed                RGBLED_GRADIENT_RANGES
 .progmem.data.breathing_table
                0x00000000000002f2       0x80 .build/obj_ym68_default/quantum/backlight/backlight_avr.o
 .progmem.data.CIE1931_CURVE
                0x0000000000000372      0x100 .build/obj_ym68_default/quantum/led_tables.o
                0x0000000000000372                CIE1931_CURVE
 .progmem.data.ProductString
                0x0000000000000472        0xc .build/obj_ym68_default/usb_descriptor.o
                0x0000000000000472                ProductString
 .progmem.data.ManufacturerString
                0x000000000000047e        0xc .build/obj_ym68_default/usb_descriptor.o
                0x000000000000047e                ManufacturerString
 .progmem.data.LanguageString
                0x000000000000048a        0x4 .build/obj_ym68_default/usb_descriptor.o
                0x000000000000048a                LanguageString
 .progmem.data.ConfigurationDescriptor
                0x000000000000048e       0x3b .build/obj_ym68_default/usb_descriptor.o
                0x000000000000048e                ConfigurationDescriptor
 .progmem.data.DeviceDescriptor
                0x00000000000004c9       0x12 .build/obj_ym68_default/usb_descriptor.o
                0x00000000000004c9                DeviceDescriptor
 .progmem.data.SharedReport
                0x00000000000004db       0x7b .build/obj_ym68_default/usb_descriptor.o
                0x00000000000004db                SharedReport
 .progmem.data.KeyboardReport
                0x0000000000000556       0x40 .build/obj_ym68_default/usb_descriptor.o
                0x0000000000000556                KeyboardReport
                0x0000000000000596                . = ALIGN (0x2)
 *(.lowtext)
 *(.lowtext*)
                0x0000000000000596                __ctors_start = .
 *(.ctors)
                0x0000000000000596                __ctors_end = .
                0x0000000000000596                __dtors_start = .
 *(.dtors)
                0x0000000000000596                __dtors_end = .
 SORT_BY_NAME(*)(.ctors)
 SORT_BY_NAME(*)(.dtors)
 *(.init0)
 .init0         0x0000000000000596        0x0 e:/game/msys2/mingw64/bin/../lib/gcc/avr/8.4.0/../../../../avr/lib/avr5/crtatmega32u4.o
                0x0000000000000596                __init
 *(.init0)
 *(.init1)
 *(.init1)
 *(.init2)
 .init2         0x0000000000000596        0xc e:/game/msys2/mingw64/bin/../lib/gcc/avr/8.4.0/../../../../avr/lib/avr5/crtatmega32u4.o
 *(.init2)
 *(.init3)
 .init3         0x00000000000005a2       0x54 .build/obj_ym68_default/common/avr/bootloader.o
                0x00000000000005a2                bootloader_jump_after_watchdog_reset
 *(.init3)
 *(.init4)
 .init4         0x00000000000005f6       0x16 e:/game/msys2/mingw64/bin/../lib/gcc/avr/8.4.0/avr5\libgcc.a(_copy_data.o)
                0x00000000000005f6                __do_copy_data
 .init4         0x000000000000060c       0x10 e:/game/msys2/mingw64/bin/../lib/gcc/avr/8.4.0/avr5\libgcc.a(_clear_bss.o)
                0x000000000000060c                __do_clear_bss
 *(.init4)
 *(.init5)
 *(.init5)
 *(.init6)
 *(.init6)
 *(.init7)
 *(.init7)
 *(.init8)
 *(.init8)
 *(.init9)
 .init9         0x000000000000061c        0x8 e:/game/msys2/mingw64/bin/../lib/gcc/avr/8.4.0/../../../../avr/lib/avr5/crtatmega32u4.o
 *(.init9)
 *(.text)
 .text          0x0000000000000624        0x4 e:/game/msys2/mingw64/bin/../lib/gcc/avr/8.4.0/../../../../avr/lib/avr5/crtatmega32u4.o
                0x0000000000000624                __vector_38
                0x0000000000000624                __vector_22
                0x0000000000000624                __vector_28
                0x0000000000000624                __vector_1
                0x0000000000000624                __vector_32
                0x0000000000000624                __vector_34
                0x0000000000000624                __vector_24
                0x0000000000000624                __bad_interrupt
                0x0000000000000624                __vector_6
                0x0000000000000624                __vector_31
                0x0000000000000624                __vector_35
                0x0000000000000624                __vector_39
                0x0000000000000624                __vector_3
                0x0000000000000624                __vector_23
                0x0000000000000624                __vector_30
                0x0000000000000624                __vector_25
                0x0000000000000624                __vector_13
                0x0000000000000624                __vector_17
                0x0000000000000624                __vector_19
                0x0000000000000624                __vector_7
                0x0000000000000624                __vector_41
                0x0000000000000624                __vector_27
                0x0000000000000624                __vector_5
                0x0000000000000624                __vector_33
                0x0000000000000624                __vector_37
                0x0000000000000624                __vector_4
                0x0000000000000624                __vector_9
                0x0000000000000624                __vector_2
                0x0000000000000624                __vector_15
                0x0000000000000624                __vector_36
                0x0000000000000624                __vector_29
                0x0000000000000624                __vector_40
                0x0000000000000624                __vector_8
                0x0000000000000624                __vector_26
                0x0000000000000624                __vector_14
                0x0000000000000624                __vector_16
                0x0000000000000624                __vector_18
                0x0000000000000624                __vector_42
                0x0000000000000628                . = ALIGN (0x2)
 *(.text.*)
 .text.process_action_kb
                0x0000000000000628        0x4 .build/obj_ym68_default/quantum/quantum.o
                0x0000000000000628                process_action_kb
 .text.process_record_user
                0x000000000000062c        0x4 .build/obj_ym68_default/quantum/quantum.o
                0x000000000000062c                process_record_user
 .text.process_record_kb
                0x0000000000000630        0x4 .build/obj_ym68_default/quantum/quantum.o
                0x0000000000000630                process_record_kb
 .text.post_process_record_user
                0x0000000000000634        0x2 .build/obj_ym68_default/quantum/quantum.o
                0x0000000000000634                post_process_record_user
 .text.post_process_record_kb
                0x0000000000000636        0x4 .build/obj_ym68_default/quantum/quantum.o
                0x0000000000000636                post_process_record_kb
 .text.get_event_keycode
                0x000000000000063a       0x66 .build/obj_ym68_default/quantum/quantum.o
                0x000000000000063a                get_event_keycode
 .text.get_record_keycode
                0x00000000000006a0       0x12 .build/obj_ym68_default/quantum/quantum.o
                0x00000000000006a0                get_record_keycode
 .text.post_process_record_quantum
                0x00000000000006b2       0x16 .build/obj_ym68_default/quantum/quantum.o
                0x00000000000006b2                post_process_record_quantum
 .text.matrix_init_quantum
                0x00000000000006c8        0xc .build/obj_ym68_default/quantum/quantum.o
                0x00000000000006c8                matrix_init_quantum
 .text.matrix_scan_quantum
                0x00000000000006d4        0x4 .build/obj_ym68_default/quantum/quantum.o
                0x00000000000006d4                matrix_scan_quantum
 .text.shutdown_user
                0x00000000000006d8        0x2 .build/obj_ym68_default/quantum/quantum.o
                0x00000000000006d8                shutdown_user
 .text.reset_keyboard
                0x00000000000006da       0x1e .build/obj_ym68_default/quantum/quantum.o
                0x00000000000006da                reset_keyboard
 .text.process_record_quantum
                0x00000000000006f8       0xbe .build/obj_ym68_default/quantum/quantum.o
                0x00000000000006f8                process_record_quantum
 .text.led_set_user
                0x00000000000007b6        0x2 .build/obj_ym68_default/quantum/led.o
                0x00000000000007b6                led_set_user
 .text.led_set_kb
                0x00000000000007b8        0x4 .build/obj_ym68_default/quantum/led.o
                0x00000000000007b8                led_set_kb
 .text.led_update_user
                0x00000000000007bc        0x4 .build/obj_ym68_default/quantum/led.o
                0x00000000000007bc                led_update_user
 .text.led_update_kb
                0x00000000000007c0        0x4 .build/obj_ym68_default/quantum/led.o
                0x00000000000007c0                led_update_kb
 .text.led_set  0x00000000000007c4       0x10 .build/obj_ym68_default/quantum/led.o
                0x00000000000007c4                led_set
 .text.action_get_macro
                0x00000000000007d4        0x6 .build/obj_ym68_default/quantum/keymap_common.o
                0x00000000000007d4                action_get_macro
 .text.action_function
                0x00000000000007da        0x2 .build/obj_ym68_default/quantum/keymap_common.o
                0x00000000000007da                action_function
 .text.keymap_key_to_keycode
                0x00000000000007dc       0x28 .build/obj_ym68_default/quantum/keymap_common.o
                0x00000000000007dc                keymap_key_to_keycode
 .text.keymap_function_id_to_action
                0x0000000000000804       0x10 .build/obj_ym68_default/quantum/keymap_common.o
                0x0000000000000804                keymap_function_id_to_action
 .text.action_for_key
                0x0000000000000814      0x22a .build/obj_ym68_default/quantum/keymap_common.o
                0x0000000000000814                action_for_key
 .text.keycode_config
                0x0000000000000a3e      0x12e .build/obj_ym68_default/quantum/keycode_config.o
                0x0000000000000a3e                keycode_config
 .text.mod_config
                0x0000000000000b6c       0x86 .build/obj_ym68_default/quantum/keycode_config.o
                0x0000000000000b6c                mod_config
 .text.bootmagic_lite_reset_eeprom
                0x0000000000000bf2        0x4 .build/obj_ym68_default/quantum/bootmagic/bootmagic_lite.o
                0x0000000000000bf2                bootmagic_lite_reset_eeprom
 .text.bootmagic_lite
                0x0000000000000bf6       0x2e .build/obj_ym68_default/quantum/bootmagic/bootmagic_lite.o
                0x0000000000000bf6                bootmagic_lite
 .text.bootmagic
                0x0000000000000c24        0x4 .build/obj_ym68_default/quantum/bootmagic/bootmagic_lite.o
                0x0000000000000c24                bootmagic
 .text.magic    0x0000000000000c28       0x48 .build/obj_ym68_default/quantum/bootmagic/magic.o
                0x0000000000000c28                magic
 .text.matrix_init_user
                0x0000000000000c70        0x2 .build/obj_ym68_default/quantum/matrix_common.o
                0x0000000000000c70                matrix_init_user
 .text.matrix_init_kb
                0x0000000000000c72        0x4 .build/obj_ym68_default/quantum/matrix_common.o
                0x0000000000000c72                matrix_init_kb
 .text.matrix_scan_user
                0x0000000000000c76        0x2 .build/obj_ym68_default/quantum/matrix_common.o
                0x0000000000000c76                matrix_scan_user
 .text.matrix_scan_kb
                0x0000000000000c78        0x4 .build/obj_ym68_default/quantum/matrix_common.o
                0x0000000000000c78                matrix_scan_kb
 .text.matrix_get_row
                0x0000000000000c7c       0x12 .build/obj_ym68_default/quantum/matrix_common.o
                0x0000000000000c7c                matrix_get_row
 .text.matrix_print
                0x0000000000000c8e        0x2 .build/obj_ym68_default/quantum/matrix_common.o
                0x0000000000000c8e                matrix_print
 .text.matrix_io_delay
                0x0000000000000c90        0x8 .build/obj_ym68_default/quantum/matrix_common.o
                0x0000000000000c90                matrix_io_delay
 .text.matrix_output_select_delay
                0x0000000000000c98        0x4 .build/obj_ym68_default/quantum/matrix_common.o
                0x0000000000000c98                matrix_output_select_delay
 .text.matrix_output_unselect_delay
                0x0000000000000c9c        0x4 .build/obj_ym68_default/quantum/matrix_common.o
                0x0000000000000c9c                matrix_output_unselect_delay
 .text.setPinInputHigh_atomic
                0x0000000000000ca0       0x2e .build/obj_ym68_default/quantum/matrix.o
 .text.matrix_init
                0x0000000000000cce       0x9c .build/obj_ym68_default/quantum/matrix.o
                0x0000000000000cce                matrix_init
 .text.matrix_scan
                0x0000000000000d6a      0x130 .build/obj_ym68_default/quantum/matrix.o
                0x0000000000000d6a                matrix_scan
 .text.debounce_init
                0x0000000000000e9a        0x2 .build/obj_ym68_default/quantum/debounce/sym_defer_g.o
                0x0000000000000e9a                debounce_init
 .text.debounce
                0x0000000000000e9c       0x72 .build/obj_ym68_default/quantum/debounce/sym_defer_g.o
                0x0000000000000e9c                debounce
 .text.move_unit
                0x0000000000000f0e       0x94 .build/obj_ym68_default/quantum/mousekey.o
 .text.wheel_unit
                0x0000000000000fa2       0x72 .build/obj_ym68_default/quantum/mousekey.o
 .text.mousekey_on
                0x0000000000001014       0xb4 .build/obj_ym68_default/quantum/mousekey.o
                0x0000000000001014                mousekey_on
 .text.mousekey_off
                0x00000000000010c8       0xf2 .build/obj_ym68_default/quantum/mousekey.o
                0x00000000000010c8                mousekey_off
 .text.mousekey_send
                0x00000000000011ba       0x36 .build/obj_ym68_default/quantum/mousekey.o
                0x00000000000011ba                mousekey_send
 .text.mousekey_task
                0x00000000000011f0      0x218 .build/obj_ym68_default/quantum/mousekey.o
                0x00000000000011f0                mousekey_task
 .text.mousekey_clear
                0x0000000000001408       0x1c .build/obj_ym68_default/quantum/mousekey.o
                0x0000000000001408                mousekey_clear
 .text.hsv_to_rgb_impl
                0x0000000000001424      0x12a .build/obj_ym68_default/quantum/color.o
                0x0000000000001424                hsv_to_rgb_impl
 .text.hsv_to_rgb
                0x000000000000154e        0x6 .build/obj_ym68_default/quantum/color.o
                0x000000000000154e                hsv_to_rgb
 .text.rgblight_effect_dummy
                0x0000000000001554        0x2 .build/obj_ym68_default/quantum/rgblight.o
 .text.rgblight_hsv_to_rgb
                0x0000000000001556        0x4 .build/obj_ym68_default/quantum/rgblight.o
                0x0000000000001556                rgblight_hsv_to_rgb
 .text.sethsv_raw
                0x000000000000155a       0x1c .build/obj_ym68_default/quantum/rgblight.o
                0x000000000000155a                sethsv_raw
 .text.rgblight_check_config
                0x0000000000001576       0x1e .build/obj_ym68_default/quantum/rgblight.o
                0x0000000000001576                rgblight_check_config
 .text.eeconfig_read_rgblight
                0x0000000000001594        0x8 .build/obj_ym68_default/quantum/rgblight.o
                0x0000000000001594                eeconfig_read_rgblight
 .text.eeconfig_update_rgblight
                0x000000000000159c       0x24 .build/obj_ym68_default/quantum/rgblight.o
                0x000000000000159c                eeconfig_update_rgblight
 .text.eeconfig_update_rgblight_default
                0x00000000000015c0       0x1e .build/obj_ym68_default/quantum/rgblight.o
                0x00000000000015c0                eeconfig_update_rgblight_default
 .text.rgblight_get_mode
                0x00000000000015de       0x10 .build/obj_ym68_default/quantum/rgblight.o
                0x00000000000015de                rgblight_get_mode
 .text.rgblight_increase_speed_helper
                0x00000000000015ee       0x28 .build/obj_ym68_default/quantum/rgblight.o
                0x00000000000015ee                rgblight_increase_speed_helper
 .text.rgblight_increase_speed
                0x0000000000001616        0x6 .build/obj_ym68_default/quantum/rgblight.o
                0x0000000000001616                rgblight_increase_speed
 .text.rgblight_decrease_speed_helper
                0x000000000000161c       0x28 .build/obj_ym68_default/quantum/rgblight.o
                0x000000000000161c                rgblight_decrease_speed_helper
 .text.rgblight_decrease_speed
                0x0000000000001644        0x6 .build/obj_ym68_default/quantum/rgblight.o
                0x0000000000001644                rgblight_decrease_speed
 .text.rgblight_call_driver
                0x000000000000164a        0x6 .build/obj_ym68_default/quantum/rgblight.o
                0x000000000000164a                rgblight_call_driver
 .text.rgblight_set
                0x0000000000001650       0x44 .build/obj_ym68_default/quantum/rgblight.o
                0x0000000000001650                rgblight_set
 .text.rgblight_setrgb
                0x0000000000001694       0x32 .build/obj_ym68_default/quantum/rgblight.o
                0x0000000000001694                rgblight_setrgb
 .text.rgblight_sethsv_noeeprom_old
                0x00000000000016c6       0x34 .build/obj_ym68_default/quantum/rgblight.o
                0x00000000000016c6                rgblight_sethsv_noeeprom_old
 .text.rgblight_effect_breathing
                0x00000000000016fa       0x28 .build/obj_ym68_default/quantum/rgblight.o
                0x00000000000016fa                rgblight_effect_breathing
 .text.rgblight_effect_rainbow_mood
                0x0000000000001722       0x20 .build/obj_ym68_default/quantum/rgblight.o
                0x0000000000001722                rgblight_effect_rainbow_mood
 .text.rgblight_effect_rgbtest
                0x0000000000001742       0x7e .build/obj_ym68_default/quantum/rgblight.o
                0x0000000000001742                rgblight_effect_rgbtest
 .text.rgblight_sethsv_eeprom_helper
                0x00000000000017c0      0x124 .build/obj_ym68_default/quantum/rgblight.o
                0x00000000000017c0                rgblight_sethsv_eeprom_helper
 .text.rgblight_increase_hue_helper
                0x00000000000018e4       0x14 .build/obj_ym68_default/quantum/rgblight.o
                0x00000000000018e4                rgblight_increase_hue_helper
 .text.rgblight_increase_hue
                0x00000000000018f8        0x6 .build/obj_ym68_default/quantum/rgblight.o
                0x00000000000018f8                rgblight_increase_hue
 .text.rgblight_decrease_hue_helper
                0x00000000000018fe       0x14 .build/obj_ym68_default/quantum/rgblight.o
                0x00000000000018fe                rgblight_decrease_hue_helper
 .text.rgblight_decrease_hue
                0x0000000000001912        0x6 .build/obj_ym68_default/quantum/rgblight.o
                0x0000000000001912                rgblight_decrease_hue
 .text.rgblight_increase_sat_helper
                0x0000000000001918       0x18 .build/obj_ym68_default/quantum/rgblight.o
                0x0000000000001918                rgblight_increase_sat_helper
 .text.rgblight_increase_sat
                0x0000000000001930        0x6 .build/obj_ym68_default/quantum/rgblight.o
                0x0000000000001930                rgblight_increase_sat
 .text.rgblight_decrease_sat_helper
                0x0000000000001936       0x18 .build/obj_ym68_default/quantum/rgblight.o
                0x0000000000001936                rgblight_decrease_sat_helper
 .text.rgblight_decrease_sat
                0x000000000000194e        0x6 .build/obj_ym68_default/quantum/rgblight.o
                0x000000000000194e                rgblight_decrease_sat
 .text.rgblight_increase_val_helper
                0x0000000000001954       0x18 .build/obj_ym68_default/quantum/rgblight.o
                0x0000000000001954                rgblight_increase_val_helper
 .text.rgblight_increase_val
                0x000000000000196c        0x6 .build/obj_ym68_default/quantum/rgblight.o
                0x000000000000196c                rgblight_increase_val
 .text.rgblight_decrease_val_helper
                0x0000000000001972       0x18 .build/obj_ym68_default/quantum/rgblight.o
                0x0000000000001972                rgblight_decrease_val_helper
 .text.rgblight_decrease_val
                0x000000000000198a        0x6 .build/obj_ym68_default/quantum/rgblight.o
                0x000000000000198a                rgblight_decrease_val
 .text.rgblight_sethsv_noeeprom
                0x0000000000001990        0x6 .build/obj_ym68_default/quantum/rgblight.o
                0x0000000000001990                rgblight_sethsv_noeeprom
 .text.rgblight_effect_rainbow_swirl
                0x0000000000001996       0x7a .build/obj_ym68_default/quantum/rgblight.o
                0x0000000000001996                rgblight_effect_rainbow_swirl
 .text.rgblight_effect_snake
                0x0000000000001a10       0xf4 .build/obj_ym68_default/quantum/rgblight.o
                0x0000000000001a10                rgblight_effect_snake
 .text.rgblight_effect_knight
                0x0000000000001b04       0xe6 .build/obj_ym68_default/quantum/rgblight.o
                0x0000000000001b04                rgblight_effect_knight
 .text.rgblight_effect_christmas
                0x0000000000001bea      0x120 .build/obj_ym68_default/quantum/rgblight.o
                0x0000000000001bea                rgblight_effect_christmas
 .text.rgblight_effect_alternating
                0x0000000000001d0a       0x7a .build/obj_ym68_default/quantum/rgblight.o
                0x0000000000001d0a                rgblight_effect_alternating
 .text.rgblight_effect_twinkle
                0x0000000000001d84      0x1bc .build/obj_ym68_default/quantum/rgblight.o
                0x0000000000001d84                rgblight_effect_twinkle
 .text.rgblight_disable
                0x0000000000001f40       0x30 .build/obj_ym68_default/quantum/rgblight.o
                0x0000000000001f40                rgblight_disable
 .text.rgblight_disable_noeeprom
                0x0000000000001f70       0x24 .build/obj_ym68_default/quantum/rgblight.o
                0x0000000000001f70                rgblight_disable_noeeprom
 .text.rgblight_suspend
                0x0000000000001f94       0x22 .build/obj_ym68_default/quantum/rgblight.o
                0x0000000000001f94                rgblight_suspend
 .text.rgblight_timer_enable
                0x0000000000001fb6       0x2c .build/obj_ym68_default/quantum/rgblight.o
                0x0000000000001fb6                rgblight_timer_enable
 .text.rgblight_mode_eeprom_helper
                0x0000000000001fe2       0x74 .build/obj_ym68_default/quantum/rgblight.o
                0x0000000000001fe2                rgblight_mode_eeprom_helper
 .text.rgblight_step_helper
                0x0000000000002056       0x16 .build/obj_ym68_default/quantum/rgblight.o
                0x0000000000002056                rgblight_step_helper
 .text.rgblight_step
                0x000000000000206c        0x6 .build/obj_ym68_default/quantum/rgblight.o
                0x000000000000206c                rgblight_step
 .text.rgblight_step_reverse_helper
                0x0000000000002072       0x14 .build/obj_ym68_default/quantum/rgblight.o
                0x0000000000002072                rgblight_step_reverse_helper
 .text.rgblight_step_reverse
                0x0000000000002086        0x6 .build/obj_ym68_default/quantum/rgblight.o
                0x0000000000002086                rgblight_step_reverse
 .text.rgblight_mode
                0x000000000000208c        0x6 .build/obj_ym68_default/quantum/rgblight.o
                0x000000000000208c                rgblight_mode
 .text.rgblight_enable
                0x0000000000002092       0x10 .build/obj_ym68_default/quantum/rgblight.o
                0x0000000000002092                rgblight_enable
 .text.rgblight_toggle
                0x00000000000020a2        0xe .build/obj_ym68_default/quantum/rgblight.o
                0x00000000000020a2                rgblight_toggle
 .text.rgblight_mode_noeeprom
                0x00000000000020b0        0x6 .build/obj_ym68_default/quantum/rgblight.o
                0x00000000000020b0                rgblight_mode_noeeprom
 .text.rgblight_init
                0x00000000000020b6       0x66 .build/obj_ym68_default/quantum/rgblight.o
                0x00000000000020b6                rgblight_init
 .text.rgblight_enable_noeeprom
                0x000000000000211c       0x10 .build/obj_ym68_default/quantum/rgblight.o
                0x000000000000211c                rgblight_enable_noeeprom
 .text.rgblight_wakeup
                0x000000000000212c       0x12 .build/obj_ym68_default/quantum/rgblight.o
                0x000000000000212c                rgblight_wakeup
 .text.rgblight_task
                0x000000000000213e      0x148 .build/obj_ym68_default/quantum/rgblight.o
                0x000000000000213e                rgblight_task
 .text.handleKeycodeRGB
                0x0000000000002286        0xa .build/obj_ym68_default/quantum/process_keycode/process_rgb.o
 .text.handleKeycodeRGBMode
                0x0000000000002290       0x2a .build/obj_ym68_default/quantum/process_keycode/process_rgb.o
 .text.process_rgb
                0x00000000000022ba      0x19a .build/obj_ym68_default/quantum/process_keycode/process_rgb.o
                0x00000000000022ba                process_rgb
 .text.eeconfig_read_backlight
                0x0000000000002454        0x8 .build/obj_ym68_default/quantum/backlight/backlight.o
                0x0000000000002454                eeconfig_read_backlight
 .text.eeconfig_update_backlight
                0x000000000000245c        0xa .build/obj_ym68_default/quantum/backlight/backlight.o
                0x000000000000245c                eeconfig_update_backlight
 .text.eeconfig_update_backlight_default
                0x0000000000002466       0x10 .build/obj_ym68_default/quantum/backlight/backlight.o
                0x0000000000002466                eeconfig_update_backlight_default
 .text.get_backlight_level
                0x0000000000002476        0xc .build/obj_ym68_default/quantum/backlight/backlight.o
                0x0000000000002476                get_backlight_level
 .text.backlight_enable_breathing
                0x0000000000002482       0x18 .build/obj_ym68_default/quantum/backlight/backlight.o
                0x0000000000002482                backlight_enable_breathing
 .text.backlight_disable_breathing
                0x000000000000249a       0x18 .build/obj_ym68_default/quantum/backlight/backlight.o
                0x000000000000249a                backlight_disable_breathing
 .text.backlight_toggle_breathing
                0x00000000000024b2        0xe .build/obj_ym68_default/quantum/backlight/backlight.o
                0x00000000000024b2                backlight_toggle_breathing
 .text.is_backlight_breathing
                0x00000000000024c0        0xa .build/obj_ym68_default/quantum/backlight/backlight.o
                0x00000000000024c0                is_backlight_breathing
 .text.get_breathing_period
                0x00000000000024ca        0x6 .build/obj_ym68_default/quantum/backlight/backlight.o
                0x00000000000024ca                get_breathing_period
 .text.backlight_init
                0x00000000000024d0       0x3c .build/obj_ym68_default/quantum/backlight/backlight.o
                0x00000000000024d0                backlight_init
 .text.backlight_increase
                0x000000000000250c       0x3c .build/obj_ym68_default/quantum/backlight/backlight.o
                0x000000000000250c                backlight_increase
 .text.backlight_decrease
                0x0000000000002548       0x36 .build/obj_ym68_default/quantum/backlight/backlight.o
                0x0000000000002548                backlight_decrease
 .text.backlight_enable
                0x000000000000257e       0x30 .build/obj_ym68_default/quantum/backlight/backlight.o
                0x000000000000257e                backlight_enable
 .text.backlight_disable
                0x00000000000025ae       0x1a .build/obj_ym68_default/quantum/backlight/backlight.o
                0x00000000000025ae                backlight_disable
 .text.backlight_toggle
                0x00000000000025c8        0xe .build/obj_ym68_default/quantum/backlight/backlight.o
                0x00000000000025c8                backlight_toggle
 .text.backlight_step
                0x00000000000025d6       0x52 .build/obj_ym68_default/quantum/backlight/backlight.o
                0x00000000000025d6                backlight_step
 .text.backlight_level_noeeprom
                0x0000000000002628       0x32 .build/obj_ym68_default/quantum/backlight/backlight.o
                0x0000000000002628                backlight_level_noeeprom
 .text.backlight_level
                0x000000000000265a        0xc .build/obj_ym68_default/quantum/backlight/backlight.o
                0x000000000000265a                backlight_level
 .text.process_backlight
                0x0000000000002666       0x4e .build/obj_ym68_default/quantum/process_keycode/process_backlight.o
                0x0000000000002666                process_backlight
 .text.backlight_pins_init
                0x00000000000026b4        0x6 .build/obj_ym68_default/quantum/backlight/backlight_driver_common.o
                0x00000000000026b4                backlight_pins_init
 .text.backlight_pins_off
                0x00000000000026ba        0x4 .build/obj_ym68_default/quantum/backlight/backlight_driver_common.o
                0x00000000000026ba                backlight_pins_off
 .text.cie_lightness
                0x00000000000026be       0x7a .build/obj_ym68_default/quantum/backlight/backlight_avr.o
 .text.backlight_set
                0x0000000000002738       0x52 .build/obj_ym68_default/quantum/backlight/backlight_avr.o
                0x0000000000002738                backlight_set
 .text.backlight_task
                0x000000000000278a        0x2 .build/obj_ym68_default/quantum/backlight/backlight_avr.o
                0x000000000000278a                backlight_task
 .text.breathing_enable
                0x000000000000278c       0x18 .build/obj_ym68_default/quantum/backlight/backlight_avr.o
                0x000000000000278c                breathing_enable
 .text.breathing_disable
                0x00000000000027a4       0x12 .build/obj_ym68_default/quantum/backlight/backlight_avr.o
                0x00000000000027a4                breathing_disable
 .text.__vector_20
                0x00000000000027b6       0xde .build/obj_ym68_default/quantum/backlight/backlight_avr.o
                0x00000000000027b6                __vector_20
 .text.backlight_init_ports
                0x0000000000002894       0x2c .build/obj_ym68_default/quantum/backlight/backlight_avr.o
                0x0000000000002894                backlight_init_ports
 .text.ws2812_setleds
                0x00000000000028c0       0x58 .build/obj_ym68_default/ws2812.o
                0x00000000000028c0                ws2812_setleds
 .text.perform_space_cadet
                0x0000000000002918       0xd8 .build/obj_ym68_default/quantum/process_keycode/process_space_cadet.o
                0x0000000000002918                perform_space_cadet
 .text.process_space_cadet
                0x00000000000029f0       0xa4 .build/obj_ym68_default/quantum/process_keycode/process_space_cadet.o
                0x00000000000029f0                process_space_cadet
 .text.process_magic
                0x0000000000002a94      0x246 .build/obj_ym68_default/quantum/process_keycode/process_magic.o
                0x0000000000002a94                process_magic
 .text.process_grave_esc
                0x0000000000002cda       0x54 .build/obj_ym68_default/quantum/process_keycode/process_grave_esc.o
                0x0000000000002cda                process_grave_esc
 .text.host_set_driver
                0x0000000000002d2e        0xa .build/obj_ym68_default/common/host.o
                0x0000000000002d2e                host_set_driver
 .text.host_keyboard_leds
                0x0000000000002d38       0x18 .build/obj_ym68_default/common/host.o
                0x0000000000002d38                host_keyboard_leds
 .text.host_keyboard_send
                0x0000000000002d50       0x16 .build/obj_ym68_default/common/host.o
                0x0000000000002d50                host_keyboard_send
 .text.host_mouse_send
                0x0000000000002d66       0x1c .build/obj_ym68_default/common/host.o
                0x0000000000002d66                host_mouse_send
 .text.host_system_send
                0x0000000000002d82       0x2c .build/obj_ym68_default/common/host.o
                0x0000000000002d82                host_system_send
 .text.host_consumer_send
                0x0000000000002dae       0x2c .build/obj_ym68_default/common/host.o
                0x0000000000002dae                host_consumer_send
 .text.last_matrix_activity_trigger
                0x0000000000002dda       0x26 .build/obj_ym68_default/common/keyboard.o
                0x0000000000002dda                last_matrix_activity_trigger
 .text.disable_jtag
                0x0000000000002e00        0xe .build/obj_ym68_default/common/keyboard.o
                0x0000000000002e00                disable_jtag
 .text.keyboard_pre_init_user
                0x0000000000002e0e        0x2 .build/obj_ym68_default/common/keyboard.o
                0x0000000000002e0e                keyboard_pre_init_user
 .text.matrix_setup
                0x0000000000002e10        0x2 .build/obj_ym68_default/common/keyboard.o
                0x0000000000002e10                matrix_setup
 .text.keyboard_pre_init_kb
                0x0000000000002e12        0x4 .build/obj_ym68_default/common/keyboard.o
                0x0000000000002e12                keyboard_pre_init_kb
 .text.keyboard_post_init_user
                0x0000000000002e16        0x2 .build/obj_ym68_default/common/keyboard.o
                0x0000000000002e16                keyboard_post_init_user
 .text.keyboard_post_init_kb
                0x0000000000002e18        0x4 .build/obj_ym68_default/common/keyboard.o
                0x0000000000002e18                keyboard_post_init_kb
 .text.keyboard_setup
                0x0000000000002e1c       0x14 .build/obj_ym68_default/common/keyboard.o
                0x0000000000002e1c                keyboard_setup
 .text.is_keyboard_master
                0x0000000000002e30        0x4 .build/obj_ym68_default/common/keyboard.o
                0x0000000000002e30                is_keyboard_master
 .text.should_process_keypress
                0x0000000000002e34        0x4 .build/obj_ym68_default/common/keyboard.o
                0x0000000000002e34                should_process_keypress
 .text.housekeeping_task_kb
                0x0000000000002e38        0x2 .build/obj_ym68_default/common/keyboard.o
                0x0000000000002e38                housekeeping_task_kb
 .text.housekeeping_task_user
                0x0000000000002e3a        0x2 .build/obj_ym68_default/common/keyboard.o
                0x0000000000002e3a                housekeeping_task_user
 .text.housekeeping_task
                0x0000000000002e3c        0x8 .build/obj_ym68_default/common/keyboard.o
                0x0000000000002e3c                housekeeping_task
 .text.keyboard_init
                0x0000000000002e44       0x14 .build/obj_ym68_default/common/keyboard.o
                0x0000000000002e44                keyboard_init
 .text.keyboard_task
                0x0000000000002e58      0x16c .build/obj_ym68_default/common/keyboard.o
                0x0000000000002e58                keyboard_task
 .text.action_exec
                0x0000000000002fc4       0x64 .build/obj_ym68_default/common/action.o
                0x0000000000002fc4                action_exec
 .text.process_record_tap_hint
                0x0000000000003028        0xa .build/obj_ym68_default/common/action.o
                0x0000000000003028                process_record_tap_hint
 .text.register_code
                0x0000000000003032       0x9c .build/obj_ym68_default/common/action.o
                0x0000000000003032                register_code
 .text.unregister_code
                0x00000000000030ce       0x5e .build/obj_ym68_default/common/action.o
                0x00000000000030ce                unregister_code
 .text.tap_code_delay
                0x000000000000312c       0x2e .build/obj_ym68_default/common/action.o
                0x000000000000312c                tap_code_delay
 .text.tap_code
                0x000000000000315a       0x10 .build/obj_ym68_default/common/action.o
                0x000000000000315a                tap_code
 .text.register_mods
                0x000000000000316a        0xe .build/obj_ym68_default/common/action.o
                0x000000000000316a                register_mods
 .text.unregister_mods
                0x0000000000003178        0xe .build/obj_ym68_default/common/action.o
                0x0000000000003178                unregister_mods
 .text.process_action
                0x0000000000003186      0x42c .build/obj_ym68_default/common/action.o
                0x0000000000003186                process_action
 .text.process_record_handler
                0x00000000000035b2       0x2e .build/obj_ym68_default/common/action.o
                0x00000000000035b2                process_record_handler
 .text.process_record
                0x00000000000035e0       0x50 .build/obj_ym68_default/common/action.o
                0x00000000000035e0                process_record
 .text.clear_keyboard_but_mods_and_keys
                0x0000000000003630       0x24 .build/obj_ym68_default/common/action.o
                0x0000000000003630                clear_keyboard_but_mods_and_keys
 .text.clear_keyboard_but_mods
                0x0000000000003654        0x8 .build/obj_ym68_default/common/action.o
                0x0000000000003654                clear_keyboard_but_mods
 .text.clear_keyboard
                0x000000000000365c        0x8 .build/obj_ym68_default/common/action.o
                0x000000000000365c                clear_keyboard
 .text.is_tap_action
                0x0000000000003664       0x3e .build/obj_ym68_default/common/action.o
                0x0000000000003664                is_tap_action
 .text.is_tap_key
                0x00000000000036a2        0x8 .build/obj_ym68_default/common/action.o
                0x00000000000036a2                is_tap_key
 .text.debug_event
                0x00000000000036aa       0x1e .build/obj_ym68_default/common/action.o
                0x00000000000036aa                debug_event
 .text.debug_record
                0x00000000000036c8       0x20 .build/obj_ym68_default/common/action.o
                0x00000000000036c8                debug_record
 .text.debug_waiting_buffer
                0x00000000000036e8       0x42 .build/obj_ym68_default/common/action_tapping.o
 .text.debug_tapping_key
                0x000000000000372a       0x1c .build/obj_ym68_default/common/action_tapping.o
 .text.waiting_buffer_scan_tap
                0x0000000000003746       0xac .build/obj_ym68_default/common/action_tapping.o
 .text.process_tapping
                0x00000000000037f2      0x356 .build/obj_ym68_default/common/action_tapping.o
 .text.action_tapping_process
                0x0000000000003b48      0x134 .build/obj_ym68_default/common/action_tapping.o
                0x0000000000003b48                action_tapping_process
 .text.action_macro_play
                0x0000000000003c7c       0xf0 .build/obj_ym68_default/common/action_macro.o
                0x0000000000003c7c                action_macro_play
 .text.default_layer_state_set_user
                0x0000000000003d6c        0x2 .build/obj_ym68_default/common/action_layer.o
                0x0000000000003d6c                default_layer_state_set_user
 .text.default_layer_state_set_kb
                0x0000000000003d6e        0x4 .build/obj_ym68_default/common/action_layer.o
                0x0000000000003d6e                default_layer_state_set_kb
 .text.default_layer_state_set
                0x0000000000003d72       0x18 .build/obj_ym68_default/common/action_layer.o
 .text.default_layer_debug
                0x0000000000003d8a        0x2 .build/obj_ym68_default/common/action_layer.o
                0x0000000000003d8a                default_layer_debug
 .text.default_layer_set
                0x0000000000003d8c        0x4 .build/obj_ym68_default/common/action_layer.o
                0x0000000000003d8c                default_layer_set
 .text.default_layer_or
                0x0000000000003d90       0x24 .build/obj_ym68_default/common/action_layer.o
                0x0000000000003d90                default_layer_or
 .text.default_layer_and
                0x0000000000003db4       0x24 .build/obj_ym68_default/common/action_layer.o
                0x0000000000003db4                default_layer_and
 .text.default_layer_xor
                0x0000000000003dd8       0x24 .build/obj_ym68_default/common/action_layer.o
                0x0000000000003dd8                default_layer_xor
 .text.layer_state_set_user
                0x0000000000003dfc        0x4 .build/obj_ym68_default/common/action_layer.o
                0x0000000000003dfc                layer_state_set_user
 .text.layer_state_set_kb
                0x0000000000003e00        0x4 .build/obj_ym68_default/common/action_layer.o
                0x0000000000003e00                layer_state_set_kb
 .text.layer_state_set
                0x0000000000003e04       0x18 .build/obj_ym68_default/common/action_layer.o
                0x0000000000003e04                layer_state_set
 .text.layer_clear
                0x0000000000003e1c        0xa .build/obj_ym68_default/common/action_layer.o
                0x0000000000003e1c                layer_clear
 .text.layer_move
                0x0000000000003e26       0x2a .build/obj_ym68_default/common/action_layer.o
                0x0000000000003e26                layer_move
 .text.layer_on
                0x0000000000003e50       0x42 .build/obj_ym68_default/common/action_layer.o
                0x0000000000003e50                layer_on
 .text.layer_off
                0x0000000000003e92       0x46 .build/obj_ym68_default/common/action_layer.o
                0x0000000000003e92                layer_off
 .text.layer_invert
                0x0000000000003ed8       0x42 .build/obj_ym68_default/common/action_layer.o
                0x0000000000003ed8                layer_invert
 .text.layer_or
                0x0000000000003f1a       0x24 .build/obj_ym68_default/common/action_layer.o
                0x0000000000003f1a                layer_or
 .text.layer_and
                0x0000000000003f3e       0x24 .build/obj_ym68_default/common/action_layer.o
                0x0000000000003f3e                layer_and
 .text.layer_xor
                0x0000000000003f62       0x24 .build/obj_ym68_default/common/action_layer.o
                0x0000000000003f62                layer_xor
 .text.layer_debug
                0x0000000000003f86        0x2 .build/obj_ym68_default/common/action_layer.o
                0x0000000000003f86                layer_debug
 .text.update_source_layers_cache
                0x0000000000003f88       0x58 .build/obj_ym68_default/common/action_layer.o
                0x0000000000003f88                update_source_layers_cache
 .text.read_source_layers_cache
                0x0000000000003fe0       0x50 .build/obj_ym68_default/common/action_layer.o
                0x0000000000003fe0                read_source_layers_cache
 .text.layer_switch_get_layer
                0x0000000000004030       0x84 .build/obj_ym68_default/common/action_layer.o
                0x0000000000004030                layer_switch_get_layer
 .text.layer_switch_get_action
                0x00000000000040b4       0x14 .build/obj_ym68_default/common/action_layer.o
                0x00000000000040b4                layer_switch_get_action
 .text.store_or_get_action
                0x00000000000040c8       0x48 .build/obj_ym68_default/common/action_layer.o
                0x00000000000040c8                store_or_get_action
 .text.add_key  0x0000000000004110        0xe .build/obj_ym68_default/common/action_util.o
                0x0000000000004110                add_key
 .text.del_key  0x000000000000411e        0xe .build/obj_ym68_default/common/action_util.o
                0x000000000000411e                del_key
 .text.clear_keys
                0x000000000000412c        0xc .build/obj_ym68_default/common/action_util.o
                0x000000000000412c                clear_keys
 .text.get_oneshot_layer
                0x0000000000004138        0xc .build/obj_ym68_default/common/action_util.o
                0x0000000000004138                get_oneshot_layer
 .text.get_oneshot_layer_state
                0x0000000000004144        0x8 .build/obj_ym68_default/common/action_util.o
                0x0000000000004144                get_oneshot_layer_state
 .text.is_oneshot_layer_active
                0x000000000000414c        0xe .build/obj_ym68_default/common/action_util.o
                0x000000000000414c                is_oneshot_layer_active
 .text.oneshot_set
                0x000000000000415a       0x24 .build/obj_ym68_default/common/action_util.o
                0x000000000000415a                oneshot_set
 .text.oneshot_toggle
                0x000000000000417e       0x12 .build/obj_ym68_default/common/action_util.o
                0x000000000000417e                oneshot_toggle
 .text.oneshot_enable
                0x0000000000004190        0x6 .build/obj_ym68_default/common/action_util.o
                0x0000000000004190                oneshot_enable
 .text.oneshot_disable
                0x0000000000004196        0x6 .build/obj_ym68_default/common/action_util.o
                0x0000000000004196                oneshot_disable
 .text.get_mods
                0x000000000000419c        0x6 .build/obj_ym68_default/common/action_util.o
                0x000000000000419c                get_mods
 .text.add_mods
                0x00000000000041a2        0xc .build/obj_ym68_default/common/action_util.o
                0x00000000000041a2                add_mods
 .text.del_mods
                0x00000000000041ae        0xe .build/obj_ym68_default/common/action_util.o
                0x00000000000041ae                del_mods
 .text.clear_mods
                0x00000000000041bc        0x6 .build/obj_ym68_default/common/action_util.o
                0x00000000000041bc                clear_mods
 .text.add_weak_mods
                0x00000000000041c2        0xc .build/obj_ym68_default/common/action_util.o
                0x00000000000041c2                add_weak_mods
 .text.del_weak_mods
                0x00000000000041ce        0xe .build/obj_ym68_default/common/action_util.o
                0x00000000000041ce                del_weak_mods
 .text.clear_weak_mods
                0x00000000000041dc        0x6 .build/obj_ym68_default/common/action_util.o
                0x00000000000041dc                clear_weak_mods
 .text.add_macro_mods
                0x00000000000041e2        0xc .build/obj_ym68_default/common/action_util.o
                0x00000000000041e2                add_macro_mods
 .text.del_macro_mods
                0x00000000000041ee        0xe .build/obj_ym68_default/common/action_util.o
                0x00000000000041ee                del_macro_mods
 .text.clear_macro_mods
                0x00000000000041fc        0x6 .build/obj_ym68_default/common/action_util.o
                0x00000000000041fc                clear_macro_mods
 .text.get_oneshot_mods
                0x0000000000004202        0x6 .build/obj_ym68_default/common/action_util.o
                0x0000000000004202                get_oneshot_mods
 .text.oneshot_mods_changed_user
                0x0000000000004208        0x2 .build/obj_ym68_default/common/action_util.o
                0x0000000000004208                oneshot_mods_changed_user
 .text.oneshot_mods_changed_kb
                0x000000000000420a        0x4 .build/obj_ym68_default/common/action_util.o
                0x000000000000420a                oneshot_mods_changed_kb
 .text.set_oneshot_mods
                0x000000000000420e       0x1a .build/obj_ym68_default/common/action_util.o
                0x000000000000420e                set_oneshot_mods
 .text.clear_oneshot_mods
                0x0000000000004228       0x14 .build/obj_ym68_default/common/action_util.o
                0x0000000000004228                clear_oneshot_mods
 .text.send_keyboard_report
                0x000000000000423c       0x66 .build/obj_ym68_default/common/action_util.o
                0x000000000000423c                send_keyboard_report
 .text.oneshot_layer_changed_user
                0x00000000000042a2        0x2 .build/obj_ym68_default/common/action_util.o
                0x00000000000042a2                oneshot_layer_changed_user
 .text.oneshot_layer_changed_kb
                0x00000000000042a4        0x4 .build/obj_ym68_default/common/action_util.o
                0x00000000000042a4                oneshot_layer_changed_kb
 .text.set_oneshot_layer
                0x00000000000042a8       0x2c .build/obj_ym68_default/common/action_util.o
                0x00000000000042a8                set_oneshot_layer
 .text.reset_oneshot_layer
                0x00000000000042d4        0xa .build/obj_ym68_default/common/action_util.o
                0x00000000000042d4                reset_oneshot_layer
 .text.clear_oneshot_layer_state
                0x00000000000042de       0x38 .build/obj_ym68_default/common/action_util.o
                0x00000000000042de                clear_oneshot_layer_state
 .text.sendchar
                0x0000000000004316        0x4 .build/obj_ym68_default/common/sendchar_null.o
                0x0000000000004316                sendchar
 .text.eeconfig_disable
                0x000000000000431a        0xc .build/obj_ym68_default/common/eeconfig.o
                0x000000000000431a                eeconfig_disable
 .text.eeconfig_is_enabled
                0x0000000000004326       0x16 .build/obj_ym68_default/common/eeconfig.o
                0x0000000000004326                eeconfig_is_enabled
 .text.eeconfig_read_debug
                0x000000000000433c        0x8 .build/obj_ym68_default/common/eeconfig.o
                0x000000000000433c                eeconfig_read_debug
 .text.eeconfig_read_default_layer
                0x0000000000004344        0x8 .build/obj_ym68_default/common/eeconfig.o
                0x0000000000004344                eeconfig_read_default_layer
 .text.eeconfig_read_keymap
                0x000000000000434c       0x1c .build/obj_ym68_default/common/eeconfig.o
                0x000000000000434c                eeconfig_read_keymap
 .text.eeconfig_update_keymap
                0x0000000000004368       0x1a .build/obj_ym68_default/common/eeconfig.o
                0x0000000000004368                eeconfig_update_keymap
 .text.eeconfig_update_kb
                0x0000000000004382        0xc .build/obj_ym68_default/common/eeconfig.o
                0x0000000000004382                eeconfig_update_kb
 .text.eeconfig_update_user
                0x000000000000438e        0xc .build/obj_ym68_default/common/eeconfig.o
                0x000000000000438e                eeconfig_update_user
 .text.eeconfig_init_user
                0x000000000000439a        0xa .build/obj_ym68_default/common/eeconfig.o
                0x000000000000439a                eeconfig_init_user
 .text.eeconfig_init_kb
                0x00000000000043a4        0xe .build/obj_ym68_default/common/eeconfig.o
                0x00000000000043a4                eeconfig_init_kb
 .text.eeconfig_init_quantum
                0x00000000000043b2       0xbe .build/obj_ym68_default/common/eeconfig.o
                0x00000000000043b2                eeconfig_init_quantum
 .text.eeconfig_init
                0x0000000000004470        0x4 .build/obj_ym68_default/common/eeconfig.o
                0x0000000000004470                eeconfig_init
 .text.eeconfig_update_handedness
                0x0000000000004474        0xa .build/obj_ym68_default/common/eeconfig.o
                0x0000000000004474                eeconfig_update_handedness
 .text.has_anykey
                0x000000000000447e       0x24 .build/obj_ym68_default/common/report.o
                0x000000000000447e                has_anykey
 .text.is_key_pressed
                0x00000000000044a2       0x1e .build/obj_ym68_default/common/report.o
                0x00000000000044a2                is_key_pressed
 .text.add_key_byte
                0x00000000000044c0       0x34 .build/obj_ym68_default/common/report.o
                0x00000000000044c0                add_key_byte
 .text.del_key_byte
                0x00000000000044f4       0x1a .build/obj_ym68_default/common/report.o
                0x00000000000044f4                del_key_byte
 .text.add_key_to_report
                0x000000000000450e        0x4 .build/obj_ym68_default/common/report.o
                0x000000000000450e                add_key_to_report
 .text.del_key_from_report
                0x0000000000004512        0x4 .build/obj_ym68_default/common/report.o
                0x0000000000004512                del_key_from_report
 .text.clear_keys_from_report
                0x0000000000004516        0xe .build/obj_ym68_default/common/report.o
                0x0000000000004516                clear_keys_from_report
 .text.matrix_power_up
                0x0000000000004524        0x2 .build/obj_ym68_default/common/avr/suspend.o
                0x0000000000004524                matrix_power_up
 .text.suspend_power_down_user
                0x0000000000004526        0x2 .build/obj_ym68_default/common/avr/suspend.o
                0x0000000000004526                suspend_power_down_user
 .text.suspend_power_down_kb
                0x0000000000004528        0x4 .build/obj_ym68_default/common/avr/suspend.o
                0x0000000000004528                suspend_power_down_kb
 .text.suspend_power_down
                0x000000000000452c       0x68 .build/obj_ym68_default/common/avr/suspend.o
                0x000000000000452c                suspend_power_down
 .text.matrix_power_down
                0x0000000000004594        0x2 .build/obj_ym68_default/common/avr/suspend.o
                0x0000000000004594                matrix_power_down
 .text.suspend_wakeup_condition
                0x0000000000004596       0x2a .build/obj_ym68_default/common/avr/suspend.o
                0x0000000000004596                suspend_wakeup_condition
 .text.suspend_wakeup_init_user
                0x00000000000045c0        0x2 .build/obj_ym68_default/common/avr/suspend.o
                0x00000000000045c0                suspend_wakeup_init_user
 .text.suspend_wakeup_init_kb
                0x00000000000045c2        0x4 .build/obj_ym68_default/common/avr/suspend.o
                0x00000000000045c2                suspend_wakeup_init_kb
 .text.suspend_wakeup_init
                0x00000000000045c6       0x18 .build/obj_ym68_default/common/avr/suspend.o
                0x00000000000045c6                suspend_wakeup_init
 .text.__vector_12
                0x00000000000045de       0x4e .build/obj_ym68_default/common/avr/suspend.o
                0x00000000000045de                __vector_12
 .text.timer_init
                0x000000000000462c       0x12 .build/obj_ym68_default/common/avr/timer.o
                0x000000000000462c                timer_init
 .text.timer_read
                0x000000000000463e       0x18 .build/obj_ym68_default/common/avr/timer.o
                0x000000000000463e                timer_read
 .text.timer_read32
                0x0000000000004656       0x18 .build/obj_ym68_default/common/avr/timer.o
                0x0000000000004656                timer_read32
 .text.timer_elapsed
                0x000000000000466e       0x1e .build/obj_ym68_default/common/avr/timer.o
                0x000000000000466e                timer_elapsed
 .text.__vector_21
                0x000000000000468c       0x48 .build/obj_ym68_default/common/avr/timer.o
                0x000000000000468c                __vector_21
 .text.bootloader_jump
                0x00000000000046d4       0x48 .build/obj_ym68_default/common/avr/bootloader.o
                0x00000000000046d4                bootloader_jump
 .text.print_set_sendchar
                0x000000000000471c        0xa .build/obj_ym68_default/common/avr/printf.o
                0x000000000000471c                print_set_sendchar
 .text.keyboard_leds
                0x0000000000004726        0x6 .build/obj_ym68_default/lufa.o
 .text.send_extra
                0x000000000000472c       0x66 .build/obj_ym68_default/lufa.o
 .text.send_consumer
                0x0000000000004792        0x8 .build/obj_ym68_default/lufa.o
 .text.send_system
                0x000000000000479a        0x8 .build/obj_ym68_default/lufa.o
 .text.send_mouse
                0x00000000000047a2       0x42 .build/obj_ym68_default/lufa.o
 .text.send_keyboard
                0x00000000000047e4       0x5a .build/obj_ym68_default/lufa.o
 .text.EVENT_USB_Device_Connect
                0x000000000000483e       0x1c .build/obj_ym68_default/lufa.o
                0x000000000000483e                EVENT_USB_Device_Connect
 .text.EVENT_USB_Device_Disconnect
                0x000000000000485a        0x6 .build/obj_ym68_default/lufa.o
                0x000000000000485a                EVENT_USB_Device_Disconnect
 .text.EVENT_USB_Device_Reset
                0x0000000000004860        0x2 .build/obj_ym68_default/lufa.o
                0x0000000000004860                EVENT_USB_Device_Reset
 .text.EVENT_USB_Device_Suspend
                0x0000000000004862        0x2 .build/obj_ym68_default/lufa.o
                0x0000000000004862                EVENT_USB_Device_Suspend
 .text.EVENT_USB_Device_WakeUp
                0x0000000000004864        0x2 .build/obj_ym68_default/lufa.o
                0x0000000000004864                EVENT_USB_Device_WakeUp
 .text.EVENT_USB_Device_ConfigurationChanged
                0x0000000000004866       0x14 .build/obj_ym68_default/lufa.o
                0x0000000000004866                EVENT_USB_Device_ConfigurationChanged
 .text.EVENT_USB_Device_ControlRequest
                0x000000000000487a      0x16e .build/obj_ym68_default/lufa.o
                0x000000000000487a                EVENT_USB_Device_ControlRequest
 .text.startup.main
                0x00000000000049e8       0x92 .build/obj_ym68_default/lufa.o
                0x00000000000049e8                main
 .text.CALLBACK_USB_GetDescriptor
                0x0000000000004a7a        0x4 .build/obj_ym68_default/lufa.o
                0x0000000000004a7a                CALLBACK_USB_GetDescriptor
 .text.get_usb_descriptor
                0x0000000000004a7e       0xb0 .build/obj_ym68_default/usb_descriptor.o
                0x0000000000004a7e                get_usb_descriptor
 .text.USB_Device_SendRemoteWakeup
                0x0000000000004b2e       0x2c .build/obj_ym68_default/lib/lufa/LUFA/Drivers/USB/Core/AVR8/Device_AVR8.o
                0x0000000000004b2e                USB_Device_SendRemoteWakeup
 .text.Endpoint_Write_Stream_LE
                0x0000000000004b5a       0x9e .build/obj_ym68_default/lib/lufa/LUFA/Drivers/USB/Core/AVR8/EndpointStream_AVR8.o
                0x0000000000004b5a                Endpoint_Write_Stream_LE
 .text.Endpoint_Write_Control_Stream_LE
                0x0000000000004bf8       0xbc .build/obj_ym68_default/lib/lufa/LUFA/Drivers/USB/Core/AVR8/EndpointStream_AVR8.o
                0x0000000000004bf8                Endpoint_Write_Control_Stream_LE
 .text.Endpoint_Write_Control_PStream_LE
                0x0000000000004cb4       0xbe .build/obj_ym68_default/lib/lufa/LUFA/Drivers/USB/Core/AVR8/EndpointStream_AVR8.o
                0x0000000000004cb4                Endpoint_Write_Control_PStream_LE
 .text.Endpoint_ConfigureEndpoint_Prv
                0x0000000000004d72       0x68 .build/obj_ym68_default/lib/lufa/LUFA/Drivers/USB/Core/AVR8/Endpoint_AVR8.o
                0x0000000000004d72                Endpoint_ConfigureEndpoint_Prv
 .text.Endpoint_ClearStatusStage
                0x0000000000004dda       0x3e .build/obj_ym68_default/lib/lufa/LUFA/Drivers/USB/Core/AVR8/Endpoint_AVR8.o
                0x0000000000004dda                Endpoint_ClearStatusStage
 .text.Endpoint_WaitUntilReady
                0x0000000000004e18       0x62 .build/obj_ym68_default/lib/lufa/LUFA/Drivers/USB/Core/AVR8/Endpoint_AVR8.o
                0x0000000000004e18                Endpoint_WaitUntilReady
 .text.USB_Disable
                0x0000000000004e7a       0x34 .build/obj_ym68_default/lib/lufa/LUFA/Drivers/USB/Core/AVR8/USBController_AVR8.o
                0x0000000000004e7a                USB_Disable
 .text.USB_ResetInterface
                0x0000000000004eae       0x86 .build/obj_ym68_default/lib/lufa/LUFA/Drivers/USB/Core/AVR8/USBController_AVR8.o
                0x0000000000004eae                USB_ResetInterface
 .text.USB_Init
                0x0000000000004f34       0x22 .build/obj_ym68_default/lib/lufa/LUFA/Drivers/USB/Core/AVR8/USBController_AVR8.o
                0x0000000000004f34                USB_Init
 .text.USB_INT_DisableAllInterrupts
                0x0000000000004f56       0x10 .build/obj_ym68_default/lib/lufa/LUFA/Drivers/USB/Core/AVR8/USBInterrupt_AVR8.o
                0x0000000000004f56                USB_INT_DisableAllInterrupts
 .text.USB_INT_ClearAllInterrupts
                0x0000000000004f66        0xa .build/obj_ym68_default/lib/lufa/LUFA/Drivers/USB/Core/AVR8/USBInterrupt_AVR8.o
                0x0000000000004f66                USB_INT_ClearAllInterrupts
 .text.__vector_10
                0x0000000000004f70      0x1a8 .build/obj_ym68_default/lib/lufa/LUFA/Drivers/USB/Core/AVR8/USBInterrupt_AVR8.o
                0x0000000000004f70                __vector_10
 .text.__vector_11
                0x0000000000005118       0x88 .build/obj_ym68_default/lib/lufa/LUFA/Drivers/USB/Core/AVR8/USBInterrupt_AVR8.o
                0x0000000000005118                __vector_11
 .text.USB_Device_ProcessControlRequest
                0x00000000000051a0      0x2a4 .build/obj_ym68_default/lib/lufa/LUFA/Drivers/USB/Core/DeviceStandardReq.o
                0x00000000000051a0                USB_Device_ProcessControlRequest
 .text.USB_Event_Stub
                0x0000000000005444        0x2 .build/obj_ym68_default/lib/lufa/LUFA/Drivers/USB/Core/Events.o
                0x0000000000005444                EVENT_USB_Device_StartOfFrame
                0x0000000000005444                USB_Event_Stub
 .text.USB_USBTask
                0x0000000000005446       0x36 .build/obj_ym68_default/lib/lufa/LUFA/Drivers/USB/Core/USBTask.o
                0x0000000000005446                USB_USBTask
 .text.libgcc.mul
                0x000000000000547c       0x20 e:/game/msys2/mingw64/bin/../lib/gcc/avr/8.4.0/avr5\libgcc.a(_mulsi3.o)
                0x000000000000547c                __mulsi3
 .text.libgcc.div
                0x000000000000549c       0x18 e:/game/msys2/mingw64/bin/../lib/gcc/avr/8.4.0/avr5\libgcc.a(_udivmodqi4.o)
                0x000000000000549c                __udivmodqi4
 .text.libgcc.div
                0x00000000000054b4       0x1c e:/game/msys2/mingw64/bin/../lib/gcc/avr/8.4.0/avr5\libgcc.a(_divmodqi4.o)
                0x00000000000054b4                __divmodqi4
 .text.libgcc.div
                0x00000000000054d0       0x28 e:/game/msys2/mingw64/bin/../lib/gcc/avr/8.4.0/avr5\libgcc.a(_udivmodhi4.o)
                0x00000000000054d0                __udivmodhi4
 .text.libgcc.div
                0x00000000000054f8       0x28 e:/game/msys2/mingw64/bin/../lib/gcc/avr/8.4.0/avr5\libgcc.a(_divmodhi4.o)
                0x00000000000054f8                _div
                0x00000000000054f8                __divmodhi4
 .text.libgcc.div
                0x0000000000005520       0x44 e:/game/msys2/mingw64/bin/../lib/gcc/avr/8.4.0/avr5\libgcc.a(_udivmodsi4.o)
                0x0000000000005520                __udivmodsi4
 .text.libgcc   0x0000000000005564        0xc e:/game/msys2/mingw64/bin/../lib/gcc/avr/8.4.0/avr5\libgcc.a(_tablejump2.o)
                0x0000000000005564                __tablejump2__
 .text.libgcc.mul
                0x0000000000005570       0x10 e:/game/msys2/mingw64/bin/../lib/gcc/avr/8.4.0/avr5\libgcc.a(_mulhisi3.o)
                0x0000000000005570                __mulhisi3
 .text.libgcc.mul
                0x0000000000005580       0x1e e:/game/msys2/mingw64/bin/../lib/gcc/avr/8.4.0/avr5\libgcc.a(_umulhisi3.o)
                0x0000000000005580                __umulhisi3
 .text.libgcc.mul
                0x000000000000559e        0xe e:/game/msys2/mingw64/bin/../lib/gcc/avr/8.4.0/avr5\libgcc.a(_usmulhisi3.o)
                0x000000000000559e                __usmulhisi3
                0x00000000000055a2                __usmulhisi3_tail
 .text.libgcc.mul
                0x00000000000055ac       0x16 e:/game/msys2/mingw64/bin/../lib/gcc/avr/8.4.0/avr5\libgcc.a(_muluhisi3.o)
                0x00000000000055ac                __muluhisi3
 .text.libgcc.mul
                0x00000000000055c2       0x10 e:/game/msys2/mingw64/bin/../lib/gcc/avr/8.4.0/avr5\libgcc.a(_mulshisi3.o)
                0x00000000000055c2                __mulshisi3
                0x00000000000055c8                __mulohisi3
 .text.avr-libc
                0x00000000000055d2       0xb8 e:/game/msys2/mingw64/bin/../lib/gcc/avr/8.4.0/../../../../avr/lib/avr5\libc.a(rand.o)
                0x0000000000005664                rand_r
                0x000000000000566a                rand
                0x0000000000005674                srand
 .text.avr-libc
                0x000000000000568a       0x1a e:/game/msys2/mingw64/bin/../lib/gcc/avr/8.4.0/../../../../avr/lib/avr5\libc.a(memchr.o)
                0x000000000000568a                memchr
 .text.avr-libc
                0x00000000000056a4       0x10 e:/game/msys2/mingw64/bin/../lib/gcc/avr/8.4.0/../../../../avr/lib/avr5\libatmega32u4.a(eerd_byte.o)
                0x00000000000056a4                eeprom_read_byte
 .text.avr-libc
                0x00000000000056b4        0xc e:/game/msys2/mingw64/bin/../lib/gcc/avr/8.4.0/../../../../avr/lib/avr5\libatmega32u4.a(eerd_dword.o)
                0x00000000000056b4                eeprom_read_float
                0x00000000000056b4                eeprom_read_dword
 .text.avr-libc
                0x00000000000056c0        0xc e:/game/msys2/mingw64/bin/../lib/gcc/avr/8.4.0/../../../../avr/lib/avr5\libatmega32u4.a(eerd_word.o)
                0x00000000000056c0                eeprom_read_word
 .text.avr-libc
                0x00000000000056cc       0x24 e:/game/msys2/mingw64/bin/../lib/gcc/avr/8.4.0/../../../../avr/lib/avr5\libatmega32u4.a(eeupd_byte.o)
                0x00000000000056cc                eeprom_update_byte
                0x00000000000056ce                eeprom_update_r18
 .text.avr-libc
                0x00000000000056f0       0x18 e:/game/msys2/mingw64/bin/../lib/gcc/avr/8.4.0/../../../../avr/lib/avr5\libatmega32u4.a(eeupd_dword.o)
                0x00000000000056f0                eeprom_update_float
                0x00000000000056f0                eeprom_update_dword
 .text.avr-libc
                0x0000000000005708        0xc e:/game/msys2/mingw64/bin/../lib/gcc/avr/8.4.0/../../../../avr/lib/avr5\libatmega32u4.a(eeupd_word.o)
                0x0000000000005708                eeprom_update_word
 .text.avr-libc
                0x0000000000005714       0x20 e:/game/msys2/mingw64/bin/../lib/gcc/avr/8.4.0/../../../../avr/lib/avr5\libatmega32u4.a(eerd_block.o)
                0x0000000000005714                eeprom_read_block
                0x0000000000005718                eeprom_read_blraw
 .text.libgcc.div
                0x0000000000005734       0x2e e:/game/msys2/mingw64/bin/../lib/gcc/avr/8.4.0/avr5\libgcc.a(_divmodsi4.o)
                0x0000000000005734                __divmodsi4
 .text.libgcc.div
                0x0000000000005762       0x10 e:/game/msys2/mingw64/bin/../lib/gcc/avr/8.4.0/avr5\libgcc.a(_negsi2.o)
                0x0000000000005762                __negsi2
                0x0000000000005772                . = ALIGN (0x2)
 *(.fini9)
 .fini9         0x0000000000005772        0x0 e:/game/msys2/mingw64/bin/../lib/gcc/avr/8.4.0/avr5\libgcc.a(_exit.o)
                0x0000000000005772                _exit
                0x0000000000005772                exit
 *(.fini9)
 *(.fini8)
 *(.fini8)
 *(.fini7)
 *(.fini7)
 *(.fini6)
 *(.fini6)
 *(.fini5)
 *(.fini5)
 *(.fini4)
 *(.fini4)
 *(.fini3)
 *(.fini3)
 *(.fini2)
 *(.fini2)
 *(.fini1)
 *(.fini1)
 *(.fini0)
 .fini0         0x0000000000005772        0x4 e:/game/msys2/mingw64/bin/../lib/gcc/avr/8.4.0/avr5\libgcc.a(_exit.o)
 *(.fini0)
 *(.hightext)
 *(.hightext*)
 *(.progmemx.*)
                0x0000000000005776                . = ALIGN (0x2)
 *(.jumptables)
 *(.jumptables*)
 .jumptables.gcc.process_backlight
                0x0000000000005776        0xe .build/obj_ym68_default/quantum/process_keycode/process_backlight.o
 .jumptables.gcc.process_action
                0x0000000000005784       0x20 .build/obj_ym68_default/common/action.o
 .jumptables.gcc.is_tap_action
                0x00000000000057a4       0x1c .build/obj_ym68_default/common/action.o
 .jumptables.gcc.USB_Device_ProcessControlRequest
                0x00000000000057c0       0x14 .build/obj_ym68_default/lib/lufa/LUFA/Drivers/USB/Core/DeviceStandardReq.o
                0x00000000000057d4                _etext = .

.data           0x0000000000800100       0xce load address 0x00000000000057d4
                0x0000000000800100                PROVIDE (__data_start = .)
 *(.data)
 .data          0x0000000000800100        0x4 e:/game/msys2/mingw64/bin/../lib/gcc/avr/8.4.0/../../../../avr/lib/avr5\libc.a(rand.o)
 *(.data*)
 .data.mk_wheel_time_to_max
                0x0000000000800104        0x1 .build/obj_ym68_default/quantum/mousekey.o
                0x0000000000800104                mk_wheel_time_to_max
 .data.mk_wheel_max_speed
                0x0000000000800105        0x1 .build/obj_ym68_default/quantum/mousekey.o
                0x0000000000800105                mk_wheel_max_speed
 .data.mk_wheel_interval
                0x0000000000800106        0x1 .build/obj_ym68_default/quantum/mousekey.o
                0x0000000000800106                mk_wheel_interval
 .data.mk_wheel_delay
                0x0000000000800107        0x1 .build/obj_ym68_default/quantum/mousekey.o
                0x0000000000800107                mk_wheel_delay
 .data.mk_time_to_max
                0x0000000000800108        0x1 .build/obj_ym68_default/quantum/mousekey.o
                0x0000000000800108                mk_time_to_max
 .data.mk_max_speed
                0x0000000000800109        0x1 .build/obj_ym68_default/quantum/mousekey.o
                0x0000000000800109                mk_max_speed
 .data.mk_interval
                0x000000000080010a        0x1 .build/obj_ym68_default/quantum/mousekey.o
                0x000000000080010a                mk_interval
 .data.mk_delay
                0x000000000080010b        0x1 .build/obj_ym68_default/quantum/mousekey.o
                0x000000000080010b                mk_delay
 .data.increment.3462
                0x000000000080010c        0x1 .build/obj_ym68_default/quantum/rgblight.o
 .data.increment.3450
                0x000000000080010d        0x1 .build/obj_ym68_default/quantum/rgblight.o
 .data.high_bound.3449
                0x000000000080010e        0x1 .build/obj_ym68_default/quantum/rgblight.o
 .data.rgblight_ranges
                0x000000000080010f        0x5 .build/obj_ym68_default/quantum/rgblight.o
                0x000000000080010f                rgblight_ranges
 .data.static_effect_table
                0x0000000000800114        0xb .build/obj_ym68_default/quantum/rgblight.o
 .data.breathing_period
                0x000000000080011f        0x1 .build/obj_ym68_default/quantum/backlight/backlight.o
 .data.keyboard_report
                0x0000000000800120        0x2 .build/obj_ym68_default/common/action_util.o
                0x0000000000800120                keyboard_report
 .data.lufa_driver
                0x0000000000800122        0xa .build/obj_ym68_default/lufa.o
                0x0000000000800122                lufa_driver
 .data.keyboard_protocol
                0x000000000080012c        0x1 .build/obj_ym68_default/lufa.o
                0x000000000080012c                keyboard_protocol
 *(.gnu.linkonce.d*)
 *(.rodata)
 *(.rodata*)
 .rodata.CSWTCH.1
                0x000000000080012d       0x2e .build/obj_ym68_default/quantum/keymap_common.o
 .rodata.CSWTCH.0
                0x000000000080015b        0x3 .build/obj_ym68_default/quantum/keymap_common.o
 .rodata.col_pins
                0x000000000080015e        0xf .build/obj_ym68_default/quantum/matrix.o
 .rodata.row_pins
                0x000000000080016d        0x5 .build/obj_ym68_default/quantum/matrix.o
 .rodata.mode_base_table
                0x0000000000800172       0x2b .build/obj_ym68_default/quantum/rgblight.o
 .rodata.CSWTCH.12
                0x000000000080019d       0x2e .build/obj_ym68_default/common/action.o
 .rodata.CSWTCH.11
                0x00000000008001cb        0x3 .build/obj_ym68_default/common/action.o
 *(.gnu.linkonce.r*)
                0x00000000008001ce                . = ALIGN (0x2)
                0x00000000008001ce                _edata = .
                0x00000000008001ce                PROVIDE (__data_end = .)

.bss            0x00000000008001ce      0x199
                0x00000000008001ce                PROVIDE (__bss_start = .)
 *(.bss)
 .bss           0x00000000008001ce        0x2 .build/obj_ym68_default/common/avr/xprintf.o
                0x00000000008001ce                xfunc_out
 *(.bss*)
 .bss.debouncing_time
                0x00000000008001d0        0x2 .build/obj_ym68_default/quantum/debounce/sym_defer_g.o
 .bss.debouncing
                0x00000000008001d2        0x1 .build/obj_ym68_default/quantum/debounce/sym_defer_g.o
 .bss.last_timer_w
                0x00000000008001d3        0x2 .build/obj_ym68_default/quantum/mousekey.o
 .bss.last_timer_c
                0x00000000008001d5        0x2 .build/obj_ym68_default/quantum/mousekey.o
 .bss.mousekey_wheel_repeat
                0x00000000008001d7        0x1 .build/obj_ym68_default/quantum/mousekey.o
 .bss.mousekey_repeat
                0x00000000008001d8        0x1 .build/obj_ym68_default/quantum/mousekey.o
 .bss.mousekey_accel
                0x00000000008001d9        0x1 .build/obj_ym68_default/quantum/mousekey.o
 .bss.mouse_report
                0x00000000008001da        0x6 .build/obj_ym68_default/quantum/mousekey.o
 .bss.maxval.3477
                0x00000000008001e0        0x1 .build/obj_ym68_default/quantum/rgblight.o
 .bss.low_bound.3448
                0x00000000008001e1        0x1 .build/obj_ym68_default/quantum/rgblight.o
 .bss.pos.3432  0x00000000008001e2        0x1 .build/obj_ym68_default/quantum/rgblight.o
 .bss.led_twinkle_state
                0x00000000008001e3       0x64 .build/obj_ym68_default/quantum/rgblight.o
 .bss.animation_status
                0x0000000000800247        0x6 .build/obj_ym68_default/quantum/rgblight.o
                0x0000000000800247                animation_status
 .bss.pre_suspend_enabled
                0x000000000080024d        0x1 .build/obj_ym68_default/quantum/rgblight.o
 .bss.is_suspended
                0x000000000080024e        0x1 .build/obj_ym68_default/quantum/rgblight.o
 .bss.is_rgblight_initialized
                0x000000000080024f        0x1 .build/obj_ym68_default/quantum/rgblight.o
                0x000000000080024f                is_rgblight_initialized
 .bss.rgblight_status
                0x0000000000800250        0x2 .build/obj_ym68_default/quantum/rgblight.o
                0x0000000000800250                rgblight_status
 .bss.breathing_counter
                0x0000000000800252        0x2 .build/obj_ym68_default/quantum/backlight/backlight_avr.o
 .bss.breathing_halt
                0x0000000000800254        0x1 .build/obj_ym68_default/quantum/backlight/backlight_avr.o
 .bss.sc_timer  0x0000000000800255        0x2 .build/obj_ym68_default/quantum/process_keycode/process_space_cadet.o
 .bss.sc_last   0x0000000000800257        0x1 .build/obj_ym68_default/quantum/process_keycode/process_space_cadet.o
 .bss.grave_esc_was_shifted
                0x0000000000800258        0x1 .build/obj_ym68_default/quantum/process_keycode/process_grave_esc.o
 .bss.last_consumer_report
                0x0000000000800259        0x2 .build/obj_ym68_default/common/host.o
 .bss.last_system_report
                0x000000000080025b        0x2 .build/obj_ym68_default/common/host.o
 .bss.driver    0x000000000080025d        0x2 .build/obj_ym68_default/common/host.o
 .bss.led_status.3626
                0x000000000080025f        0x1 .build/obj_ym68_default/common/keyboard.o
 .bss.matrix_prev.3625
                0x0000000000800260        0xa .build/obj_ym68_default/common/keyboard.o
 .bss.last_matrix_modification_time
                0x000000000080026a        0x4 .build/obj_ym68_default/common/keyboard.o
 .bss.last_input_modification_time
                0x000000000080026e        0x4 .build/obj_ym68_default/common/keyboard.o
 .bss.disable_action_cache
                0x0000000000800272        0x1 .build/obj_ym68_default/common/action.o
                0x0000000000800272                disable_action_cache
 .bss.waiting_buffer_tail
                0x0000000000800273        0x1 .build/obj_ym68_default/common/action_tapping.o
 .bss.waiting_buffer_head
                0x0000000000800274        0x1 .build/obj_ym68_default/common/action_tapping.o
 .bss.waiting_buffer
                0x0000000000800275       0x30 .build/obj_ym68_default/common/action_tapping.o
 .bss.tapping_key
                0x00000000008002a5        0x6 .build/obj_ym68_default/common/action_tapping.o
 .bss.source_layers_cache
                0x00000000008002ab       0x32 .build/obj_ym68_default/common/action_layer.o
                0x00000000008002ab                source_layers_cache
 .bss.layer_state
                0x00000000008002dd        0x4 .build/obj_ym68_default/common/action_layer.o
                0x00000000008002dd                layer_state
 .bss.default_layer_state
                0x00000000008002e1        0x4 .build/obj_ym68_default/common/action_layer.o
                0x00000000008002e1                default_layer_state
 .bss.oneshot_layer_data
                0x00000000008002e5        0x1 .build/obj_ym68_default/common/action_util.o
 .bss.oneshot_mods
                0x00000000008002e6        0x1 .build/obj_ym68_default/common/action_util.o
 .bss.__compound_literal.0
                0x00000000008002e7        0x8 .build/obj_ym68_default/common/action_util.o
 .bss.macro_mods
                0x00000000008002ef        0x1 .build/obj_ym68_default/common/action_util.o
 .bss.weak_mods
                0x00000000008002f0        0x1 .build/obj_ym68_default/common/action_util.o
 .bss.real_mods
                0x00000000008002f1        0x1 .build/obj_ym68_default/common/action_util.o
 .bss.debug_config
                0x00000000008002f2        0x1 .build/obj_ym68_default/common/debug.o
                0x00000000008002f2                debug_config
 .bss.wdt_timeout
                0x00000000008002f3        0x1 .build/obj_ym68_default/common/avr/suspend.o
 .bss.keyboard_report_sent
                0x00000000008002f4        0x8 .build/obj_ym68_default/lufa.o
 .bss.keyboard_led_state
                0x00000000008002fc        0x1 .build/obj_ym68_default/lufa.o
 .bss.keyboard_idle
                0x00000000008002fd        0x1 .build/obj_ym68_default/lufa.o
                0x00000000008002fd                keyboard_idle
 *(COMMON)
 COMMON         0x00000000008002fe        0x2 .build/obj_ym68_default/quantum/bootmagic/magic.o
                0x00000000008002fe                keymap_config
 COMMON         0x0000000000800300       0x14 .build/obj_ym68_default/quantum/matrix_common.o
                0x0000000000800300                raw_matrix
                0x000000000080030a                matrix
 COMMON         0x0000000000800314       0x41 .build/obj_ym68_default/quantum/rgblight.o
                0x0000000000800314                rgblight_config
                0x0000000000800319                led
 COMMON         0x0000000000800355        0x1 .build/obj_ym68_default/quantum/backlight/backlight.o
                0x0000000000800355                backlight_config
 COMMON         0x0000000000800356        0x4 .build/obj_ym68_default/common/avr/timer.o
                0x0000000000800356                timer_count
 COMMON         0x000000000080035a        0x3 .build/obj_ym68_default/lib/lufa/LUFA/Drivers/USB/Core/DeviceStandardReq.o
                0x000000000080035a                USB_Device_ConfigurationNumber
                0x000000000080035b                USB_Device_CurrentlySelfPowered
                0x000000000080035c                USB_Device_RemoteWakeupEnabled
 COMMON         0x000000000080035d        0xa .build/obj_ym68_default/lib/lufa/LUFA/Drivers/USB/Core/USBTask.o
                0x000000000080035d                USB_IsInitialized
                0x000000000080035e                USB_DeviceState
                0x000000000080035f                USB_ControlRequest
                0x0000000000800367                PROVIDE (__bss_end = .)
                0x00000000000057d4                __data_load_start = LOADADDR (.data)
                0x00000000000058a2                __data_load_end = (__data_load_start + SIZEOF (.data))

.noinit         0x0000000000800367        0x4
                [!provide]                        PROVIDE (__noinit_start = .)
 *(.noinit*)
 .noinit        0x0000000000800367        0x4 .build/obj_ym68_default/common/avr/bootloader.o
                0x0000000000800367                reset_key
                [!provide]                        PROVIDE (__noinit_end = .)
                0x000000000080036b                _end = .
                [!provide]                        PROVIDE (__heap_start = .)

.eeprom         0x0000000000810000        0x0
 *(.eeprom*)
                0x0000000000810000                __eeprom_end = .

.fuse
 *(.fuse)
 *(.lfuse)
 *(.hfuse)
 *(.efuse)

.lock
 *(.lock*)

.signature
 *(.signature*)

.stab           0x0000000000000000       0x24
 *(.stab)
 .stab          0x0000000000000000       0x24 .build/obj_ym68_default/common/avr/xprintf.o
                                        0x8b8 (size before relaxing)

.stabstr        0x0000000000000000       0x8c
 *(.stabstr)
 .stabstr       0x0000000000000000       0x8c .build/obj_ym68_default/common/avr/xprintf.o

.stab.excl
 *(.stab.excl)

.stab.exclstr
 *(.stab.exclstr)

.stab.index
 *(.stab.index)

.stab.indexstr
 *(.stab.indexstr)

.comment        0x0000000000000000       0x11
 *(.comment)
 .comment       0x0000000000000000       0x11 .build/obj_ym68_default/keyboards/ym68/keymaps/default/keymap.o
                                         0x12 (size before relaxing)
 .comment       0x0000000000000011       0x12 .build/obj_ym68_default/quantum/quantum.o
 .comment       0x0000000000000011       0x12 .build/obj_ym68_default/quantum/led.o
 .comment       0x0000000000000011       0x12 .build/obj_ym68_default/quantum/keymap_common.o
 .comment       0x0000000000000011       0x12 .build/obj_ym68_default/quantum/keycode_config.o
 .comment       0x0000000000000011       0x12 .build/obj_ym68_default/quantum/bootmagic/bootmagic_lite.o
 .comment       0x0000000000000011       0x12 .build/obj_ym68_default/quantum/bootmagic/magic.o
 .comment       0x0000000000000011       0x12 .build/obj_ym68_default/quantum/matrix_common.o
 .comment       0x0000000000000011       0x12 .build/obj_ym68_default/quantum/matrix.o
 .comment       0x0000000000000011       0x12 .build/obj_ym68_default/quantum/debounce/sym_defer_g.o
 .comment       0x0000000000000011       0x12 .build/obj_ym68_default/quantum/mousekey.o